Archive member included because of file (symbol)

E:\qp\qpc/ports/win32/dbg/libqp.a(qf_ps.o)
                              dbg/main.o (QF_psInit)
E:\qp\qpc/ports/win32/dbg/libqp.a(qf_port.o)
                              dbg/main.o (QF_init)
E:\qp\qpc/ports/win32/dbg/libqp.a(qf_time.o)
                              dbg/bsp.o (QF_tickX_)
E:\qp\qpc/ports/win32/dbg/libqp.a(qwin_gui.o)
                              dbg/bsp.o (CreateCustDialog)
E:\qp\qpc/ports/win32/dbg/libqp.a(qf_dyn.o)
                              dbg/main.o (QF_poolInit)
E:\qp\qpc/ports/win32/dbg/libqp.a(qep_hsm.o)
                              dbg/mine1.o (QHsm_top)
E:\qp\qpc/ports/win32/dbg/libqp.a(qf_qact.o)
                              dbg/missile.o (QActive_ctor)
E:\qp\qpc/ports/win32/dbg/libqp.a(qf_act.o)
                              E:\qp\qpc/ports/win32/dbg/libqp.a(qf_port.o) (QF_add_)
E:\qp\qpc/ports/win32/dbg/libqp.a(qf_actq.o)
                              E:\qp\qpc/ports/win32/dbg/libqp.a(qf_qact.o) (QActive_post_)
E:\qp\qpc/ports/win32/dbg/libqp.a(qf_qeq.o)
                              E:\qp\qpc/ports/win32/dbg/libqp.a(qf_port.o) (QEQueue_init)
E:\qp\qpc/ports/win32/dbg/libqp.a(qf_mem.o)
                              E:\qp\qpc/ports/win32/dbg/libqp.a(qf_dyn.o) (QMPool_init)
e:/qp/qtools/bin/../lib/gcc/mingw32/4.5.2/../../../libmingw32.a(tlssup.o)
                              e:/qp/qtools/bin/../lib/gcc/mingw32/4.5.2/../../../crt2.o (__dyn_tls_init_callback)
e:/qp/qtools/bin/../lib/gcc/mingw32/4.5.2/../../../libmingw32.a(CRTglob.o)
                              e:/qp/qtools/bin/../lib/gcc/mingw32/4.5.2/../../../crt2.o (_CRT_glob)
e:/qp/qtools/bin/../lib/gcc/mingw32/4.5.2/../../../libmingw32.a(CRTfmode.o)
                              e:/qp/qtools/bin/../lib/gcc/mingw32/4.5.2/../../../crt2.o (_CRT_fmode)
e:/qp/qtools/bin/../lib/gcc/mingw32/4.5.2/../../../libmingw32.a(txtmode.o)
                              e:/qp/qtools/bin/../lib/gcc/mingw32/4.5.2/../../../crt2.o (_fmode)
e:/qp/qtools/bin/../lib/gcc/mingw32/4.5.2/../../../libmingw32.a(cpu_features.o)
                              e:/qp/qtools/bin/../lib/gcc/mingw32/4.5.2/../../../crt2.o (__cpu_features_init)
e:/qp/qtools/bin/../lib/gcc/mingw32/4.5.2/../../../libmingw32.a(CRT_fp10.o)
                              e:/qp/qtools/bin/../lib/gcc/mingw32/4.5.2/../../../crt2.o (_fpreset)
e:/qp/qtools/bin/../lib/gcc/mingw32/4.5.2/../../../libmingw32.a(pseudo-reloc.o)
                              e:/qp/qtools/bin/../lib/gcc/mingw32/4.5.2/../../../crt2.o (_pei386_runtime_relocator)
e:/qp/qtools/bin/../lib/gcc/mingw32/4.5.2/../../../libmingw32.a(gccmain.o)
                              e:/qp/qtools/bin/../lib/gcc/mingw32/4.5.2/../../../crt2.o (__main)
e:/qp/qtools/bin/../lib/gcc/mingw32/4.5.2/../../../libmingw32.a(main.o)
                              e:/qp/qtools/bin/../lib/gcc/mingw32/4.5.2/../../../crt2.o (main)
e:/qp/qtools/bin/../lib/gcc/mingw32/4.5.2/../../../libmingw32.a(crtst.o)
                              e:/qp/qtools/bin/../lib/gcc/mingw32/4.5.2/../../../libmingw32.a(tlssup.o) (_CRT_MT)
e:/qp/qtools/bin/../lib/gcc/mingw32/4.5.2/../../../libmingw32.a(tlsthrd.o)
                              e:/qp/qtools/bin/../lib/gcc/mingw32/4.5.2/../../../libmingw32.a(tlssup.o) (__mingw_TLScallback)
e:/qp/qtools/bin/../lib/gcc/mingw32/4.5.2/../../../libmingw32.a(pseudo-reloc-list.o)
                              e:/qp/qtools/bin/../lib/gcc/mingw32/4.5.2/../../../libmingw32.a(pseudo-reloc.o) (__RUNTIME_PSEUDO_RELOC_LIST_END__)
e:/qp/qtools/bin/../lib/gcc/mingw32/4.5.2/libgcc.a(_ctors.o)
                              e:/qp/qtools/bin/../lib/gcc/mingw32/4.5.2/../../../libmingw32.a(gccmain.o) (__CTOR_LIST__)
e:/qp/qtools/bin/../lib/gcc/mingw32/4.5.2/../../../libmingwex.a(snprintf.o)
                              dbg/bsp.o (snprintf)
e:/qp/qtools/bin/../lib/gcc/mingw32/4.5.2/../../../libmingwex.a(vsnprintf.o)
                              e:/qp/qtools/bin/../lib/gcc/mingw32/4.5.2/../../../libmingwex.a(snprintf.o) (__mingw_vsnprintf)
e:/qp/qtools/bin/../lib/gcc/mingw32/4.5.2/../../../libmingwex.a(pformat.o)
                              e:/qp/qtools/bin/../lib/gcc/mingw32/4.5.2/../../../libmingwex.a(vsnprintf.o) (__mingw_pformat)
e:/qp/qtools/bin/../lib/gcc/mingw32/4.5.2/../../../libmingwex.a(gdtoa.o)
                              e:/qp/qtools/bin/../lib/gcc/mingw32/4.5.2/../../../libmingwex.a(pformat.o) (__gdtoa)
e:/qp/qtools/bin/../lib/gcc/mingw32/4.5.2/../../../libmingwex.a(wcrtomb.o)
                              e:/qp/qtools/bin/../lib/gcc/mingw32/4.5.2/../../../libmingwex.a(pformat.o) (wcrtomb)
e:/qp/qtools/bin/../lib/gcc/mingw32/4.5.2/../../../libmingwex.a(mbrtowc.o)
                              e:/qp/qtools/bin/../lib/gcc/mingw32/4.5.2/../../../libmingwex.a(pformat.o) (mbrtowc)
e:/qp/qtools/bin/../lib/gcc/mingw32/4.5.2/../../../libmingwex.a(dmisc.o)
                              e:/qp/qtools/bin/../lib/gcc/mingw32/4.5.2/../../../libmingwex.a(gdtoa.o) (__rv_alloc_D2A)
[...]
Memory Configuration

Name             Origin             Length             Attributes
*default*        0x00000000         0xffffffff

Linker script and memory map

                0x00400000                __image_base__ = 0x400000
                0x00000000                __dll__ = 0x0
                0x00400000                ___ImageBase = 0x400000
                0x00001000                __section_alignment__ = 0x1000
                0x00000200                __file_alignment__ = 0x200
                0x00000004                __major_os_version__ = 0x4
                0x00000000                __minor_os_version__ = 0x0
                0x00000001                __major_image_version__ = 0x1
                0x00000000                __minor_image_version__ = 0x0
                0x00000004                __major_subsystem_version__ = 0x4
                0x00000000                __minor_subsystem_version__ = 0x0
                0x00000002                __subsystem__ = 0x2
                0x00200000                __size_of_stack_reserve__ = 0x200000
                0x00001000                __size_of_stack_commit__ = 0x1000
                0x00100000                __size_of_heap_reserve__ = 0x100000
                0x00001000                __size_of_heap_commit__ = 0x1000
                0x00000000                __loader_flags__ = 0x0
                0x00000000                __dll_characteristics__ = 0x0
LOAD e:/qp/qtools/bin/../lib/gcc/mingw32/4.5.2/../../../crt2.o
LOAD e:/qp/qtools/bin/../lib/gcc/mingw32/4.5.2/crtbegin.o
LOAD dbg/bsp.o
LOAD dbg/main.o
LOAD dbg/mine1.o
LOAD dbg/mine2.o
LOAD dbg/missile.o
LOAD dbg/ship.o
LOAD dbg/tunnel.o
LOAD dbg/game-gui.o
LOAD dbg/qstamp.o
LOAD E:\qp\qpc/ports/win32/dbg/libqp.a
LOAD e:/qp/qtools/bin/../lib/gcc/mingw32/4.5.2/../../../libmingw32.a
LOAD e:/qp/qtools/bin/../lib/gcc/mingw32/4.5.2/libgcc_eh.a
LOAD e:/qp/qtools/bin/../lib/gcc/mingw32/4.5.2/libgcc.a
LOAD e:/qp/qtools/bin/../lib/gcc/mingw32/4.5.2/../../../libmoldname.a
LOAD e:/qp/qtools/bin/../lib/gcc/mingw32/4.5.2/../../../libmingwex.a
LOAD e:/qp/qtools/bin/../lib/gcc/mingw32/4.5.2/../../../libmsvcrt.a
LOAD e:/qp/qtools/bin/../lib/gcc/mingw32/4.5.2/../../../libgdi32.a
LOAD e:/qp/qtools/bin/../lib/gcc/mingw32/4.5.2/../../../libcomdlg32.a
LOAD e:/qp/qtools/bin/../lib/gcc/mingw32/4.5.2/../../../libuser32.a
LOAD e:/qp/qtools/bin/../lib/gcc/mingw32/4.5.2/../../../libkernel32.a
LOAD e:/qp/qtools/bin/../lib/gcc/mingw32/4.5.2/../../../libadvapi32.a
LOAD e:/qp/qtools/bin/../lib/gcc/mingw32/4.5.2/../../../libshell32.a
LOAD e:/qp/qtools/bin/../lib/gcc/mingw32/4.5.2/../../../libmingw32.a
LOAD e:/qp/qtools/bin/../lib/gcc/mingw32/4.5.2/libgcc_eh.a
LOAD e:/qp/qtools/bin/../lib/gcc/mingw32/4.5.2/libgcc.a
LOAD e:/qp/qtools/bin/../lib/gcc/mingw32/4.5.2/../../../libmoldname.a
LOAD e:/qp/qtools/bin/../lib/gcc/mingw32/4.5.2/../../../libmingwex.a
LOAD e:/qp/qtools/bin/../lib/gcc/mingw32/4.5.2/../../../libmsvcrt.a
LOAD e:/qp/qtools/bin/../lib/gcc/mingw32/4.5.2/crtend.o
                0x00000470                . = SIZEOF_HEADERS
                0x00001000                . = ALIGN (__section_alignment__)

.text           0x00401000     0xa400
 *(.init)
 *(.text)
 .text          0x00401000      0x2bc e:/qp/qtools/bin/../lib/gcc/mingw32/4.5.2/../../../crt2.o
                0x0040126c                mainCRTStartup
                0x00401284                WinMainCRTStartup
                0x0040129c                atexit
                0x004012ac                _onexit
 .text          0x004012bc       0xd0 e:/qp/qtools/bin/../lib/gcc/mingw32/4.5.2/crtbegin.o
                0x004012bc                __gcc_register_frame
                0x00401348                __gcc_deregister_frame
 .text          0x0040138c        0x0 dbg/bsp.o
 .text          0x0040138c        0x0 dbg/main.o
 .text          0x0040138c        0x0 dbg/mine1.o
 .text          0x0040138c        0x0 dbg/mine2.o
 .text          0x0040138c        0x0 dbg/missile.o
 .text          0x0040138c        0x0 dbg/ship.o
 .text          0x0040138c        0x0 dbg/tunnel.o
 .text          0x0040138c        0x0 dbg/qstamp.o
 .text          0x0040138c        0x0 E:\qp\qpc/ports/win32/dbg/libqp.a(qf_ps.o)
 .text          0x0040138c        0x0 E:\qp\qpc/ports/win32/dbg/libqp.a(qf_port.o)
 .text          0x0040138c        0x0 E:\qp\qpc/ports/win32/dbg/libqp.a(qf_time.o)
 .text          0x0040138c        0x0 E:\qp\qpc/ports/win32/dbg/libqp.a(qwin_gui.o)
 .text          0x0040138c        0x0 E:\qp\qpc/ports/win32/dbg/libqp.a(qf_dyn.o)
 .text          0x0040138c        0x0 E:\qp\qpc/ports/win32/dbg/libqp.a(qep_hsm.o)
 .text          0x0040138c        0x0 E:\qp\qpc/ports/win32/dbg/libqp.a(qf_qact.o)
 .text          0x0040138c        0x0 E:\qp\qpc/ports/win32/dbg/libqp.a(qf_act.o)
 .text          0x0040138c        0x0 E:\qp\qpc/ports/win32/dbg/libqp.a(qf_actq.o)
 .text          0x0040138c        0x0 E:\qp\qpc/ports/win32/dbg/libqp.a(qf_qeq.o)
 .text          0x0040138c        0x0 E:\qp\qpc/ports/win32/dbg/libqp.a(qf_mem.o)
 .text          0x0040138c       0xbc e:/qp/qtools/bin/../lib/gcc/mingw32/4.5.2/../../../libmingw32.a(tlssup.o)
                0x004013c0                __dyn_tls_init@12
                0x00401440                __tlregdtor
 .text          0x00401448        0x0 e:/qp/qtools/bin/../lib/gcc/mingw32/4.5.2/../../../libmingw32.a(CRTglob.o)
 .text          0x00401448        0x0 e:/qp/qtools/bin/../lib/gcc/mingw32/4.5.2/../../../libmingw32.a(CRTfmode.o)
 .text          0x00401448        0x0 e:/qp/qtools/bin/../lib/gcc/mingw32/4.5.2/../../../libmingw32.a(txtmode.o)
 .text          0x00401448       0xe0 e:/qp/qtools/bin/../lib/gcc/mingw32/4.5.2/../../../libmingw32.a(cpu_features.o)
                0x00401448                __cpu_features_init
 .text          0x00401528        0x8 e:/qp/qtools/bin/../lib/gcc/mingw32/4.5.2/../../../libmingw32.a(CRT_fp10.o)
                0x00401528                fpreset
                0x00401528                _fpreset
 .text          0x00401530      0x2fc e:/qp/qtools/bin/../lib/gcc/mingw32/4.5.2/../../../libmingw32.a(pseudo-reloc.o)
                0x00401660                _pei386_runtime_relocator
 .text          0x0040182c       0xa0 e:/qp/qtools/bin/../lib/gcc/mingw32/4.5.2/../../../libmingw32.a(gccmain.o)
                0x0040182c                __do_global_dtors
                0x0040185c                __do_global_ctors
                0x004018a8                __main
 .text          0x004018cc       0xc0 e:/qp/qtools/bin/../lib/gcc/mingw32/4.5.2/../../../libmingw32.a(main.o)
                0x004018cc                main
 .text          0x0040198c        0x0 e:/qp/qtools/bin/../lib/gcc/mingw32/4.5.2/../../../libmingw32.a(crtst.o)
 .text          0x0040198c      0x1e4 e:/qp/qtools/bin/../lib/gcc/mingw32/4.5.2/../../../libmingw32.a(tlsthrd.o)
                0x004019fc                ___w64_mingwthr_add_key_dtor
                0x00401a6c                ___w64_mingwthr_remove_key_dtor
                0x00401af8                __mingw_TLScallback
 .text          0x00401b70        0x0 e:/qp/qtools/bin/../lib/gcc/mingw32/4.5.2/../../../libmingw32.a(pseudo-reloc-list.o)
 .text          0x00401b70        0x0 e:/qp/qtools/bin/../lib/gcc/mingw32/4.5.2/libgcc.a(_ctors.o)
 .text          0x00401b70       0x2c e:/qp/qtools/bin/../lib/gcc/mingw32/4.5.2/../../../libmingwex.a(snprintf.o)
                0x00401b70                snprintf
                0x00401b70                __mingw_snprintf
 .text          0x00401b9c       0x74 e:/qp/qtools/bin/../lib/gcc/mingw32/4.5.2/../../../libmingwex.a(vsnprintf.o)
                0x00401b9c                __mingw_vsnprintf
                0x00401b9c                vsnprintf
 .text          0x00401c10     0x1d24 e:/qp/qtools/bin/../lib/gcc/mingw32/4.5.2/../../../libmingwex.a(pformat.o)
                0x0040306c                __mingw_pformat
 .text          0x00403934     0x1404 e:/qp/qtools/bin/../lib/gcc/mingw32/4.5.2/../../../libmingwex.a(gdtoa.o)
                0x00403934                __gdtoa
 .text          0x00404d38      0x228 e:/qp/qtools/bin/../lib/gcc/mingw32/4.5.2/../../../libmingwex.a(wcrtomb.o)
                0x00404dc0                wcrtomb
                0x00404e2c                wcsrtombs
 .text          0x00404f60      0x3b8 e:/qp/qtools/bin/../lib/gcc/mingw32/4.5.2/../../../libmingwex.a(mbrtowc.o)
                0x004050c4                mbrtowc
                0x00405154                mbsrtowcs
                0x00405298                mbrlen
 .text          0x00405318      0x2e0 e:/qp/qtools/bin/../lib/gcc/mingw32/4.5.2/../../../libmingwex.a(dmisc.o)
                0x00405318                __rv_alloc_D2A
                0x0040534c                __nrv_alloc_D2A
                0x0040538c                __freedtoa
                0x004053b4                __quorem_D2A
 .text          0x004055f8      0xa74 e:/qp/qtools/bin/../lib/gcc/mingw32/4.5.2/../../../libmingwex.a(misc.o)
                0x00405710                __Balloc_D2A
                0x004057c0                __Bfree_D2A
                0x0040580c                __multadd_D2A
                0x00405900                __i2b_D2A
                0x00405928                __mult_D2A
                0x00405aa0                __pow5mult_D2A
                0x00405bb8                __lshift_D2A
                0x00405ca8                __cmp_D2A
                0x00405cf0                __diff_D2A
                0x00405e70                __b2d_D2A
                0x00405f68                __d2b_D2A
                0x0040604c                __strcp_D2A
 .text          0x0040606c      0x138 e:/qp/qtools/bin/../lib/gcc/mingw32/4.5.2/../../../libmingwex.a(gmisc.o)
                0x0040606c                __rshift_D2A
                0x00406160                __trailz_D2A
 .text          0x004061a4        0x0 e:/qp/qtools/bin/../lib/gcc/mingw32/4.5.2/../../../libmsvcrt.a(dcfls00266.o)
 .text          0x004061a4        0x0 e:/qp/qtools/bin/../lib/gcc/mingw32/4.5.2/../../../libmsvcrt.a(dcfls00590.o)
 .text          0x004061a4        0x0 e:/qp/qtools/bin/../lib/gcc/mingw32/4.5.2/../../../libmsvcrt.a(dcfls00383.o)
 .text          0x004061a4        0x8 e:/qp/qtools/bin/../lib/gcc/mingw32/4.5.2/../../../libmsvcrt.a(dcfls00055.o)
                0x004061a4                __getmainargs
 .text          0x004061ac        0x8 e:/qp/qtools/bin/../lib/gcc/mingw32/4.5.2/../../../libmsvcrt.a(dcfls00079.o)
                0x004061ac                __p__fmode
 .text          0x004061b4        0x8 e:/qp/qtools/bin/../lib/gcc/mingw32/4.5.2/../../../libmsvcrt.a(dcfls00077.o)
                0x004061b4                __p__environ
 .text          0x004061bc        0x8 e:/qp/qtools/bin/../lib/gcc/mingw32/4.5.2/../../../libmsvcrt.a(dcfls00147.o)
                0x004061bc                _cexit
 .text          0x004061c4        0x8 e:/qp/qtools/bin/../lib/gcc/mingw32/4.5.2/../../../libmsvcrt.a(dcfls00426.o)
                0x004061c4                _setmode
 .text          0x004061cc        0x8 e:/qp/qtools/bin/../lib/gcc/mingw32/4.5.2/../../../libmsvcrt.a(dcfls00706.o)
                0x004061cc                signal
 .text          0x004061d4        0x8 e:/qp/qtools/bin/../lib/gcc/mingw32/4.5.2/../../../libmsvcrt.a(dcfls00625.o)
                0x004061d4                free
 .text          0x004061dc        0x8 e:/qp/qtools/bin/../lib/gcc/mingw32/4.5.2/../../../libmsvcrt.a(dcfls00595.o)
                0x004061dc                calloc
 .text          0x004061e4        0x8 e:/qp/qtools/bin/../lib/gcc/mingw32/4.5.2/../../../libmsvcrt.a(dcfls00633.o)
                0x004061e4                fwrite
 .text          0x004061ec        0x8 e:/qp/qtools/bin/../lib/gcc/mingw32/4.5.2/../../../libmsvcrt.a(dcfls00748.o)
                0x004061ec                vfprintf
 .text          0x004061f4        0x8 e:/qp/qtools/bin/../lib/gcc/mingw32/4.5.2/../../../libmsvcrt.a(dcfls00583.o)
                0x004061f4                abort
 .text          0x004061fc        0x8 e:/qp/qtools/bin/../lib/gcc/mingw32/4.5.2/../../../libmsvcrt.a(dcfls00620.o)
                0x004061fc                fputc
 .text          0x00406204        0x8 e:/qp/qtools/bin/../lib/gcc/mingw32/4.5.2/../../../libmsvcrt.a(dcfls00671.o)
                0x00406204                localeconv
 .text          0x0040620c        0x8 e:/qp/qtools/bin/../lib/gcc/mingw32/4.5.2/../../../libmsvcrt.a(dcfls00637.o)
                0x0040620c                getenv
 .text          0x00406214        0x4 e:/qp/qtools/bin/../lib/gcc/mingw32/4.5.2/../../../libmsvcrt.a(ofmt_stub.o)
                0x00406214                _get_output_format
 .text          0x00406218        0x8 e:/qp/qtools/bin/../lib/gcc/mingw32/4.5.2/../../../libmsvcrt.a(dcfls00761.o)
                0x00406218                wcslen
 .text          0x00406220        0x0 e:/qp/qtools/bin/../lib/gcc/mingw32/4.5.2/../../../libmsvcrt.a(dcfls00065.o)
 .text          0x00406220        0x8 e:/qp/qtools/bin/../lib/gcc/mingw32/4.5.2/../../../libmsvcrt.a(dcfls00182.o)
                0x00406220                _errno
 .text          0x00406228        0x8 e:/qp/qtools/bin/../lib/gcc/mingw32/4.5.2/../../../libmsvcrt.a(dcfls00704.o)
                0x00406228                setlocale
 .text          0x00406230        0x8 e:/qp/qtools/bin/../lib/gcc/mingw32/4.5.2/../../../libmsvcrt.a(dcfls00714.o)
                0x00406230                strchr
 .text          0x00406238        0x8 e:/qp/qtools/bin/../lib/gcc/mingw32/4.5.2/../../../libmsvcrt.a(dcfls00592.o)
                0x00406238                atoi
 .text          0x00406240        0x8 e:/qp/qtools/bin/../lib/gcc/mingw32/4.5.2/../../../libmsvcrt.a(dcfls00676.o)
                0x00406240                malloc
 .text          0x00406248        0x0 e:/qp/qtools/bin/../lib/gcc/mingw32/4.5.2/../../../libmsvcrt.a(dcflh.o)
 .text          0x00406248        0x0 e:/qp/qtools/bin/../lib/gcc/mingw32/4.5.2/../../../libmsvcrt.a(dcflt.o)
 .text          0x00406248        0x8 e:/qp/qtools/bin/../lib/gcc/mingw32/4.5.2/../../../libgdi32.a(dkfhs00073.o)
                0x00406248                DeleteObject@4
 .text          0x00406250        0x8 e:/qp/qtools/bin/../lib/gcc/mingw32/4.5.2/../../../libgdi32.a(dkfhs00070.o)
                0x00406250                DeleteDC@4
 .text          0x00406258        0x8 e:/qp/qtools/bin/../lib/gcc/mingw32/4.5.2/../../../libgdi32.a(dkfhs00334.o)
                0x00406258                StretchBlt@44
 .text          0x00406260        0x8 e:/qp/qtools/bin/../lib/gcc/mingw32/4.5.2/../../../libgdi32.a(dkfhs00034.o)
                0x00406260                CreateCompatibleDC@4
 .text          0x00406268        0x8 e:/qp/qtools/bin/../lib/gcc/mingw32/4.5.2/../../../libgdi32.a(dkfhs00039.o)
                0x00406268                CreateDIBSection@24
 .text          0x00406270        0x8 e:/qp/qtools/bin/../lib/gcc/mingw32/4.5.2/../../../libgdi32.a(dkfhs00281.o)
                0x00406270                SelectObject@8
 .text          0x00406278        0x8 e:/qp/qtools/bin/../lib/gcc/mingw32/4.5.2/../../../libgdi32.a(dkfhs00177.o)
                0x00406278                GetMapMode@4
 .text          0x00406280        0x8 e:/qp/qtools/bin/../lib/gcc/mingw32/4.5.2/../../../libgdi32.a(dkfhs00306.o)
                0x00406280                SetMapMode@8
 .text          0x00406288        0x8 e:/qp/qtools/bin/../lib/gcc/mingw32/4.5.2/../../../libgdi32.a(dkfhs00185.o)
                0x00406288                GetObjectA@12
 .text          0x00406290        0x8 e:/qp/qtools/bin/../lib/gcc/mingw32/4.5.2/../../../libgdi32.a(dkfhs00068.o)
                0x00406290                DPtoLP@12
 .text          0x00406298        0x8 e:/qp/qtools/bin/../lib/gcc/mingw32/4.5.2/../../../libgdi32.a(dkfhs00012.o)
                0x00406298                BitBlt@36
 .text          0x004062a0        0x0 e:/qp/qtools/bin/../lib/gcc/mingw32/4.5.2/../../../libgdi32.a(dkfhh.o)
 .text          0x004062a0        0x0 e:/qp/qtools/bin/../lib/gcc/mingw32/4.5.2/../../../libgdi32.a(dkfht.o)
 .text          0x004062a0        0x8 e:/qp/qtools/bin/../lib/gcc/mingw32/4.5.2/../../../libuser32.a(daois00434.o)
                0x004062a0                MessageBoxA@16
 .text          0x004062a8        0x8 e:/qp/qtools/bin/../lib/gcc/mingw32/4.5.2/../../../libuser32.a(daois00468.o)
                0x004062a8                PostQuitMessage@4
 .text          0x004062b0        0x8 e:/qp/qtools/bin/../lib/gcc/mingw32/4.5.2/../../../libuser32.a(daois00182.o)
                0x004062b0                EndDialog@8
 .text          0x004062b8        0x8 e:/qp/qtools/bin/../lib/gcc/mingw32/4.5.2/../../../libuser32.a(daois00405.o)
                0x004062b8                LoadCursorA@8
 .text          0x004062c0        0x8 e:/qp/qtools/bin/../lib/gcc/mingw32/4.5.2/../../../libuser32.a(daois00403.o)
                0x004062c0                LoadBitmapA@8
 .text          0x004062c8        0x8 e:/qp/qtools/bin/../lib/gcc/mingw32/4.5.2/../../../libuser32.a(daois00533.o)
                0x004062c8                SetFocus@4
 .text          0x004062d0        0x8 e:/qp/qtools/bin/../lib/gcc/mingw32/4.5.2/../../../libuser32.a(daois00134.o)
                0x004062d0                DefWindowProcA@16
 .text          0x004062d8        0x8 e:/qp/qtools/bin/../lib/gcc/mingw32/4.5.2/../../../libuser32.a(daois00585.o)
                0x004062d8                ShowWindow@8
 .text          0x004062e0        0x8 e:/qp/qtools/bin/../lib/gcc/mingw32/4.5.2/../../../libuser32.a(daois00608.o)
                0x004062e0                TranslateMessage@4
 .text          0x004062e8        0x8 e:/qp/qtools/bin/../lib/gcc/mingw32/4.5.2/../../../libuser32.a(daois00149.o)
                0x004062e8                DispatchMessageA@4
 .text          0x004062f0        0x8 e:/qp/qtools/bin/../lib/gcc/mingw32/4.5.2/../../../libuser32.a(daois00293.o)
                0x004062f0                GetMessageA@16
 .text          0x004062f8        0x8 e:/qp/qtools/bin/../lib/gcc/mingw32/4.5.2/../../../libuser32.a(daois00480.o)
                0x004062f8                RegisterClassExA@4
 .text          0x00406300        0x8 e:/qp/qtools/bin/../lib/gcc/mingw32/4.5.2/../../../libuser32.a(daois00080.o)
                0x00406300                CreateDialogParamA@20
 .text          0x00406308        0x8 e:/qp/qtools/bin/../lib/gcc/mingw32/4.5.2/../../../libuser32.a(daois00248.o)
                0x00406308                GetDC@4
 .text          0x00406310        0x8 e:/qp/qtools/bin/../lib/gcc/mingw32/4.5.2/../../../libuser32.a(daois00508.o)
                0x00406310                SendMessageA@16
 .text          0x00406318        0x8 e:/qp/qtools/bin/../lib/gcc/mingw32/4.5.2/../../../libuser32.a(daois00253.o)
                0x00406318                GetDlgItem@8
 .text          0x00406320        0x8 e:/qp/qtools/bin/../lib/gcc/mingw32/4.5.2/../../../libuser32.a(daois00348.o)
                0x00406320                GetWindowRect@8
 .text          0x00406328        0x8 e:/qp/qtools/bin/../lib/gcc/mingw32/4.5.2/../../../libuser32.a(daois00520.o)
                0x00406328                SetClassLongA@12
 .text          0x00406330        0x0 e:/qp/qtools/bin/../lib/gcc/mingw32/4.5.2/../../../libuser32.a(daoih.o)
 .text          0x00406330        0x0 e:/qp/qtools/bin/../lib/gcc/mingw32/4.5.2/../../../libuser32.a(daoit.o)
 .text          0x00406330        0x8 e:/qp/qtools/bin/../lib/gcc/mingw32/4.5.2/../../../libkernel32.a(dchds01140.o)
                0x00406330                SetUnhandledExceptionFilter@4
 .text          0x00406338        0x8 e:/qp/qtools/bin/../lib/gcc/mingw32/4.5.2/../../../libkernel32.a(dchds00279.o)
                0x00406338                ExitProcess@4
 .text          0x00406340        0x8 e:/qp/qtools/bin/../lib/gcc/mingw32/4.5.2/../../../libkernel32.a(dchds00529.o)
                0x00406340                GetModuleHandleA@4
 .text          0x00406348        0x8 e:/qp/qtools/bin/../lib/gcc/mingw32/4.5.2/../../../libkernel32.a(dchds00577.o)
                0x00406348                GetProcAddress@8
 .text          0x00406350        0x8 e:/qp/qtools/bin/../lib/gcc/mingw32/4.5.2/../../../libkernel32.a(dchds00179.o)
                0x00406350                CreateThread@24
 .text          0x00406358        0x8 e:/qp/qtools/bin/../lib/gcc/mingw32/4.5.2/../../../libkernel32.a(dchds00892.o)
                0x00406358                OutputDebugStringA@4
 .text          0x00406360        0x8 e:/qp/qtools/bin/../lib/gcc/mingw32/4.5.2/../../../libkernel32.a(dchds00236.o)
                0x00406360                EnterCriticalSection@4
 .text          0x00406368        0x8 e:/qp/qtools/bin/../lib/gcc/mingw32/4.5.2/../../../libkernel32.a(dchds00814.o)
                0x00406368                LeaveCriticalSection@4
 .text          0x00406370        0x8 e:/qp/qtools/bin/../lib/gcc/mingw32/4.5.2/../../../libkernel32.a(dchds00082.o)
                0x00406370                CloseHandle@4
 .text          0x00406378        0x8 e:/qp/qtools/bin/../lib/gcc/mingw32/4.5.2/../../../libkernel32.a(dchds00734.o)
                0x00406378                InitializeCriticalSection@4
 .text          0x00406380        0x8 e:/qp/qtools/bin/../lib/gcc/mingw32/4.5.2/../../../libkernel32.a(dchds00450.o)
                0x00406380                GetCurrentThread@0
 .text          0x00406388        0x8 e:/qp/qtools/bin/../lib/gcc/mingw32/4.5.2/../../../libkernel32.a(dchds01129.o)
                0x00406388                SetThreadPriority@8
 .text          0x00406390        0x8 e:/qp/qtools/bin/../lib/gcc/mingw32/4.5.2/../../../libkernel32.a(dchds01152.o)
                0x00406390                Sleep@4
 .text          0x00406398        0x8 e:/qp/qtools/bin/../lib/gcc/mingw32/4.5.2/../../../libkernel32.a(dchds00129.o)
                0x00406398                CreateEventA@16
 .text          0x004063a0        0x8 e:/qp/qtools/bin/../lib/gcc/mingw32/4.5.2/../../../libkernel32.a(dchds01065.o)
                0x004063a0                SetEvent@4
 .text          0x004063a8        0x8 e:/qp/qtools/bin/../lib/gcc/mingw32/4.5.2/../../../libkernel32.a(dchds01223.o)
                0x004063a8                WaitForSingleObject@8
 .text          0x004063b0        0x8 e:/qp/qtools/bin/../lib/gcc/mingw32/4.5.2/../../../libkernel32.a(dchds01215.o)
                0x004063b0                VirtualQuery@12
 .text          0x004063b8        0x8 e:/qp/qtools/bin/../lib/gcc/mingw32/4.5.2/../../../libkernel32.a(dchds01213.o)
                0x004063b8                VirtualProtect@16
 .text          0x004063c0        0x8 e:/qp/qtools/bin/../lib/gcc/mingw32/4.5.2/../../../libkernel32.a(dchds00388.o)
                0x004063c0                GetCommandLineA@0
 .text          0x004063c8        0x8 e:/qp/qtools/bin/../lib/gcc/mingw32/4.5.2/../../../libkernel32.a(dchds00606.o)
                0x004063c8                GetStartupInfoA@4
 .text          0x004063d0        0x8 e:/qp/qtools/bin/../lib/gcc/mingw32/4.5.2/../../../libkernel32.a(dchds01173.o)
                0x004063d0                TlsGetValue@4
 .text          0x004063d8        0x8 e:/qp/qtools/bin/../lib/gcc/mingw32/4.5.2/../../../libkernel32.a(dchds00510.o)
                0x004063d8                GetLastError@0
 .text          0x004063e0        0x8 e:/qp/qtools/bin/../lib/gcc/mingw32/4.5.2/../../../libkernel32.a(dchds00207.o)
                0x004063e0                DeleteCriticalSection@4
 .text          0x004063e8        0x8 e:/qp/qtools/bin/../lib/gcc/mingw32/4.5.2/../../../libkernel32.a(dchds01247.o)
                0x004063e8                WideCharToMultiByte@32
 .text          0x004063f0        0x8 e:/qp/qtools/bin/../lib/gcc/mingw32/4.5.2/../../../libkernel32.a(dchds00860.o)
                0x004063f0                MultiByteToWideChar@24
 .text          0x004063f8        0x8 e:/qp/qtools/bin/../lib/gcc/mingw32/4.5.2/../../../libkernel32.a(dchds00763.o)
                0x004063f8                IsDBCSLeadByteEx@8
 .text          0x00406400        0x8 e:/qp/qtools/bin/../lib/gcc/mingw32/4.5.2/../../../libkernel32.a(dchds00744.o)
                0x00406400                InterlockedExchange@8
 .text          0x00406408        0x0 e:/qp/qtools/bin/../lib/gcc/mingw32/4.5.2/../../../libkernel32.a(dchdh.o)
 .text          0x00406408        0x0 e:/qp/qtools/bin/../lib/gcc/mingw32/4.5.2/../../../libkernel32.a(dchdt.o)
 .text          0x00406408      0x124 e:/qp/qtools/bin/../lib/gcc/mingw32/4.5.2/libgcc.a(_umoddi3.o)
                0x00406408                __umoddi3
 .text          0x0040652c      0x110 e:/qp/qtools/bin/../lib/gcc/mingw32/4.5.2/libgcc.a(_udivdi3.o)
                0x0040652c                __udivdi3
 .text          0x0040663c       0x34 e:/qp/qtools/bin/../lib/gcc/mingw32/4.5.2/libgcc.a(_chkstk.o)
                0x0040663c                _alloca
                0x0040663c                __chkstk
 .text          0x00406670       0x1c e:/qp/qtools/bin/../lib/gcc/mingw32/4.5.2/crtend.o
 *(SORT(.text$*))
 .text$BSP_advanceWalls
                0x0040668c       0xd8 dbg/bsp.o
                0x0040668c                BSP_advanceWalls
 .text$BSP_clearFB
                0x00406764       0x3c dbg/bsp.o
                0x00406764                BSP_clearFB
 .text$BSP_clearWalls
                0x004067a0       0x3c dbg/bsp.o
                0x004067a0                BSP_clearWalls
 .text$BSP_displayOff
                0x004067dc       0x3c dbg/bsp.o
                0x004067dc                BSP_displayOff
 .text$BSP_displayOn
                0x00406818       0x24 dbg/bsp.o
                0x00406818                BSP_displayOn
 .text$BSP_doBitmapsOverlap
                0x0040683c      0x22c dbg/bsp.o
                0x0040683c                BSP_doBitmapsOverlap
 .text$BSP_init
                0x00406a68        0x8 dbg/bsp.o
                0x00406a68                BSP_init
 .text$BSP_isThrottle
                0x00406a70       0x1c dbg/bsp.o
                0x00406a70                BSP_isThrottle
 .text$BSP_isWallHit
                0x00406a8c       0xbc dbg/bsp.o
                0x00406a8c                BSP_isWallHit
 .text$BSP_paintBitmap
                0x00406b48       0x80 dbg/bsp.o
                0x00406b48                BSP_paintBitmap
 .text$BSP_paintString
                0x00406bc8       0xf4 dbg/bsp.o
                0x00406bc8                BSP_paintString
 .text$BSP_random
                0x00406cbc       0x30 dbg/bsp.o
                0x00406cbc                BSP_random
 .text$BSP_randomSeed
                0x00406cec       0x10 dbg/bsp.o
                0x00406cec                BSP_randomSeed
 .text$BSP_terminate
                0x00406cfc       0x74 dbg/bsp.o
                0x00406cfc                BSP_terminate
 .text$BSP_updateScore
                0x00406d70      0x188 dbg/bsp.o
                0x00406d70                BSP_updateScore
 .text$BSP_updateScreen
                0x00406ef8      0x108 dbg/bsp.o
                0x00406ef8                BSP_updateScreen
 .text$CreateCustDialog
                0x00407000       0xec E:\qp\qpc/ports/win32/dbg/libqp.a(qwin_gui.o)
                0x00407000                CreateCustDialog
 .text$DrawBitmap
                0x004070ec      0x104 E:\qp\qpc/ports/win32/dbg/libqp.a(qwin_gui.o)
                0x004070ec                DrawBitmap
 .text$GraphicDisplay_clear
                0x004071f0       0x44 E:\qp\qpc/ports/win32/dbg/libqp.a(qwin_gui.o)
                0x004071f0                GraphicDisplay_clear
 .text$GraphicDisplay_init
                0x00407234      0x10c E:\qp\qpc/ports/win32/dbg/libqp.a(qwin_gui.o)
                0x00407234                GraphicDisplay_init
 .text$GraphicDisplay_redraw
                0x00407340       0x64 E:\qp\qpc/ports/win32/dbg/libqp.a(qwin_gui.o)
                0x00407340                GraphicDisplay_redraw
 .text$GraphicDisplay_xtor
                0x004073a4       0x3c E:\qp\qpc/ports/win32/dbg/libqp.a(qwin_gui.o)
                0x004073a4                GraphicDisplay_xtor
 .text$Mine1_ctor
                0x004073e0       0x48 dbg/mine1.o
                0x004073e0                Mine1_ctor
 .text$Mine1_exploding
                0x00407428       0xb4 dbg/mine1.o
 .text$Mine1_initial
                0x004074dc       0x24 dbg/mine1.o
 .text$Mine1_planted
                0x00407500      0x16c dbg/mine1.o
 .text$Mine1_unused
                0x0040766c       0x34 dbg/mine1.o
 .text$Mine1_used
                0x004076a0       0x80 dbg/mine1.o
 .text$Mine2_ctor
                0x00407720       0x48 dbg/mine2.o
                0x00407720                Mine2_ctor
 .text$Mine2_exploding
                0x00407768       0xb4 dbg/mine2.o
 .text$Mine2_initial
                0x0040781c       0x24 dbg/mine2.o
 .text$Mine2_planted
                0x00407840      0x16c dbg/mine2.o
 .text$Mine2_unused
                0x004079ac       0x34 dbg/mine2.o
 .text$Mine2_used
                0x004079e0       0x80 dbg/mine2.o
 .text$Missile_armed
                0x00407a60       0x34 dbg/missile.o
 .text$Missile_ctor
                0x00407a94       0x1c dbg/missile.o
                0x00407a94                Missile_ctor
 .text$Missile_exploding
                0x00407ab0       0xb8 dbg/missile.o
 .text$Missile_flying
                0x00407b68       0xd0 dbg/missile.o
 .text$Missile_initial
                0x00407c38       0x2c dbg/missile.o
 .text$OwnerDrawnButton_draw
                0x00407c64       0xc0 E:\qp\qpc/ports/win32/dbg/libqp.a(qwin_gui.o)
                0x00407c64                OwnerDrawnButton_draw
 .text$OwnerDrawnButton_init
                0x00407d24       0x28 E:\qp\qpc/ports/win32/dbg/libqp.a(qwin_gui.o)
                0x00407d24                OwnerDrawnButton_init
 .text$OwnerDrawnButton_isDepressed
                0x00407d4c        0xc E:\qp\qpc/ports/win32/dbg/libqp.a(qwin_gui.o)
                0x00407d4c                OwnerDrawnButton_isDepressed
 .text$OwnerDrawnButton_set
                0x00407d58       0x90 E:\qp\qpc/ports/win32/dbg/libqp.a(qwin_gui.o)
                0x00407d58                OwnerDrawnButton_set
 .text$OwnerDrawnButton_xtor
                0x00407de8       0x3c E:\qp\qpc/ports/win32/dbg/libqp.a(qwin_gui.o)
                0x00407de8                OwnerDrawnButton_xtor
 .text$QActive_ctor
                0x00407e24       0x38 E:\qp\qpc/ports/win32/dbg/libqp.a(qf_qact.o)
                0x00407e24                QActive_ctor
 .text$QActive_get_
                0x00407e5c       0x9c E:\qp\qpc/ports/win32/dbg/libqp.a(qf_actq.o)
                0x00407e5c                QActive_get_
 .text$QActive_postLIFO_
                0x00407ef8       0xb0 E:\qp\qpc/ports/win32/dbg/libqp.a(qf_actq.o)
                0x00407ef8                QActive_postLIFO_
 .text$QActive_post_
                0x00407fa8       0xfc E:\qp\qpc/ports/win32/dbg/libqp.a(qf_actq.o)
                0x00407fa8                QActive_post_
 .text$QActive_start_
                0x004080a4      0x114 E:\qp\qpc/ports/win32/dbg/libqp.a(qf_port.o)
                0x004080a4                QActive_start_
 .text$QActive_stop
                0x004081b8       0x10 E:\qp\qpc/ports/win32/dbg/libqp.a(qf_port.o)
                0x004081b8                QActive_stop
 .text$QActive_subscribe
                0x004081c8       0x9c E:\qp\qpc/ports/win32/dbg/libqp.a(qf_ps.o)
                0x004081c8                QActive_subscribe
 .text$QActive_unsubscribe
                0x00408264       0x9c E:\qp\qpc/ports/win32/dbg/libqp.a(qf_ps.o)
                0x00408264                QActive_unsubscribe
 .text$QActive_unsubscribeAll
                0x00408300       0xec E:\qp\qpc/ports/win32/dbg/libqp.a(qf_ps.o)
                0x00408300                QActive_unsubscribeAll
 .text$QEQueue_get
                0x004083ec       0x70 E:\qp\qpc/ports/win32/dbg/libqp.a(qf_qeq.o)
                0x004083ec                QEQueue_get
 .text$QEQueue_init
                0x0040845c       0x40 E:\qp\qpc/ports/win32/dbg/libqp.a(qf_qeq.o)
                0x0040845c                QEQueue_init
 .text$QEQueue_post
                0x0040849c       0xb4 E:\qp\qpc/ports/win32/dbg/libqp.a(qf_qeq.o)
                0x0040849c                QEQueue_post
 .text$QEQueue_postLIFO
                0x00408550       0x7c E:\qp\qpc/ports/win32/dbg/libqp.a(qf_qeq.o)
                0x00408550                QEQueue_postLIFO
 .text$QF_LOG2  0x004085cc       0x38 E:\qp\qpc/ports/win32/dbg/libqp.a(qf_act.o)
                0x004085cc                QF_LOG2
 .text$QF_add_  0x00408604       0x54 E:\qp\qpc/ports/win32/dbg/libqp.a(qf_act.o)
                0x00408604                QF_add_
 .text$QF_bzero
                0x00408658       0x24 E:\qp\qpc/ports/win32/dbg/libqp.a(qf_act.o)
                0x00408658                QF_bzero
 .text$QF_enterCriticalSection_
                0x0040867c       0x18 E:\qp\qpc/ports/win32/dbg/libqp.a(qf_port.o)
                0x0040867c                QF_enterCriticalSection_
 .text$QF_gc    0x00408694       0x80 E:\qp\qpc/ports/win32/dbg/libqp.a(qf_dyn.o)
                0x00408694                QF_gc
 .text$QF_getPoolMin
                0x00408714       0x58 E:\qp\qpc/ports/win32/dbg/libqp.a(qf_mem.o)
                0x00408714                QF_getPoolMin
 .text$QF_getQueueMin
                0x0040876c       0x50 E:\qp\qpc/ports/win32/dbg/libqp.a(qf_actq.o)
                0x0040876c                QF_getQueueMin
 .text$QF_init  0x004087bc       0x64 E:\qp\qpc/ports/win32/dbg/libqp.a(qf_port.o)
                0x004087bc                QF_init
 .text$QF_leaveCriticalSection_
                0x00408820       0x18 E:\qp\qpc/ports/win32/dbg/libqp.a(qf_port.o)
                0x00408820                QF_leaveCriticalSection_
 .text$QF_newRef_
                0x00408838       0x44 E:\qp\qpc/ports/win32/dbg/libqp.a(qf_dyn.o)
                0x00408838                QF_newRef_
 .text$QF_newX_
                0x0040887c       0xcc E:\qp\qpc/ports/win32/dbg/libqp.a(qf_dyn.o)
                0x0040887c                QF_newX_
 .text$QF_noTimeEvtsActiveX
                0x00408948       0x54 E:\qp\qpc/ports/win32/dbg/libqp.a(qf_time.o)
                0x00408948                QF_noTimeEvtsActiveX
 .text$QF_onCleanup
                0x0040899c        0x8 dbg/bsp.o
                0x0040899c                QF_onCleanup
 .text$QF_onClockTick
                0x004089a4       0x20 dbg/bsp.o
                0x004089a4                QF_onClockTick
 .text$QF_onStartup
                0x004089c4       0x14 dbg/bsp.o
                0x004089c4                QF_onStartup
 .text$QF_poolGetMaxBlockSize
                0x004089d8       0x24 E:\qp\qpc/ports/win32/dbg/libqp.a(qf_dyn.o)
                0x004089d8                QF_poolGetMaxBlockSize
 .text$QF_poolInit
                0x004089fc       0xa8 E:\qp\qpc/ports/win32/dbg/libqp.a(qf_dyn.o)
                0x004089fc                QF_poolInit
 .text$QF_psInit
                0x00408aa4       0x2c E:\qp\qpc/ports/win32/dbg/libqp.a(qf_ps.o)
                0x00408aa4                QF_psInit
 .text$QF_publish_
                0x00408ad0      0x134 E:\qp\qpc/ports/win32/dbg/libqp.a(qf_ps.o)
                0x00408ad0                QF_publish_
 .text$QF_remove_
                0x00408c04       0x5c E:\qp\qpc/ports/win32/dbg/libqp.a(qf_act.o)
                0x00408c04                QF_remove_
 .text$QF_run   0x00408c60       0x6c E:\qp\qpc/ports/win32/dbg/libqp.a(qf_port.o)
                0x00408c60                QF_run
 .text$QF_setTickRate
                0x00408ccc       0x18 E:\qp\qpc/ports/win32/dbg/libqp.a(qf_port.o)
                0x00408ccc                QF_setTickRate
 .text$QF_setWin32Prio
                0x00408ce4       0x2c E:\qp\qpc/ports/win32/dbg/libqp.a(qf_port.o)
                0x00408ce4                QF_setWin32Prio
 .text$QF_stop  0x00408d10        0xc E:\qp\qpc/ports/win32/dbg/libqp.a(qf_port.o)
                0x00408d10                QF_stop
 .text$QF_tickX_
                0x00408d1c       0xf8 E:\qp\qpc/ports/win32/dbg/libqp.a(qf_time.o)
                0x00408d1c                QF_tickX_
 .text$QHsm_childState_
                0x00408e14       0x60 E:\qp\qpc/ports/win32/dbg/libqp.a(qep_hsm.o)
                0x00408e14                QHsm_childState_
 .text$QHsm_ctor
                0x00408e74       0x1c E:\qp\qpc/ports/win32/dbg/libqp.a(qep_hsm.o)
                0x00408e74                QHsm_ctor
 .text$QHsm_dispatch_
                0x00408e90      0x2f8 E:\qp\qpc/ports/win32/dbg/libqp.a(qep_hsm.o)
                0x00408e90                QHsm_dispatch_
 .text$QHsm_init_
                0x00409188       0xf8 E:\qp\qpc/ports/win32/dbg/libqp.a(qep_hsm.o)
                0x00409188                QHsm_init_
 .text$QHsm_isIn
                0x00409280       0x58 E:\qp\qpc/ports/win32/dbg/libqp.a(qep_hsm.o)
                0x00409280                QHsm_isIn
 .text$QHsm_top
                0x004092d8        0x8 E:\qp\qpc/ports/win32/dbg/libqp.a(qep_hsm.o)
                0x004092d8                QHsm_top
 .text$QMPool_get
                0x004092e0       0xb0 E:\qp\qpc/ports/win32/dbg/libqp.a(qf_mem.o)
                0x004092e0                QMPool_get
 .text$QMPool_init
                0x00409390       0xe0 E:\qp\qpc/ports/win32/dbg/libqp.a(qf_mem.o)
                0x00409390                QMPool_init
 .text$QMPool_put
                0x00409470       0x54 E:\qp\qpc/ports/win32/dbg/libqp.a(qf_mem.o)
                0x00409470                QMPool_put
 .text$QTicker_ctor
                0x004094c4       0x38 E:\qp\qpc/ports/win32/dbg/libqp.a(qf_actq.o)
                0x004094c4                QTicker_ctor
 .text$QTicker_dispatch_
                0x004094fc       0x40 E:\qp\qpc/ports/win32/dbg/libqp.a(qf_actq.o)
 .text$QTicker_init_
                0x0040953c       0x10 E:\qp\qpc/ports/win32/dbg/libqp.a(qf_actq.o)
 .text$QTicker_postLIFO_
                0x0040954c       0x1c E:\qp\qpc/ports/win32/dbg/libqp.a(qf_actq.o)
 .text$QTicker_post_
                0x00409568       0x68 E:\qp\qpc/ports/win32/dbg/libqp.a(qf_actq.o)
 .text$QTimeEvt_armX
                0x004095d0       0x90 E:\qp\qpc/ports/win32/dbg/libqp.a(qf_time.o)
                0x004095d0                QTimeEvt_armX
 .text$QTimeEvt_ctorX
                0x00409660       0x60 E:\qp\qpc/ports/win32/dbg/libqp.a(qf_time.o)
                0x00409660                QTimeEvt_ctorX
 .text$QTimeEvt_ctr
                0x004096c0       0x20 E:\qp\qpc/ports/win32/dbg/libqp.a(qf_time.o)
                0x004096c0                QTimeEvt_ctr
 .text$QTimeEvt_disarm
                0x004096e0       0x30 E:\qp\qpc/ports/win32/dbg/libqp.a(qf_time.o)
                0x004096e0                QTimeEvt_disarm
 .text$QTimeEvt_rearm
                0x00409710       0x9c E:\qp\qpc/ports/win32/dbg/libqp.a(qf_time.o)
                0x00409710                QTimeEvt_rearm
 .text$Q_onAssert
                0x004097ac       0x70 dbg/bsp.o
                0x004097ac                Q_onAssert
 .text$SegmentDisplay_init
                0x0040981c       0x74 E:\qp\qpc/ports/win32/dbg/libqp.a(qwin_gui.o)
                0x0040981c                SegmentDisplay_init
 .text$SegmentDisplay_initBitmap
                0x00409890       0x30 E:\qp\qpc/ports/win32/dbg/libqp.a(qwin_gui.o)
                0x00409890                SegmentDisplay_initBitmap
 .text$SegmentDisplay_initSegment
                0x004098c0       0x50 E:\qp\qpc/ports/win32/dbg/libqp.a(qwin_gui.o)
                0x004098c0                SegmentDisplay_initSegment
 .text$SegmentDisplay_setSegment
                0x00409910       0x5c E:\qp\qpc/ports/win32/dbg/libqp.a(qwin_gui.o)
                0x00409910                SegmentDisplay_setSegment
 .text$SegmentDisplay_xtor
                0x0040996c       0x6c E:\qp\qpc/ports/win32/dbg/libqp.a(qwin_gui.o)
                0x0040996c                SegmentDisplay_xtor
 .text$Ship_active
                0x004099d8       0x28 dbg/ship.o
 .text$Ship_ctor
                0x00409a00       0x2c dbg/ship.o
                0x00409a00                Ship_ctor
 .text$Ship_exploding
                0x00409a2c       0xe8 dbg/ship.o
 .text$Ship_flying
                0x00409b14      0x1c8 dbg/ship.o
 .text$Ship_initial
                0x00409cdc       0x3c dbg/ship.o
 .text$Ship_parked
                0x00409d18       0x28 dbg/ship.o
 .text$Tunnel_active
                0x00409d40       0x70 dbg/tunnel.o
 .text$Tunnel_advance
                0x00409db0       0xcc dbg/tunnel.o
 .text$Tunnel_ctor
                0x00409e7c       0xac dbg/tunnel.o
                0x00409e7c                Tunnel_ctor
 .text$Tunnel_demo
                0x00409f28      0x10c dbg/tunnel.o
 .text$Tunnel_dispatchToAllMines
                0x0040a034       0x38 dbg/tunnel.o
 .text$Tunnel_final
                0x0040a06c       0x30 dbg/tunnel.o
 .text$Tunnel_game_over
                0x0040a09c      0x128 dbg/tunnel.o
 .text$Tunnel_initial
                0x0040a1c4       0x90 dbg/tunnel.o
 .text$Tunnel_playing
                0x0040a254      0x2f4 dbg/tunnel.o
 .text$Tunnel_screen_saver
                0x0040a548       0x3c dbg/tunnel.o
 .text$Tunnel_screen_saver_hide
                0x0040a584       0x74 dbg/tunnel.o
 .text$Tunnel_screen_saver_show
                0x0040a5f8       0xc4 dbg/tunnel.o
 .text$Tunnel_show_logo
                0x0040a6bc      0x190 dbg/tunnel.o
 .text$WinMain  0x0040a84c       0xac dbg/bsp.o
                0x0040a84c                WinMain@16
 .text$WndProc  0x0040a8f8      0x788 dbg/bsp.o
 .text$ao_thread
                0x0040b080       0x88 E:\qp\qpc/ports/win32/dbg/libqp.a(qf_port.o)
 .text$appThread
                0x0040b108       0x10 dbg/bsp.o
 .text$main_gui
                0x0040b118      0x12c dbg/main.o
                0x0040b118                main_gui
 .text$playerTrigger
                0x0040b244       0x14 dbg/bsp.o
 *(.text.*)
 *(.glue_7t)
 *(.glue_7)
                0x0040b258                ___CTOR_LIST__ = .
                0x0040b258                __CTOR_LIST__ = .
                0x0040b258        0x4 LONG 0xffffffff
 *(.ctors)
 *(.ctor)
 *(SORT(.ctors.*))
 .ctors.65535   0x0040b25c        0x4 e:/qp/qtools/bin/../lib/gcc/mingw32/4.5.2/crtend.o
                0x0040b260        0x4 LONG 0x0
                0x0040b264                ___DTOR_LIST__ = .
                0x0040b264                __DTOR_LIST__ = .
                0x0040b264        0x4 LONG 0xffffffff
 *(.dtors)
 *(.dtor)
 *(SORT(.dtors.*))
                0x0040b268        0x4 LONG 0x0
 *(.fini)
 *(.gcc_exc)
                0x0040b26c                PROVIDE (etext, .)
 *(.gcc_except_table)

.data           0x0040c000     0x1e00
                0x0040c000                __data_start__ = .
 *(.data)
 .data          0x0040c000        0x0 e:/qp/qtools/bin/../lib/gcc/mingw32/4.5.2/../../../crt2.o
 .data          0x0040c000        0x0 e:/qp/qtools/bin/../lib/gcc/mingw32/4.5.2/crtbegin.o
 .data          0x0040c000        0x0 dbg/bsp.o
 .data          0x0040c000        0x0 dbg/main.o
 .data          0x0040c000        0x0 dbg/mine1.o
 .data          0x0040c000        0x0 dbg/mine2.o
 .data          0x0040c000        0x0 dbg/missile.o
 .data          0x0040c000        0x0 dbg/ship.o
 .data          0x0040c000        0x0 dbg/tunnel.o
 .data          0x0040c000        0x0 dbg/qstamp.o
 .data          0x0040c000        0x0 E:\qp\qpc/ports/win32/dbg/libqp.a(qf_ps.o)
 .data          0x0040c000        0x0 E:\qp\qpc/ports/win32/dbg/libqp.a(qf_port.o)
 .data          0x0040c000        0x0 E:\qp\qpc/ports/win32/dbg/libqp.a(qf_time.o)
 .data          0x0040c000        0x0 E:\qp\qpc/ports/win32/dbg/libqp.a(qwin_gui.o)
 .data          0x0040c000        0x0 E:\qp\qpc/ports/win32/dbg/libqp.a(qf_dyn.o)
 .data          0x0040c000        0x0 E:\qp\qpc/ports/win32/dbg/libqp.a(qep_hsm.o)
 .data          0x0040c000        0x0 E:\qp\qpc/ports/win32/dbg/libqp.a(qf_qact.o)
 .data          0x0040c000        0x0 E:\qp\qpc/ports/win32/dbg/libqp.a(qf_act.o)
 .data          0x0040c000        0x0 E:\qp\qpc/ports/win32/dbg/libqp.a(qf_actq.o)
 .data          0x0040c000        0x0 E:\qp\qpc/ports/win32/dbg/libqp.a(qf_qeq.o)
 .data          0x0040c000        0x0 E:\qp\qpc/ports/win32/dbg/libqp.a(qf_mem.o)
 .data          0x0040c000        0x0 e:/qp/qtools/bin/../lib/gcc/mingw32/4.5.2/../../../libmingw32.a(tlssup.o)
 .data          0x0040c000        0x4 e:/qp/qtools/bin/../lib/gcc/mingw32/4.5.2/../../../libmingw32.a(CRTglob.o)
                0x0040c000                _CRT_glob
 .data          0x0040c004        0x0 e:/qp/qtools/bin/../lib/gcc/mingw32/4.5.2/../../../libmingw32.a(CRTfmode.o)
 .data          0x0040c004        0x4 e:/qp/qtools/bin/../lib/gcc/mingw32/4.5.2/../../../libmingw32.a(txtmode.o)
                0x0040c004                _fmode
 .data          0x0040c008        0x0 e:/qp/qtools/bin/../lib/gcc/mingw32/4.5.2/../../../libmingw32.a(cpu_features.o)
 .data          0x0040c008        0x0 e:/qp/qtools/bin/../lib/gcc/mingw32/4.5.2/../../../libmingw32.a(CRT_fp10.o)
 .data          0x0040c008        0x0 e:/qp/qtools/bin/../lib/gcc/mingw32/4.5.2/../../../libmingw32.a(pseudo-reloc.o)
 .data          0x0040c008        0x4 e:/qp/qtools/bin/../lib/gcc/mingw32/4.5.2/../../../libmingw32.a(gccmain.o)
 .data          0x0040c00c        0x0 e:/qp/qtools/bin/../lib/gcc/mingw32/4.5.2/../../../libmingw32.a(main.o)
 .data          0x0040c00c        0x0 e:/qp/qtools/bin/../lib/gcc/mingw32/4.5.2/../../../libmingw32.a(crtst.o)
 .data          0x0040c00c        0x0 e:/qp/qtools/bin/../lib/gcc/mingw32/4.5.2/../../../libmingw32.a(tlsthrd.o)
 .data          0x0040c00c        0x0 e:/qp/qtools/bin/../lib/gcc/mingw32/4.5.2/../../../libmingw32.a(pseudo-reloc-list.o)
 .data          0x0040c00c        0x0 e:/qp/qtools/bin/../lib/gcc/mingw32/4.5.2/libgcc.a(_ctors.o)
 .data          0x0040c00c        0x0 e:/qp/qtools/bin/../lib/gcc/mingw32/4.5.2/../../../libmingwex.a(snprintf.o)
 .data          0x0040c00c        0x0 e:/qp/qtools/bin/../lib/gcc/mingw32/4.5.2/../../../libmingwex.a(vsnprintf.o)
 .data          0x0040c00c       0x14 e:/qp/qtools/bin/../lib/gcc/mingw32/4.5.2/../../../libmingwex.a(pformat.o)
 .data          0x0040c020        0x0 e:/qp/qtools/bin/../lib/gcc/mingw32/4.5.2/../../../libmingwex.a(gdtoa.o)
 .data          0x0040c020        0x0 e:/qp/qtools/bin/../lib/gcc/mingw32/4.5.2/../../../libmingwex.a(wcrtomb.o)
 .data          0x0040c020        0x0 e:/qp/qtools/bin/../lib/gcc/mingw32/4.5.2/../../../libmingwex.a(mbrtowc.o)
 .data          0x0040c020        0x0 e:/qp/qtools/bin/../lib/gcc/mingw32/4.5.2/../../../libmingwex.a(dmisc.o)
 .data          0x0040c020        0x4 e:/qp/qtools/bin/../lib/gcc/mingw32/4.5.2/../../../libmingwex.a(misc.o)
 .data          0x0040c024        0x0 e:/qp/qtools/bin/../lib/gcc/mingw32/4.5.2/../../../libmingwex.a(gmisc.o)
 .data          0x0040c024        0x0 e:/qp/qtools/bin/../lib/gcc/mingw32/4.5.2/../../../libmsvcrt.a(dcfls00266.o)
 .data          0x0040c024        0x0 e:/qp/qtools/bin/../lib/gcc/mingw32/4.5.2/../../../libmsvcrt.a(dcfls00099.o)
 .data          0x0040c024        0x0 e:/qp/qtools/bin/../lib/gcc/mingw32/4.5.2/../../../libmsvcrt.a(dcfls00590.o)
 .data          0x0040c024        0x0 e:/qp/qtools/bin/../lib/gcc/mingw32/4.5.2/../../../libmsvcrt.a(dcfls00383.o)
 .data          0x0040c024        0x0 e:/qp/qtools/bin/../lib/gcc/mingw32/4.5.2/../../../libmsvcrt.a(dcfls00055.o)
 .data          0x0040c024        0x0 e:/qp/qtools/bin/../lib/gcc/mingw32/4.5.2/../../../libmsvcrt.a(dcfls00079.o)
 .data          0x0040c024        0x0 e:/qp/qtools/bin/../lib/gcc/mingw32/4.5.2/../../../libmsvcrt.a(dcfls00077.o)
 .data          0x0040c024        0x0 e:/qp/qtools/bin/../lib/gcc/mingw32/4.5.2/../../../libmsvcrt.a(dcfls00147.o)
 .data          0x0040c024        0x0 e:/qp/qtools/bin/../lib/gcc/mingw32/4.5.2/../../../libmsvcrt.a(dcfls00426.o)
 .data          0x0040c024        0x0 e:/qp/qtools/bin/../lib/gcc/mingw32/4.5.2/../../../libmsvcrt.a(dcfls00706.o)
 .data          0x0040c024        0x0 e:/qp/qtools/bin/../lib/gcc/mingw32/4.5.2/../../../libmsvcrt.a(dcfls00625.o)
 .data          0x0040c024        0x0 e:/qp/qtools/bin/../lib/gcc/mingw32/4.5.2/../../../libmsvcrt.a(dcfls00595.o)
 .data          0x0040c024        0x0 e:/qp/qtools/bin/../lib/gcc/mingw32/4.5.2/../../../libmsvcrt.a(dcfls00633.o)
 .data          0x0040c024        0x0 e:/qp/qtools/bin/../lib/gcc/mingw32/4.5.2/../../../libmsvcrt.a(dcfls00748.o)
 .data          0x0040c024        0x0 e:/qp/qtools/bin/../lib/gcc/mingw32/4.5.2/../../../libmsvcrt.a(dcfls00583.o)
 .data          0x0040c024        0x0 e:/qp/qtools/bin/../lib/gcc/mingw32/4.5.2/../../../libmsvcrt.a(dcfls00620.o)
 .data          0x0040c024        0x0 e:/qp/qtools/bin/../lib/gcc/mingw32/4.5.2/../../../libmsvcrt.a(dcfls00671.o)
 .data          0x0040c024        0x0 e:/qp/qtools/bin/../lib/gcc/mingw32/4.5.2/../../../libmsvcrt.a(dcfls00637.o)
 .data          0x0040c024        0x0 e:/qp/qtools/bin/../lib/gcc/mingw32/4.5.2/../../../libmsvcrt.a(ofmt_stub.o)
 .data          0x0040c024        0x0 e:/qp/qtools/bin/../lib/gcc/mingw32/4.5.2/../../../libmsvcrt.a(dcfls00761.o)
 .data          0x0040c024        0x0 e:/qp/qtools/bin/../lib/gcc/mingw32/4.5.2/../../../libmsvcrt.a(dcfls00065.o)
 .data          0x0040c024        0x0 e:/qp/qtools/bin/../lib/gcc/mingw32/4.5.2/../../../libmsvcrt.a(dcfls00182.o)
 .data          0x0040c024        0x0 e:/qp/qtools/bin/../lib/gcc/mingw32/4.5.2/../../../libmsvcrt.a(dcfls00704.o)
 .data          0x0040c024        0x0 e:/qp/qtools/bin/../lib/gcc/mingw32/4.5.2/../../../libmsvcrt.a(dcfls00714.o)
 .data          0x0040c024        0x0 e:/qp/qtools/bin/../lib/gcc/mingw32/4.5.2/../../../libmsvcrt.a(dcfls00592.o)
 .data          0x0040c024        0x0 e:/qp/qtools/bin/../lib/gcc/mingw32/4.5.2/../../../libmsvcrt.a(dcfls00676.o)
 .data          0x0040c024        0x0 e:/qp/qtools/bin/../lib/gcc/mingw32/4.5.2/../../../libmsvcrt.a(dcflh.o)
 .data          0x0040c024        0x0 e:/qp/qtools/bin/../lib/gcc/mingw32/4.5.2/../../../libmsvcrt.a(dcflt.o)
 .data          0x0040c024        0x0 e:/qp/qtools/bin/../lib/gcc/mingw32/4.5.2/../../../libgdi32.a(dkfhs00073.o)
 .data          0x0040c024        0x0 e:/qp/qtools/bin/../lib/gcc/mingw32/4.5.2/../../../libgdi32.a(dkfhs00070.o)
 .data          0x0040c024        0x0 e:/qp/qtools/bin/../lib/gcc/mingw32/4.5.2/../../../libgdi32.a(dkfhs00334.o)
 .data          0x0040c024        0x0 e:/qp/qtools/bin/../lib/gcc/mingw32/4.5.2/../../../libgdi32.a(dkfhs00034.o)
 .data          0x0040c024        0x0 e:/qp/qtools/bin/../lib/gcc/mingw32/4.5.2/../../../libgdi32.a(dkfhs00039.o)
 .data          0x0040c024        0x0 e:/qp/qtools/bin/../lib/gcc/mingw32/4.5.2/../../../libgdi32.a(dkfhs00281.o)
 .data          0x0040c024        0x0 e:/qp/qtools/bin/../lib/gcc/mingw32/4.5.2/../../../libgdi32.a(dkfhs00177.o)
 .data          0x0040c024        0x0 e:/qp/qtools/bin/../lib/gcc/mingw32/4.5.2/../../../libgdi32.a(dkfhs00306.o)
 .data          0x0040c024        0x0 e:/qp/qtools/bin/../lib/gcc/mingw32/4.5.2/../../../libgdi32.a(dkfhs00185.o)
 .data          0x0040c024        0x0 e:/qp/qtools/bin/../lib/gcc/mingw32/4.5.2/../../../libgdi32.a(dkfhs00068.o)
 .data          0x0040c024        0x0 e:/qp/qtools/bin/../lib/gcc/mingw32/4.5.2/../../../libgdi32.a(dkfhs00012.o)
 .data          0x0040c024        0x0 e:/qp/qtools/bin/../lib/gcc/mingw32/4.5.2/../../../libgdi32.a(dkfhh.o)
 .data          0x0040c024        0x0 e:/qp/qtools/bin/../lib/gcc/mingw32/4.5.2/../../../libgdi32.a(dkfht.o)
 .data          0x0040c024        0x0 e:/qp/qtools/bin/../lib/gcc/mingw32/4.5.2/../../../libuser32.a(daois00434.o)
 .data          0x0040c024        0x0 e:/qp/qtools/bin/../lib/gcc/mingw32/4.5.2/../../../libuser32.a(daois00468.o)
 .data          0x0040c024        0x0 e:/qp/qtools/bin/../lib/gcc/mingw32/4.5.2/../../../libuser32.a(daois00182.o)
 .data          0x0040c024        0x0 e:/qp/qtools/bin/../lib/gcc/mingw32/4.5.2/../../../libuser32.a(daois00405.o)
 .data          0x0040c024        0x0 e:/qp/qtools/bin/../lib/gcc/mingw32/4.5.2/../../../libuser32.a(daois00403.o)
 .data          0x0040c024        0x0 e:/qp/qtools/bin/../lib/gcc/mingw32/4.5.2/../../../libuser32.a(daois00533.o)
 .data          0x0040c024        0x0 e:/qp/qtools/bin/../lib/gcc/mingw32/4.5.2/../../../libuser32.a(daois00134.o)
 .data          0x0040c024        0x0 e:/qp/qtools/bin/../lib/gcc/mingw32/4.5.2/../../../libuser32.a(daois00585.o)
 .data          0x0040c024        0x0 e:/qp/qtools/bin/../lib/gcc/mingw32/4.5.2/../../../libuser32.a(daois00608.o)
 .data          0x0040c024        0x0 e:/qp/qtools/bin/../lib/gcc/mingw32/4.5.2/../../../libuser32.a(daois00149.o)
 .data          0x0040c024        0x0 e:/qp/qtools/bin/../lib/gcc/mingw32/4.5.2/../../../libuser32.a(daois00293.o)
 .data          0x0040c024        0x0 e:/qp/qtools/bin/../lib/gcc/mingw32/4.5.2/../../../libuser32.a(daois00480.o)
 .data          0x0040c024        0x0 e:/qp/qtools/bin/../lib/gcc/mingw32/4.5.2/../../../libuser32.a(daois00080.o)
 .data          0x0040c024        0x0 e:/qp/qtools/bin/../lib/gcc/mingw32/4.5.2/../../../libuser32.a(daois00248.o)
 .data          0x0040c024        0x0 e:/qp/qtools/bin/../lib/gcc/mingw32/4.5.2/../../../libuser32.a(daois00508.o)
 .data          0x0040c024        0x0 e:/qp/qtools/bin/../lib/gcc/mingw32/4.5.2/../../../libuser32.a(daois00253.o)
 .data          0x0040c024        0x0 e:/qp/qtools/bin/../lib/gcc/mingw32/4.5.2/../../../libuser32.a(daois00348.o)
 .data          0x0040c024        0x0 e:/qp/qtools/bin/../lib/gcc/mingw32/4.5.2/../../../libuser32.a(daois00520.o)
 .data          0x0040c024        0x0 e:/qp/qtools/bin/../lib/gcc/mingw32/4.5.2/../../../libuser32.a(daoih.o)
 .data          0x0040c024        0x0 e:/qp/qtools/bin/../lib/gcc/mingw32/4.5.2/../../../libuser32.a(daoit.o)
 .data          0x0040c024        0x0 e:/qp/qtools/bin/../lib/gcc/mingw32/4.5.2/../../../libkernel32.a(dchds01140.o)
 .data          0x0040c024        0x0 e:/qp/qtools/bin/../lib/gcc/mingw32/4.5.2/../../../libkernel32.a(dchds00279.o)
 .data          0x0040c024        0x0 e:/qp/qtools/bin/../lib/gcc/mingw32/4.5.2/../../../libkernel32.a(dchds00529.o)
 .data          0x0040c024        0x0 e:/qp/qtools/bin/../lib/gcc/mingw32/4.5.2/../../../libkernel32.a(dchds00577.o)
 .data          0x0040c024        0x0 e:/qp/qtools/bin/../lib/gcc/mingw32/4.5.2/../../../libkernel32.a(dchds00179.o)
 .data          0x0040c024        0x0 e:/qp/qtools/bin/../lib/gcc/mingw32/4.5.2/../../../libkernel32.a(dchds00892.o)
 .data          0x0040c024        0x0 e:/qp/qtools/bin/../lib/gcc/mingw32/4.5.2/../../../libkernel32.a(dchds00236.o)
 .data          0x0040c024        0x0 e:/qp/qtools/bin/../lib/gcc/mingw32/4.5.2/../../../libkernel32.a(dchds00814.o)
 .data          0x0040c024        0x0 e:/qp/qtools/bin/../lib/gcc/mingw32/4.5.2/../../../libkernel32.a(dchds00082.o)
 .data          0x0040c024        0x0 e:/qp/qtools/bin/../lib/gcc/mingw32/4.5.2/../../../libkernel32.a(dchds00734.o)
 .data          0x0040c024        0x0 e:/qp/qtools/bin/../lib/gcc/mingw32/4.5.2/../../../libkernel32.a(dchds00450.o)
 .data          0x0040c024        0x0 e:/qp/qtools/bin/../lib/gcc/mingw32/4.5.2/../../../libkernel32.a(dchds01129.o)
 .data          0x0040c024        0x0 e:/qp/qtools/bin/../lib/gcc/mingw32/4.5.2/../../../libkernel32.a(dchds01152.o)
 .data          0x0040c024        0x0 e:/qp/qtools/bin/../lib/gcc/mingw32/4.5.2/../../../libkernel32.a(dchds00129.o)
 .data          0x0040c024        0x0 e:/qp/qtools/bin/../lib/gcc/mingw32/4.5.2/../../../libkernel32.a(dchds01065.o)
 .data          0x0040c024        0x0 e:/qp/qtools/bin/../lib/gcc/mingw32/4.5.2/../../../libkernel32.a(dchds01223.o)
 .data          0x0040c024        0x0 e:/qp/qtools/bin/../lib/gcc/mingw32/4.5.2/../../../libkernel32.a(dchds01215.o)
 .data          0x0040c024        0x0 e:/qp/qtools/bin/../lib/gcc/mingw32/4.5.2/../../../libkernel32.a(dchds01213.o)
 .data          0x0040c024        0x0 e:/qp/qtools/bin/../lib/gcc/mingw32/4.5.2/../../../libkernel32.a(dchds00388.o)
 .data          0x0040c024        0x0 e:/qp/qtools/bin/../lib/gcc/mingw32/4.5.2/../../../libkernel32.a(dchds00606.o)
 .data          0x0040c024        0x0 e:/qp/qtools/bin/../lib/gcc/mingw32/4.5.2/../../../libkernel32.a(dchds01173.o)
 .data          0x0040c024        0x0 e:/qp/qtools/bin/../lib/gcc/mingw32/4.5.2/../../../libkernel32.a(dchds00510.o)
 .data          0x0040c024        0x0 e:/qp/qtools/bin/../lib/gcc/mingw32/4.5.2/../../../libkernel32.a(dchds00207.o)
 .data          0x0040c024        0x0 e:/qp/qtools/bin/../lib/gcc/mingw32/4.5.2/../../../libkernel32.a(dchds01247.o)
 .data          0x0040c024        0x0 e:/qp/qtools/bin/../lib/gcc/mingw32/4.5.2/../../../libkernel32.a(dchds00860.o)
 .data          0x0040c024        0x0 e:/qp/qtools/bin/../lib/gcc/mingw32/4.5.2/../../../libkernel32.a(dchds00763.o)
 .data          0x0040c024        0x0 e:/qp/qtools/bin/../lib/gcc/mingw32/4.5.2/../../../libkernel32.a(dchds00744.o)
 .data          0x0040c024        0x0 e:/qp/qtools/bin/../lib/gcc/mingw32/4.5.2/../../../libkernel32.a(dchdh.o)
 .data          0x0040c024        0x0 e:/qp/qtools/bin/../lib/gcc/mingw32/4.5.2/../../../libkernel32.a(dchdt.o)
 .data          0x0040c024        0x0 e:/qp/qtools/bin/../lib/gcc/mingw32/4.5.2/libgcc.a(_umoddi3.o)
 .data          0x0040c024        0x0 e:/qp/qtools/bin/../lib/gcc/mingw32/4.5.2/libgcc.a(_udivdi3.o)
 .data          0x0040c024        0x0 e:/qp/qtools/bin/../lib/gcc/mingw32/4.5.2/libgcc.a(_chkstk.o)
 .data          0x0040c024        0x0 e:/qp/qtools/bin/../lib/gcc/mingw32/4.5.2/crtend.o
 *(.data2)
 *(SORT(.data$*))
 .data$dict_sent.1699
                0x0040c024        0x4 dbg/mine1.o
 .data$dict_sent.1699
                0x0040c028        0x4 dbg/mine2.o
 .data$l_cmdLine
                0x0040c02c        0x4 dbg/bsp.o
 *fill*         0x0040c030       0x10 00
 .data$l_fb     0x0040c040      0x820 dbg/bsp.o
 .data$l_hDC    0x0040c860        0x4 E:\qp\qpc/ports/win32/dbg/libqp.a(qwin_gui.o)
 .data$l_hInst  0x0040c864        0x4 dbg/bsp.o
 .data$l_hWnd   0x0040c868        0x4 dbg/bsp.o
 .data$l_hWnd   0x0040c86c        0x4 E:\qp\qpc/ports/win32/dbg/libqp.a(qwin_gui.o)
 .data$l_isRunning
                0x0040c870        0x4 E:\qp\qpc/ports/win32/dbg/libqp.a(qf_port.o)
 *fill*         0x0040c874        0xc 00
 .data$l_lcd    0x0040c880       0x40 dbg/bsp.o
 .data$l_mine1  0x0040c8c0       0x60 dbg/mine1.o
 .data$l_mine2  0x0040c920       0x60 dbg/mine2.o
 .data$l_missile
                0x0040c980       0x40 dbg/missile.o
 .data$l_rnd    0x0040c9c0        0x4 dbg/bsp.o
 .data$l_scoreBoard
                0x0040c9c4       0x10 dbg/bsp.o
 *fill*         0x0040c9d4        0xc 00
 .data$l_ship   0x0040c9e0       0x40 dbg/ship.o
 .data$l_startupCritSect
                0x0040ca20       0x18 E:\qp\qpc/ports/win32/dbg/libqp.a(qf_port.o)
 .data$l_tickMsec
                0x0040ca38        0x4 E:\qp\qpc/ports/win32/dbg/libqp.a(qf_port.o)
 *fill*         0x0040ca3c        0x4 00
 .data$l_tunnel
                0x0040ca40       0xa0 dbg/tunnel.o
 .data$l_userBtn0
                0x0040cae0       0x14 dbg/bsp.o
 .data$l_userBtn1
                0x0040caf4       0x14 dbg/bsp.o
 .data$l_userLED0
                0x0040cb08       0x10 dbg/bsp.o
 .data$l_userLED1
                0x0040cb18       0x10 dbg/bsp.o
 *fill*         0x0040cb28       0x18 00
 .data$l_walls  0x0040cb40      0x780 dbg/bsp.o
 .data$l_win32CritSect
                0x0040d2c0       0x18 E:\qp\qpc/ports/win32/dbg/libqp.a(qf_port.o)
 *fill*         0x0040d2d8        0x8 00
 .data$medPoolSto.1680
                0x0040d2e0      0x640 dbg/main.o
 .data$missileQueueSto.1672
                0x0040d920       0x60 dbg/main.o
 .data$shipQueueSto.1673
                0x0040d980       0x80 dbg/main.o
 .data$smlPoolSto.1677
                0x0040da00      0x1a0 dbg/main.o
 .data$subscrSto.1681
                0x0040dba0       0x40 dbg/main.o
 .data$tunnelQueueSto.1674
                0x0040dbe0      0x1a0 dbg/main.o
 *(.jcr)
 .jcr           0x0040dd80        0x0 e:/qp/qtools/bin/../lib/gcc/mingw32/4.5.2/crtbegin.o
 .jcr           0x0040dd80        0x4 e:/qp/qtools/bin/../lib/gcc/mingw32/4.5.2/crtend.o
                0x0040dd84                __data_end__ = .
 *(.data_cygwin_nocopy)

.rdata          0x0040e000      0xc00
 *(.rdata)
 .rdata         0x0040e000       0x64 e:/qp/qtools/bin/../lib/gcc/mingw32/4.5.2/crtbegin.o
 .rdata         0x0040e064       0x84 dbg/bsp.o
 .rdata         0x0040e0e8       0x54 dbg/ship.o
 .rdata         0x0040e13c      0x110 dbg/tunnel.o
 .rdata         0x0040e24c       0x18 E:\qp\qpc/ports/win32/dbg/libqp.a(qwin_gui.o)
 .rdata         0x0040e264        0x4 e:/qp/qtools/bin/../lib/gcc/mingw32/4.5.2/../../../libmingw32.a(tlssup.o)
                0x0040e264                __dyn_tls_init_callback
 .rdata         0x0040e268       0xac e:/qp/qtools/bin/../lib/gcc/mingw32/4.5.2/../../../libmingw32.a(pseudo-reloc.o)
 .rdata         0x0040e314      0x1a0 e:/qp/qtools/bin/../lib/gcc/mingw32/4.5.2/../../../libmingwex.a(pformat.o)
 *fill*         0x0040e4b4        0x4 00
 .rdata         0x0040e4b8       0x68 e:/qp/qtools/bin/../lib/gcc/mingw32/4.5.2/../../../libmingwex.a(gdtoa.o)
 .rdata         0x0040e520      0x160 e:/qp/qtools/bin/../lib/gcc/mingw32/4.5.2/../../../libmingwex.a(misc.o)
                0x0040e520                __bigtens_D2A
                0x0040e560                __tinytens_D2A
                0x0040e5a0                __tens_D2A
 *(SORT(.rdata$*))
 .rdata$AO_Missile
                0x0040e680        0x4 dbg/missile.o
                0x0040e680                AO_Missile
 .rdata$AO_Ship
                0x0040e684        0x4 dbg/ship.o
                0x0040e684                AO_Ship
 .rdata$AO_Tunnel
                0x0040e688        0x4 dbg/tunnel.o
                0x0040e688                AO_Tunnel
 .rdata$QEP_reservedEvt_
                0x0040e68c       0x10 E:\qp\qpc/ports/win32/dbg/libqp.a(qep_hsm.o)
 .rdata$QP_versionStr
                0x0040e69c        0x8 E:\qp\qpc/ports/win32/dbg/libqp.a(qep_hsm.o)
                0x0040e69c                QP_versionStr
 .rdata$Q_BUILD_DATE
                0x0040e6a4        0xc dbg/qstamp.o
                0x0040e6a4                Q_BUILD_DATE
 .rdata$Q_BUILD_TIME
                0x0040e6b0        0xc dbg/qstamp.o
                0x0040e6b0                Q_BUILD_TIME
 .rdata$Q_this_module_
                0x0040e6bc        0x8 dbg/bsp.o
 .rdata$Q_this_module_
                0x0040e6c4        0xc dbg/mine1.o
 .rdata$Q_this_module_
                0x0040e6d0        0xc dbg/mine2.o
 .rdata$Q_this_module_
                0x0040e6dc        0xc dbg/tunnel.o
 .rdata$Q_this_module_
                0x0040e6e8        0x8 E:\qp\qpc/ports/win32/dbg/libqp.a(qf_ps.o)
 .rdata$Q_this_module_
                0x0040e6f0        0x8 E:\qp\qpc/ports/win32/dbg/libqp.a(qf_port.o)
 .rdata$Q_this_module_
                0x0040e6f8        0x8 E:\qp\qpc/ports/win32/dbg/libqp.a(qf_time.o)
 .rdata$Q_this_module_
                0x0040e700        0x8 E:\qp\qpc/ports/win32/dbg/libqp.a(qf_dyn.o)
 .rdata$Q_this_module_
                0x0040e708        0x8 E:\qp\qpc/ports/win32/dbg/libqp.a(qep_hsm.o)
 .rdata$Q_this_module_
                0x0040e710        0x8 E:\qp\qpc/ports/win32/dbg/libqp.a(qf_act.o)
 .rdata$Q_this_module_
                0x0040e718        0x8 E:\qp\qpc/ports/win32/dbg/libqp.a(qf_actq.o)
 .rdata$Q_this_module_
                0x0040e720        0x8 E:\qp\qpc/ports/win32/dbg/libqp.a(qf_qeq.o)
 .rdata$Q_this_module_
                0x0040e728        0x8 E:\qp\qpc/ports/win32/dbg/libqp.a(qf_mem.o)
 .rdata$c_offColor
                0x0040e730        0x4 dbg/bsp.o
 .rdata$explosion0_bits
                0x0040e734        0x4 dbg/bsp.o
 .rdata$explosion1_bits
                0x0040e738        0x4 dbg/bsp.o
 .rdata$explosion2_bits
                0x0040e73c        0x8 dbg/bsp.o
 .rdata$explosion3_bits
                0x0040e744        0x8 dbg/bsp.o
 .rdata$fireEvt.15508
                0x0040e74c        0x4 dbg/bsp.o
 *fill*         0x0040e750       0x10 00
 .rdata$font5x7.15564
                0x0040e760      0x2a0 dbg/bsp.o
 .rdata$hit.1807
                0x0040ea00        0x4 dbg/tunnel.o
 .rdata$hit.1812
                0x0040ea04        0x4 dbg/tunnel.o
 *fill*         0x0040ea08       0x18 00
 .rdata$l_bitmap
                0x0040ea20       0x60 dbg/bsp.o
 .rdata$log2LUT.14858
                0x0040ea80       0x10 E:\qp\qpc/ports/win32/dbg/libqp.a(qf_act.o)
 .rdata$mine1_bits
                0x0040ea90        0x4 dbg/bsp.o
 .rdata$mine1_destroyed.1735
                0x0040ea94        0x8 dbg/mine1.o
 .rdata$mine1_hit.1730
                0x0040ea9c        0x8 dbg/mine1.o
 .rdata$mine1_hit.1730
                0x0040eaa4        0x8 dbg/mine2.o
 .rdata$mine2_bits
                0x0040eaac        0x4 dbg/bsp.o
 .rdata$mine2_destroyed.1735
                0x0040eab0        0x8 dbg/mine2.o
 .rdata$mine2_missile_bits
                0x0040eab8        0x4 dbg/bsp.o
 .rdata$missile_bits
                0x0040eabc        0x4 dbg/bsp.o
 .rdata$ship_bits
                0x0040eac0        0x4 dbg/bsp.o
 .rdata$takeoff.1798
                0x0040eac4        0x4 dbg/tunnel.o
 .rdata$tickEvt.14898
                0x0040eac8        0x4 E:\qp\qpc/ports/win32/dbg/libqp.a(qf_actq.o)
 .rdata$tickEvt.15518
                0x0040eacc        0x4 dbg/bsp.o
 .rdata$vtbl.1359
                0x0040ead0        0x8 E:\qp\qpc/ports/win32/dbg/libqp.a(qep_hsm.o)
 .rdata$vtbl.14830
                0x0040ead8       0x14 E:\qp\qpc/ports/win32/dbg/libqp.a(qf_qact.o)
 .rdata$vtbl.14880
                0x0040eaec       0x14 E:\qp\qpc/ports/win32/dbg/libqp.a(qf_actq.o)
                0x0040eb00                ___RUNTIME_PSEUDO_RELOC_LIST__ = .
                0x0040eb00                __RUNTIME_PSEUDO_RELOC_LIST__ = .
 *(.rdata_runtime_pseudo_reloc)
                0x0040eb00                ___RUNTIME_PSEUDO_RELOC_LIST_END__ = .
                0x0040eb00                __RUNTIME_PSEUDO_RELOC_LIST_END__ = .

.eh_frame       0x0040f000      0x200
 *(.eh_frame)
 .eh_frame      0x0040f000        0x0 e:/qp/qtools/bin/../lib/gcc/mingw32/4.5.2/crtbegin.o
 .eh_frame      0x0040f000       0x6c e:/qp/qtools/bin/../lib/gcc/mingw32/4.5.2/libgcc.a(_umoddi3.o)
 .eh_frame      0x0040f06c       0x6c e:/qp/qtools/bin/../lib/gcc/mingw32/4.5.2/libgcc.a(_udivdi3.o)
 .eh_frame      0x0040f0d8        0x4 e:/qp/qtools/bin/../lib/gcc/mingw32/4.5.2/crtend.o

.pdata
 *(.pdata)

.bss            0x00410000      0xbf4
                0x00410000                __bss_start__ = .
 *(.bss)
 .bss           0x00410000        0x8 e:/qp/qtools/bin/../lib/gcc/mingw32/4.5.2/../../../crt2.o
                0x00410000                _argc
                0x00410004                _argv
 .bss           0x00410008       0x18 e:/qp/qtools/bin/../lib/gcc/mingw32/4.5.2/crtbegin.o
 .bss           0x00410020        0x0 dbg/bsp.o
 .bss           0x00410020        0x0 dbg/main.o
 .bss           0x00410020        0x0 dbg/mine1.o
 .bss           0x00410020        0x0 dbg/mine2.o
 .bss           0x00410020        0x0 dbg/missile.o
 .bss           0x00410020        0x0 dbg/ship.o
 .bss           0x00410020        0x0 dbg/tunnel.o
 .bss           0x00410020        0x0 dbg/qstamp.o
 .bss           0x00410020        0x0 E:\qp\qpc/ports/win32/dbg/libqp.a(qf_ps.o)
 .bss           0x00410020        0x0 E:\qp\qpc/ports/win32/dbg/libqp.a(qf_port.o)
 .bss           0x00410020        0x0 E:\qp\qpc/ports/win32/dbg/libqp.a(qf_time.o)
 .bss           0x00410020        0x0 E:\qp\qpc/ports/win32/dbg/libqp.a(qwin_gui.o)
 .bss           0x00410020        0x0 E:\qp\qpc/ports/win32/dbg/libqp.a(qf_dyn.o)
 .bss           0x00410020        0x0 E:\qp\qpc/ports/win32/dbg/libqp.a(qep_hsm.o)
 .bss           0x00410020        0x0 E:\qp\qpc/ports/win32/dbg/libqp.a(qf_qact.o)
 .bss           0x00410020        0x0 E:\qp\qpc/ports/win32/dbg/libqp.a(qf_act.o)
 .bss           0x00410020        0x0 E:\qp\qpc/ports/win32/dbg/libqp.a(qf_actq.o)
 .bss           0x00410020        0x0 E:\qp\qpc/ports/win32/dbg/libqp.a(qf_qeq.o)
 .bss           0x00410020        0x0 E:\qp\qpc/ports/win32/dbg/libqp.a(qf_mem.o)
 .bss           0x00410020       0x10 e:/qp/qtools/bin/../lib/gcc/mingw32/4.5.2/../../../libmingw32.a(tlssup.o)
                0x00410020                _tls_index
                0x00410024                mingw_initltsdrot_force
                0x00410028                mingw_initltsdyn_force
                0x0041002c                mingw_initltssuo_force
 .bss           0x00410030        0x0 e:/qp/qtools/bin/../lib/gcc/mingw32/4.5.2/../../../libmingw32.a(CRTglob.o)
 .bss           0x00410030        0x4 e:/qp/qtools/bin/../lib/gcc/mingw32/4.5.2/../../../libmingw32.a(CRTfmode.o)
                0x00410030                _CRT_fmode
 .bss           0x00410034        0x0 e:/qp/qtools/bin/../lib/gcc/mingw32/4.5.2/../../../libmingw32.a(txtmode.o)
 .bss           0x00410034        0x4 e:/qp/qtools/bin/../lib/gcc/mingw32/4.5.2/../../../libmingw32.a(cpu_features.o)
                0x00410034                __cpu_features
 .bss           0x00410038        0x0 e:/qp/qtools/bin/../lib/gcc/mingw32/4.5.2/../../../libmingw32.a(CRT_fp10.o)
 .bss           0x00410038        0x4 e:/qp/qtools/bin/../lib/gcc/mingw32/4.5.2/../../../libmingw32.a(pseudo-reloc.o)
 .bss           0x0041003c        0x4 e:/qp/qtools/bin/../lib/gcc/mingw32/4.5.2/../../../libmingw32.a(gccmain.o)
 .bss           0x00410040        0x0 e:/qp/qtools/bin/../lib/gcc/mingw32/4.5.2/../../../libmingw32.a(main.o)
 .bss           0x00410040        0x4 e:/qp/qtools/bin/../lib/gcc/mingw32/4.5.2/../../../libmingw32.a(crtst.o)
                0x00410040                _CRT_MT
 .bss           0x00410044       0x20 e:/qp/qtools/bin/../lib/gcc/mingw32/4.5.2/../../../libmingw32.a(tlsthrd.o)
 .bss           0x00410064        0x4 e:/qp/qtools/bin/../lib/gcc/mingw32/4.5.2/../../../libmingw32.a(pseudo-reloc-list.o)
 .bss           0x00410068        0x0 e:/qp/qtools/bin/../lib/gcc/mingw32/4.5.2/libgcc.a(_ctors.o)
 .bss           0x00410068        0x0 e:/qp/qtools/bin/../lib/gcc/mingw32/4.5.2/../../../libmingwex.a(snprintf.o)
 .bss           0x00410068        0x0 e:/qp/qtools/bin/../lib/gcc/mingw32/4.5.2/../../../libmingwex.a(vsnprintf.o)
 .bss           0x00410068        0x0 e:/qp/qtools/bin/../lib/gcc/mingw32/4.5.2/../../../libmingwex.a(pformat.o)
 .bss           0x00410068        0x0 e:/qp/qtools/bin/../lib/gcc/mingw32/4.5.2/../../../libmingwex.a(gdtoa.o)
 .bss           0x00410068        0x0 e:/qp/qtools/bin/../lib/gcc/mingw32/4.5.2/../../../libmingwex.a(wcrtomb.o)
 .bss           0x00410068        0xc e:/qp/qtools/bin/../lib/gcc/mingw32/4.5.2/../../../libmingwex.a(mbrtowc.o)
 .bss           0x00410074        0x0 e:/qp/qtools/bin/../lib/gcc/mingw32/4.5.2/../../../libmingwex.a(dmisc.o)
 *fill*         0x00410074        0xc 00
 .bss           0x00410080      0x9a0 e:/qp/qtools/bin/../lib/gcc/mingw32/4.5.2/../../../libmingwex.a(misc.o)
 .bss           0x00410a20        0x0 e:/qp/qtools/bin/../lib/gcc/mingw32/4.5.2/../../../libmingwex.a(gmisc.o)
 .bss           0x00410a20        0x0 e:/qp/qtools/bin/../lib/gcc/mingw32/4.5.2/../../../libmsvcrt.a(dcfls00266.o)
 .bss           0x00410a20        0x0 e:/qp/qtools/bin/../lib/gcc/mingw32/4.5.2/../../../libmsvcrt.a(dcfls00099.o)
 .bss           0x00410a20        0x0 e:/qp/qtools/bin/../lib/gcc/mingw32/4.5.2/../../../libmsvcrt.a(dcfls00590.o)
 .bss           0x00410a20        0x0 e:/qp/qtools/bin/../lib/gcc/mingw32/4.5.2/../../../libmsvcrt.a(dcfls00383.o)
 .bss           0x00410a20        0x0 e:/qp/qtools/bin/../lib/gcc/mingw32/4.5.2/../../../libmsvcrt.a(dcfls00055.o)
 .bss           0x00410a20        0x0 e:/qp/qtools/bin/../lib/gcc/mingw32/4.5.2/../../../libmsvcrt.a(dcfls00079.o)
 .bss           0x00410a20        0x0 e:/qp/qtools/bin/../lib/gcc/mingw32/4.5.2/../../../libmsvcrt.a(dcfls00077.o)
 .bss           0x00410a20        0x0 e:/qp/qtools/bin/../lib/gcc/mingw32/4.5.2/../../../libmsvcrt.a(dcfls00147.o)
 .bss           0x00410a20        0x0 e:/qp/qtools/bin/../lib/gcc/mingw32/4.5.2/../../../libmsvcrt.a(dcfls00426.o)
 .bss           0x00410a20        0x0 e:/qp/qtools/bin/../lib/gcc/mingw32/4.5.2/../../../libmsvcrt.a(dcfls00706.o)
 .bss           0x00410a20        0x0 e:/qp/qtools/bin/../lib/gcc/mingw32/4.5.2/../../../libmsvcrt.a(dcfls00625.o)
 .bss           0x00410a20        0x0 e:/qp/qtools/bin/../lib/gcc/mingw32/4.5.2/../../../libmsvcrt.a(dcfls00595.o)
 .bss           0x00410a20        0x0 e:/qp/qtools/bin/../lib/gcc/mingw32/4.5.2/../../../libmsvcrt.a(dcfls00633.o)
 .bss           0x00410a20        0x0 e:/qp/qtools/bin/../lib/gcc/mingw32/4.5.2/../../../libmsvcrt.a(dcfls00748.o)
 .bss           0x00410a20        0x0 e:/qp/qtools/bin/../lib/gcc/mingw32/4.5.2/../../../libmsvcrt.a(dcfls00583.o)
 .bss           0x00410a20        0x0 e:/qp/qtools/bin/../lib/gcc/mingw32/4.5.2/../../../libmsvcrt.a(dcfls00620.o)
 .bss           0x00410a20        0x0 e:/qp/qtools/bin/../lib/gcc/mingw32/4.5.2/../../../libmsvcrt.a(dcfls00671.o)
 .bss           0x00410a20        0x0 e:/qp/qtools/bin/../lib/gcc/mingw32/4.5.2/../../../libmsvcrt.a(dcfls00637.o)
 .bss           0x00410a20        0x0 e:/qp/qtools/bin/../lib/gcc/mingw32/4.5.2/../../../libmsvcrt.a(ofmt_stub.o)
 .bss           0x00410a20        0x0 e:/qp/qtools/bin/../lib/gcc/mingw32/4.5.2/../../../libmsvcrt.a(dcfls00761.o)
 .bss           0x00410a20        0x0 e:/qp/qtools/bin/../lib/gcc/mingw32/4.5.2/../../../libmsvcrt.a(dcfls00065.o)
 .bss           0x00410a20        0x0 e:/qp/qtools/bin/../lib/gcc/mingw32/4.5.2/../../../libmsvcrt.a(dcfls00182.o)
 .bss           0x00410a20        0x0 e:/qp/qtools/bin/../lib/gcc/mingw32/4.5.2/../../../libmsvcrt.a(dcfls00704.o)
 .bss           0x00410a20        0x0 e:/qp/qtools/bin/../lib/gcc/mingw32/4.5.2/../../../libmsvcrt.a(dcfls00714.o)
 .bss           0x00410a20        0x0 e:/qp/qtools/bin/../lib/gcc/mingw32/4.5.2/../../../libmsvcrt.a(dcfls00592.o)
 .bss           0x00410a20        0x0 e:/qp/qtools/bin/../lib/gcc/mingw32/4.5.2/../../../libmsvcrt.a(dcfls00676.o)
 .bss           0x00410a20        0x0 e:/qp/qtools/bin/../lib/gcc/mingw32/4.5.2/../../../libmsvcrt.a(dcflh.o)
 .bss           0x00410a20        0x0 e:/qp/qtools/bin/../lib/gcc/mingw32/4.5.2/../../../libmsvcrt.a(dcflt.o)
 .bss           0x00410a20        0x0 e:/qp/qtools/bin/../lib/gcc/mingw32/4.5.2/../../../libgdi32.a(dkfhs00073.o)
 .bss           0x00410a20        0x0 e:/qp/qtools/bin/../lib/gcc/mingw32/4.5.2/../../../libgdi32.a(dkfhs00070.o)
 .bss           0x00410a20        0x0 e:/qp/qtools/bin/../lib/gcc/mingw32/4.5.2/../../../libgdi32.a(dkfhs00334.o)
 .bss           0x00410a20        0x0 e:/qp/qtools/bin/../lib/gcc/mingw32/4.5.2/../../../libgdi32.a(dkfhs00034.o)
 .bss           0x00410a20        0x0 e:/qp/qtools/bin/../lib/gcc/mingw32/4.5.2/../../../libgdi32.a(dkfhs00039.o)
 .bss           0x00410a20        0x0 e:/qp/qtools/bin/../lib/gcc/mingw32/4.5.2/../../../libgdi32.a(dkfhs00281.o)
 .bss           0x00410a20        0x0 e:/qp/qtools/bin/../lib/gcc/mingw32/4.5.2/../../../libgdi32.a(dkfhs00177.o)
 .bss           0x00410a20        0x0 e:/qp/qtools/bin/../lib/gcc/mingw32/4.5.2/../../../libgdi32.a(dkfhs00306.o)
 .bss           0x00410a20        0x0 e:/qp/qtools/bin/../lib/gcc/mingw32/4.5.2/../../../libgdi32.a(dkfhs00185.o)
 .bss           0x00410a20        0x0 e:/qp/qtools/bin/../lib/gcc/mingw32/4.5.2/../../../libgdi32.a(dkfhs00068.o)
 .bss           0x00410a20        0x0 e:/qp/qtools/bin/../lib/gcc/mingw32/4.5.2/../../../libgdi32.a(dkfhs00012.o)
 .bss           0x00410a20        0x0 e:/qp/qtools/bin/../lib/gcc/mingw32/4.5.2/../../../libgdi32.a(dkfhh.o)
 .bss           0x00410a20        0x0 e:/qp/qtools/bin/../lib/gcc/mingw32/4.5.2/../../../libgdi32.a(dkfht.o)
 .bss           0x00410a20        0x0 e:/qp/qtools/bin/../lib/gcc/mingw32/4.5.2/../../../libuser32.a(daois00434.o)
 .bss           0x00410a20        0x0 e:/qp/qtools/bin/../lib/gcc/mingw32/4.5.2/../../../libuser32.a(daois00468.o)
 .bss           0x00410a20        0x0 e:/qp/qtools/bin/../lib/gcc/mingw32/4.5.2/../../../libuser32.a(daois00182.o)
 .bss           0x00410a20        0x0 e:/qp/qtools/bin/../lib/gcc/mingw32/4.5.2/../../../libuser32.a(daois00405.o)
 .bss           0x00410a20        0x0 e:/qp/qtools/bin/../lib/gcc/mingw32/4.5.2/../../../libuser32.a(daois00403.o)
 .bss           0x00410a20        0x0 e:/qp/qtools/bin/../lib/gcc/mingw32/4.5.2/../../../libuser32.a(daois00533.o)
 .bss           0x00410a20        0x0 e:/qp/qtools/bin/../lib/gcc/mingw32/4.5.2/../../../libuser32.a(daois00134.o)
 .bss           0x00410a20        0x0 e:/qp/qtools/bin/../lib/gcc/mingw32/4.5.2/../../../libuser32.a(daois00585.o)
 .bss           0x00410a20        0x0 e:/qp/qtools/bin/../lib/gcc/mingw32/4.5.2/../../../libuser32.a(daois00608.o)
 .bss           0x00410a20        0x0 e:/qp/qtools/bin/../lib/gcc/mingw32/4.5.2/../../../libuser32.a(daois00149.o)
 .bss           0x00410a20        0x0 e:/qp/qtools/bin/../lib/gcc/mingw32/4.5.2/../../../libuser32.a(daois00293.o)
 .bss           0x00410a20        0x0 e:/qp/qtools/bin/../lib/gcc/mingw32/4.5.2/../../../libuser32.a(daois00480.o)
 .bss           0x00410a20        0x0 e:/qp/qtools/bin/../lib/gcc/mingw32/4.5.2/../../../libuser32.a(daois00080.o)
 .bss           0x00410a20        0x0 e:/qp/qtools/bin/../lib/gcc/mingw32/4.5.2/../../../libuser32.a(daois00248.o)
 .bss           0x00410a20        0x0 e:/qp/qtools/bin/../lib/gcc/mingw32/4.5.2/../../../libuser32.a(daois00508.o)
 .bss           0x00410a20        0x0 e:/qp/qtools/bin/../lib/gcc/mingw32/4.5.2/../../../libuser32.a(daois00253.o)
 .bss           0x00410a20        0x0 e:/qp/qtools/bin/../lib/gcc/mingw32/4.5.2/../../../libuser32.a(daois00348.o)
 .bss           0x00410a20        0x0 e:/qp/qtools/bin/../lib/gcc/mingw32/4.5.2/../../../libuser32.a(daois00520.o)
 .bss           0x00410a20        0x0 e:/qp/qtools/bin/../lib/gcc/mingw32/4.5.2/../../../libuser32.a(daoih.o)
 .bss           0x00410a20        0x0 e:/qp/qtools/bin/../lib/gcc/mingw32/4.5.2/../../../libuser32.a(daoit.o)
 .bss           0x00410a20        0x0 e:/qp/qtools/bin/../lib/gcc/mingw32/4.5.2/../../../libkernel32.a(dchds01140.o)
 .bss           0x00410a20        0x0 e:/qp/qtools/bin/../lib/gcc/mingw32/4.5.2/../../../libkernel32.a(dchds00279.o)
 .bss           0x00410a20        0x0 e:/qp/qtools/bin/../lib/gcc/mingw32/4.5.2/../../../libkernel32.a(dchds00529.o)
 .bss           0x00410a20        0x0 e:/qp/qtools/bin/../lib/gcc/mingw32/4.5.2/../../../libkernel32.a(dchds00577.o)
 .bss           0x00410a20        0x0 e:/qp/qtools/bin/../lib/gcc/mingw32/4.5.2/../../../libkernel32.a(dchds00179.o)
 .bss           0x00410a20        0x0 e:/qp/qtools/bin/../lib/gcc/mingw32/4.5.2/../../../libkernel32.a(dchds00892.o)
 .bss           0x00410a20        0x0 e:/qp/qtools/bin/../lib/gcc/mingw32/4.5.2/../../../libkernel32.a(dchds00236.o)
 .bss           0x00410a20        0x0 e:/qp/qtools/bin/../lib/gcc/mingw32/4.5.2/../../../libkernel32.a(dchds00814.o)
 .bss           0x00410a20        0x0 e:/qp/qtools/bin/../lib/gcc/mingw32/4.5.2/../../../libkernel32.a(dchds00082.o)
 .bss           0x00410a20        0x0 e:/qp/qtools/bin/../lib/gcc/mingw32/4.5.2/../../../libkernel32.a(dchds00734.o)
 .bss           0x00410a20        0x0 e:/qp/qtools/bin/../lib/gcc/mingw32/4.5.2/../../../libkernel32.a(dchds00450.o)
 .bss           0x00410a20        0x0 e:/qp/qtools/bin/../lib/gcc/mingw32/4.5.2/../../../libkernel32.a(dchds01129.o)
 .bss           0x00410a20        0x0 e:/qp/qtools/bin/../lib/gcc/mingw32/4.5.2/../../../libkernel32.a(dchds01152.o)
 .bss           0x00410a20        0x0 e:/qp/qtools/bin/../lib/gcc/mingw32/4.5.2/../../../libkernel32.a(dchds00129.o)
 .bss           0x00410a20        0x0 e:/qp/qtools/bin/../lib/gcc/mingw32/4.5.2/../../../libkernel32.a(dchds01065.o)
 .bss           0x00410a20        0x0 e:/qp/qtools/bin/../lib/gcc/mingw32/4.5.2/../../../libkernel32.a(dchds01223.o)
 .bss           0x00410a20        0x0 e:/qp/qtools/bin/../lib/gcc/mingw32/4.5.2/../../../libkernel32.a(dchds01215.o)
 .bss           0x00410a20        0x0 e:/qp/qtools/bin/../lib/gcc/mingw32/4.5.2/../../../libkernel32.a(dchds01213.o)
 .bss           0x00410a20        0x0 e:/qp/qtools/bin/../lib/gcc/mingw32/4.5.2/../../../libkernel32.a(dchds00388.o)
 .bss           0x00410a20        0x0 e:/qp/qtools/bin/../lib/gcc/mingw32/4.5.2/../../../libkernel32.a(dchds00606.o)
 .bss           0x00410a20        0x0 e:/qp/qtools/bin/../lib/gcc/mingw32/4.5.2/../../../libkernel32.a(dchds01173.o)
 .bss           0x00410a20        0x0 e:/qp/qtools/bin/../lib/gcc/mingw32/4.5.2/../../../libkernel32.a(dchds00510.o)
 .bss           0x00410a20        0x0 e:/qp/qtools/bin/../lib/gcc/mingw32/4.5.2/../../../libkernel32.a(dchds00207.o)
 .bss           0x00410a20        0x0 e:/qp/qtools/bin/../lib/gcc/mingw32/4.5.2/../../../libkernel32.a(dchds01247.o)
 .bss           0x00410a20        0x0 e:/qp/qtools/bin/../lib/gcc/mingw32/4.5.2/../../../libkernel32.a(dchds00860.o)
 .bss           0x00410a20        0x0 e:/qp/qtools/bin/../lib/gcc/mingw32/4.5.2/../../../libkernel32.a(dchds00763.o)
 .bss           0x00410a20        0x0 e:/qp/qtools/bin/../lib/gcc/mingw32/4.5.2/../../../libkernel32.a(dchds00744.o)
 .bss           0x00410a20        0x0 e:/qp/qtools/bin/../lib/gcc/mingw32/4.5.2/../../../libkernel32.a(dchdh.o)
 .bss           0x00410a20        0x0 e:/qp/qtools/bin/../lib/gcc/mingw32/4.5.2/../../../libkernel32.a(dchdt.o)
 .bss           0x00410a20        0x0 e:/qp/qtools/bin/../lib/gcc/mingw32/4.5.2/libgcc.a(_umoddi3.o)
 .bss           0x00410a20        0x0 e:/qp/qtools/bin/../lib/gcc/mingw32/4.5.2/libgcc.a(_udivdi3.o)
 .bss           0x00410a20        0x0 e:/qp/qtools/bin/../lib/gcc/mingw32/4.5.2/libgcc.a(_chkstk.o)
 .bss           0x00410a20        0x0 e:/qp/qtools/bin/../lib/gcc/mingw32/4.5.2/crtend.o
 *(COMMON)
 COMMON         0x00410a20        0x8 E:\qp\qpc/ports/win32/dbg/libqp.a(qf_ps.o)
                0x00410a20                QF_subscrList_
                0x00410a24                QF_maxPubSignal_
 *fill*         0x00410a28       0x18 00
 COMMON         0x00410a40       0x28 E:\qp\qpc/ports/win32/dbg/libqp.a(qf_time.o)
                0x00410a40                QF_timeEvtHead_
 *fill*         0x00410a68       0x18 00
 COMMON         0x00410a80       0x55 E:\qp\qpc/ports/win32/dbg/libqp.a(qf_dyn.o)
                0x00410a80                QF_pool_
                0x00410ad4                QF_maxPool_
 *fill*         0x00410ad5        0xb 00
 COMMON         0x00410ae0      0x104 E:\qp\qpc/ports/win32/dbg/libqp.a(qf_act.o)
                0x00410ae0                QF_active_
 COMMON         0x00410be4       0x10 e:/qp/qtools/bin/../lib/gcc/mingw32/4.5.2/libgcc.a(_ctors.o)
                0x00410bf4                __bss_end__ = .

.edata
 *(.edata)

/DISCARD/
 *(.debug$S)
 *(.debug$T)
 *(.debug$F)
 *(.drectve)
 *(.note.GNU-stack)
 *(.gnu.lto_*)

.idata          0x00411000      0xa00
 SORT(*)(.idata$2)
 .idata$2       0x00411000       0x14 e:/qp/qtools/bin/../lib/gcc/mingw32/4.5.2/../../../libgdi32.a(dkfhh.o)
                0x00411000                _head_libgdi32_a
 .idata$2       0x00411014       0x14 e:/qp/qtools/bin/../lib/gcc/mingw32/4.5.2/../../../libkernel32.a(dchdh.o)
                0x00411014                _head_libkernel32_a
 .idata$2       0x00411028       0x14 e:/qp/qtools/bin/../lib/gcc/mingw32/4.5.2/../../../libmsvcrt.a(dcflh.o)
                0x00411028                _head_libmsvcrt_a
 .idata$2       0x0041103c       0x14 e:/qp/qtools/bin/../lib/gcc/mingw32/4.5.2/../../../libuser32.a(daoih.o)
                0x0041103c                _head_libuser32_a
 SORT(*)(.idata$3)
                0x00411050        0x4 LONG 0x0
                0x00411054        0x4 LONG 0x0
                0x00411058        0x4 LONG 0x0
                0x0041105c        0x4 LONG 0x0
                0x00411060        0x4 LONG 0x0
 SORT(*)(.idata$4)
 .idata$4       0x00411064        0x0 e:/qp/qtools/bin/../lib/gcc/mingw32/4.5.2/../../../libgdi32.a(dkfhh.o)
 .idata$4       0x00411064        0x4 e:/qp/qtools/bin/../lib/gcc/mingw32/4.5.2/../../../libgdi32.a(dkfhs00012.o)
 .idata$4       0x00411068        0x4 e:/qp/qtools/bin/../lib/gcc/mingw32/4.5.2/../../../libgdi32.a(dkfhs00034.o)
 .idata$4       0x0041106c        0x4 e:/qp/qtools/bin/../lib/gcc/mingw32/4.5.2/../../../libgdi32.a(dkfhs00039.o)
 .idata$4       0x00411070        0x4 e:/qp/qtools/bin/../lib/gcc/mingw32/4.5.2/../../../libgdi32.a(dkfhs00068.o)
 .idata$4       0x00411074        0x4 e:/qp/qtools/bin/../lib/gcc/mingw32/4.5.2/../../../libgdi32.a(dkfhs00070.o)
 .idata$4       0x00411078        0x4 e:/qp/qtools/bin/../lib/gcc/mingw32/4.5.2/../../../libgdi32.a(dkfhs00073.o)
 .idata$4       0x0041107c        0x4 e:/qp/qtools/bin/../lib/gcc/mingw32/4.5.2/../../../libgdi32.a(dkfhs00177.o)
 .idata$4       0x00411080        0x4 e:/qp/qtools/bin/../lib/gcc/mingw32/4.5.2/../../../libgdi32.a(dkfhs00185.o)
 .idata$4       0x00411084        0x4 e:/qp/qtools/bin/../lib/gcc/mingw32/4.5.2/../../../libgdi32.a(dkfhs00281.o)
 .idata$4       0x00411088        0x4 e:/qp/qtools/bin/../lib/gcc/mingw32/4.5.2/../../../libgdi32.a(dkfhs00306.o)
 .idata$4       0x0041108c        0x4 e:/qp/qtools/bin/../lib/gcc/mingw32/4.5.2/../../../libgdi32.a(dkfhs00334.o)
 .idata$4       0x00411090        0x4 e:/qp/qtools/bin/../lib/gcc/mingw32/4.5.2/../../../libgdi32.a(dkfht.o)
 .idata$4       0x00411094        0x0 e:/qp/qtools/bin/../lib/gcc/mingw32/4.5.2/../../../libkernel32.a(dchdh.o)
 .idata$4       0x00411094        0x4 e:/qp/qtools/bin/../lib/gcc/mingw32/4.5.2/../../../libkernel32.a(dchds00082.o)
 .idata$4       0x00411098        0x4 e:/qp/qtools/bin/../lib/gcc/mingw32/4.5.2/../../../libkernel32.a(dchds00129.o)
 .idata$4       0x0041109c        0x4 e:/qp/qtools/bin/../lib/gcc/mingw32/4.5.2/../../../libkernel32.a(dchds00179.o)
 .idata$4       0x004110a0        0x4 e:/qp/qtools/bin/../lib/gcc/mingw32/4.5.2/../../../libkernel32.a(dchds00207.o)
 .idata$4       0x004110a4        0x4 e:/qp/qtools/bin/../lib/gcc/mingw32/4.5.2/../../../libkernel32.a(dchds00236.o)
 .idata$4       0x004110a8        0x4 e:/qp/qtools/bin/../lib/gcc/mingw32/4.5.2/../../../libkernel32.a(dchds00279.o)
 .idata$4       0x004110ac        0x4 e:/qp/qtools/bin/../lib/gcc/mingw32/4.5.2/../../../libkernel32.a(dchds00388.o)
 .idata$4       0x004110b0        0x4 e:/qp/qtools/bin/../lib/gcc/mingw32/4.5.2/../../../libkernel32.a(dchds00450.o)
 .idata$4       0x004110b4        0x4 e:/qp/qtools/bin/../lib/gcc/mingw32/4.5.2/../../../libkernel32.a(dchds00510.o)
 .idata$4       0x004110b8        0x4 e:/qp/qtools/bin/../lib/gcc/mingw32/4.5.2/../../../libkernel32.a(dchds00529.o)
 .idata$4       0x004110bc        0x4 e:/qp/qtools/bin/../lib/gcc/mingw32/4.5.2/../../../libkernel32.a(dchds00577.o)
 .idata$4       0x004110c0        0x4 e:/qp/qtools/bin/../lib/gcc/mingw32/4.5.2/../../../libkernel32.a(dchds00606.o)
 .idata$4       0x004110c4        0x4 e:/qp/qtools/bin/../lib/gcc/mingw32/4.5.2/../../../libkernel32.a(dchds00734.o)
 .idata$4       0x004110c8        0x4 e:/qp/qtools/bin/../lib/gcc/mingw32/4.5.2/../../../libkernel32.a(dchds00744.o)
 .idata$4       0x004110cc        0x4 e:/qp/qtools/bin/../lib/gcc/mingw32/4.5.2/../../../libkernel32.a(dchds00763.o)
 .idata$4       0x004110d0        0x4 e:/qp/qtools/bin/../lib/gcc/mingw32/4.5.2/../../../libkernel32.a(dchds00814.o)
 .idata$4       0x004110d4        0x4 e:/qp/qtools/bin/../lib/gcc/mingw32/4.5.2/../../../libkernel32.a(dchds00860.o)
 .idata$4       0x004110d8        0x4 e:/qp/qtools/bin/../lib/gcc/mingw32/4.5.2/../../../libkernel32.a(dchds00892.o)
 .idata$4       0x004110dc        0x4 e:/qp/qtools/bin/../lib/gcc/mingw32/4.5.2/../../../libkernel32.a(dchds01065.o)
 .idata$4       0x004110e0        0x4 e:/qp/qtools/bin/../lib/gcc/mingw32/4.5.2/../../../libkernel32.a(dchds01129.o)
 .idata$4       0x004110e4        0x4 e:/qp/qtools/bin/../lib/gcc/mingw32/4.5.2/../../../libkernel32.a(dchds01140.o)
 .idata$4       0x004110e8        0x4 e:/qp/qtools/bin/../lib/gcc/mingw32/4.5.2/../../../libkernel32.a(dchds01152.o)
 .idata$4       0x004110ec        0x4 e:/qp/qtools/bin/../lib/gcc/mingw32/4.5.2/../../../libkernel32.a(dchds01173.o)
 .idata$4       0x004110f0        0x4 e:/qp/qtools/bin/../lib/gcc/mingw32/4.5.2/../../../libkernel32.a(dchds01213.o)
 .idata$4       0x004110f4        0x4 e:/qp/qtools/bin/../lib/gcc/mingw32/4.5.2/../../../libkernel32.a(dchds01215.o)
 .idata$4       0x004110f8        0x4 e:/qp/qtools/bin/../lib/gcc/mingw32/4.5.2/../../../libkernel32.a(dchds01223.o)
 .idata$4       0x004110fc        0x4 e:/qp/qtools/bin/../lib/gcc/mingw32/4.5.2/../../../libkernel32.a(dchds01247.o)
 .idata$4       0x00411100        0x4 e:/qp/qtools/bin/../lib/gcc/mingw32/4.5.2/../../../libkernel32.a(dchdt.o)
 .idata$4       0x00411104        0x0 e:/qp/qtools/bin/../lib/gcc/mingw32/4.5.2/../../../libmsvcrt.a(dcflh.o)
 .idata$4       0x00411104        0x4 e:/qp/qtools/bin/../lib/gcc/mingw32/4.5.2/../../../libmsvcrt.a(dcfls00055.o)
 .idata$4       0x00411108        0x4 e:/qp/qtools/bin/../lib/gcc/mingw32/4.5.2/../../../libmsvcrt.a(dcfls00065.o)
 .idata$4       0x0041110c        0x4 e:/qp/qtools/bin/../lib/gcc/mingw32/4.5.2/../../../libmsvcrt.a(dcfls00077.o)
 .idata$4       0x00411110        0x4 e:/qp/qtools/bin/../lib/gcc/mingw32/4.5.2/../../../libmsvcrt.a(dcfls00079.o)
 .idata$4       0x00411114        0x4 e:/qp/qtools/bin/../lib/gcc/mingw32/4.5.2/../../../libmsvcrt.a(dcfls00099.o)
 .idata$4       0x00411118        0x4 e:/qp/qtools/bin/../lib/gcc/mingw32/4.5.2/../../../libmsvcrt.a(dcfls00147.o)
 .idata$4       0x0041111c        0x4 e:/qp/qtools/bin/../lib/gcc/mingw32/4.5.2/../../../libmsvcrt.a(dcfls00182.o)
 .idata$4       0x00411120        0x4 e:/qp/qtools/bin/../lib/gcc/mingw32/4.5.2/../../../libmsvcrt.a(dcfls00266.o)
 .idata$4       0x00411124        0x4 e:/qp/qtools/bin/../lib/gcc/mingw32/4.5.2/../../../libmsvcrt.a(dcfls00383.o)
 .idata$4       0x00411128        0x4 e:/qp/qtools/bin/../lib/gcc/mingw32/4.5.2/../../../libmsvcrt.a(dcfls00426.o)
 .idata$4       0x0041112c        0x4 e:/qp/qtools/bin/../lib/gcc/mingw32/4.5.2/../../../libmsvcrt.a(dcfls00583.o)
 .idata$4       0x00411130        0x4 e:/qp/qtools/bin/../lib/gcc/mingw32/4.5.2/../../../libmsvcrt.a(dcfls00590.o)
 .idata$4       0x00411134        0x4 e:/qp/qtools/bin/../lib/gcc/mingw32/4.5.2/../../../libmsvcrt.a(dcfls00592.o)
 .idata$4       0x00411138        0x4 e:/qp/qtools/bin/../lib/gcc/mingw32/4.5.2/../../../libmsvcrt.a(dcfls00595.o)
 .idata$4       0x0041113c        0x4 e:/qp/qtools/bin/../lib/gcc/mingw32/4.5.2/../../../libmsvcrt.a(dcfls00620.o)
 .idata$4       0x00411140        0x4 e:/qp/qtools/bin/../lib/gcc/mingw32/4.5.2/../../../libmsvcrt.a(dcfls00625.o)
 .idata$4       0x00411144        0x4 e:/qp/qtools/bin/../lib/gcc/mingw32/4.5.2/../../../libmsvcrt.a(dcfls00633.o)
 .idata$4       0x00411148        0x4 e:/qp/qtools/bin/../lib/gcc/mingw32/4.5.2/../../../libmsvcrt.a(dcfls00637.o)
 .idata$4       0x0041114c        0x4 e:/qp/qtools/bin/../lib/gcc/mingw32/4.5.2/../../../libmsvcrt.a(dcfls00671.o)
 .idata$4       0x00411150        0x4 e:/qp/qtools/bin/../lib/gcc/mingw32/4.5.2/../../../libmsvcrt.a(dcfls00676.o)
 .idata$4       0x00411154        0x4 e:/qp/qtools/bin/../lib/gcc/mingw32/4.5.2/../../../libmsvcrt.a(dcfls00704.o)
 .idata$4       0x00411158        0x4 e:/qp/qtools/bin/../lib/gcc/mingw32/4.5.2/../../../libmsvcrt.a(dcfls00706.o)
 .idata$4       0x0041115c        0x4 e:/qp/qtools/bin/../lib/gcc/mingw32/4.5.2/../../../libmsvcrt.a(dcfls00714.o)
 .idata$4       0x00411160        0x4 e:/qp/qtools/bin/../lib/gcc/mingw32/4.5.2/../../../libmsvcrt.a(dcfls00748.o)
 .idata$4       0x00411164        0x4 e:/qp/qtools/bin/../lib/gcc/mingw32/4.5.2/../../../libmsvcrt.a(dcfls00761.o)
 .idata$4       0x00411168        0x4 e:/qp/qtools/bin/../lib/gcc/mingw32/4.5.2/../../../libmsvcrt.a(dcflt.o)
 .idata$4       0x0041116c        0x0 e:/qp/qtools/bin/../lib/gcc/mingw32/4.5.2/../../../libuser32.a(daoih.o)
 .idata$4       0x0041116c        0x4 e:/qp/qtools/bin/../lib/gcc/mingw32/4.5.2/../../../libuser32.a(daois00080.o)
 .idata$4       0x00411170        0x4 e:/qp/qtools/bin/../lib/gcc/mingw32/4.5.2/../../../libuser32.a(daois00134.o)
 .idata$4       0x00411174        0x4 e:/qp/qtools/bin/../lib/gcc/mingw32/4.5.2/../../../libuser32.a(daois00149.o)
 .idata$4       0x00411178        0x4 e:/qp/qtools/bin/../lib/gcc/mingw32/4.5.2/../../../libuser32.a(daois00182.o)
 .idata$4       0x0041117c        0x4 e:/qp/qtools/bin/../lib/gcc/mingw32/4.5.2/../../../libuser32.a(daois00248.o)
 .idata$4       0x00411180        0x4 e:/qp/qtools/bin/../lib/gcc/mingw32/4.5.2/../../../libuser32.a(daois00253.o)
 .idata$4       0x00411184        0x4 e:/qp/qtools/bin/../lib/gcc/mingw32/4.5.2/../../../libuser32.a(daois00293.o)
 .idata$4       0x00411188        0x4 e:/qp/qtools/bin/../lib/gcc/mingw32/4.5.2/../../../libuser32.a(daois00348.o)
 .idata$4       0x0041118c        0x4 e:/qp/qtools/bin/../lib/gcc/mingw32/4.5.2/../../../libuser32.a(daois00403.o)
 .idata$4       0x00411190        0x4 e:/qp/qtools/bin/../lib/gcc/mingw32/4.5.2/../../../libuser32.a(daois00405.o)
 .idata$4       0x00411194        0x4 e:/qp/qtools/bin/../lib/gcc/mingw32/4.5.2/../../../libuser32.a(daois00434.o)
 .idata$4       0x00411198        0x4 e:/qp/qtools/bin/../lib/gcc/mingw32/4.5.2/../../../libuser32.a(daois00468.o)
 .idata$4       0x0041119c        0x4 e:/qp/qtools/bin/../lib/gcc/mingw32/4.5.2/../../../libuser32.a(daois00480.o)
 .idata$4       0x004111a0        0x4 e:/qp/qtools/bin/../lib/gcc/mingw32/4.5.2/../../../libuser32.a(daois00508.o)
 .idata$4       0x004111a4        0x4 e:/qp/qtools/bin/../lib/gcc/mingw32/4.5.2/../../../libuser32.a(daois00520.o)
 .idata$4       0x004111a8        0x4 e:/qp/qtools/bin/../lib/gcc/mingw32/4.5.2/../../../libuser32.a(daois00533.o)
 .idata$4       0x004111ac        0x4 e:/qp/qtools/bin/../lib/gcc/mingw32/4.5.2/../../../libuser32.a(daois00585.o)
 .idata$4       0x004111b0        0x4 e:/qp/qtools/bin/../lib/gcc/mingw32/4.5.2/../../../libuser32.a(daois00608.o)
 .idata$4       0x004111b4        0x4 e:/qp/qtools/bin/../lib/gcc/mingw32/4.5.2/../../../libuser32.a(daoit.o)
                0x004111b8                __IAT_start__ = .
 SORT(*)(.idata$5)
 .idata$5       0x004111b8        0x0 e:/qp/qtools/bin/../lib/gcc/mingw32/4.5.2/../../../libgdi32.a(dkfhh.o)
 .idata$5       0x004111b8        0x4 e:/qp/qtools/bin/../lib/gcc/mingw32/4.5.2/../../../libgdi32.a(dkfhs00012.o)
                0x004111b8                _imp__BitBlt@36
 .idata$5       0x004111bc        0x4 e:/qp/qtools/bin/../lib/gcc/mingw32/4.5.2/../../../libgdi32.a(dkfhs00034.o)
                0x004111bc                _imp__CreateCompatibleDC@4