Archive member included because of file (symbol)

../../../../ports/win32/dbg/libqp.a(qf_port.o)
                              dbg/main.o (QF_init)
../../../../ports/win32/dbg/libqp.a(qf_time.o)
                              dbg/bsp.o (QF_tickX_)
../../../../ports/win32/dbg/libqp.a(qwin_gui.o)
                              dbg/bsp.o (CreateCustDialog)
../../../../ports/win32/dbg/libqp.a(qf_ps.o)
                              dbg/main.o (QF_psInit)
../../../../ports/win32/dbg/libqp.a(qf_dyn.o)
                              dbg/main.o (QF_poolInit)
../../../../ports/win32/dbg/libqp.a(qep_hsm.o)
                              dbg/philo.o (QHsm_top)
../../../../ports/win32/dbg/libqp.a(qf_qact.o)
                              dbg/philo.o (QActive_ctor)
../../../../ports/win32/dbg/libqp.a(qf_act.o)
                              ../../../../ports/win32/dbg/libqp.a(qf_port.o) (QF_add_)
../../../../ports/win32/dbg/libqp.a(qf_actq.o)
                              ../../../../ports/win32/dbg/libqp.a(qf_qact.o) (QActive_post_)
../../../../ports/win32/dbg/libqp.a(qf_qeq.o)
                              ../../../../ports/win32/dbg/libqp.a(qf_port.o) (QEQueue_init)
../../../../ports/win32/dbg/libqp.a(qf_mem.o)
                              ../../../../ports/win32/dbg/libqp.a(qf_dyn.o) (QMPool_init)
c:/qp/qtools/bin/../lib/gcc/mingw32/4.5.2/../../../libmingw32.a(tlssup.o)
                              c:/qp/qtools/bin/../lib/gcc/mingw32/4.5.2/../../../crt2.o (__dyn_tls_init_callback)
c:/qp/qtools/bin/../lib/gcc/mingw32/4.5.2/../../../libmingw32.a(CRTglob.o)
                              c:/qp/qtools/bin/../lib/gcc/mingw32/4.5.2/../../../crt2.o (_CRT_glob)
c:/qp/qtools/bin/../lib/gcc/mingw32/4.5.2/../../../libmingw32.a(CRTfmode.o)
                              c:/qp/qtools/bin/../lib/gcc/mingw32/4.5.2/../../../crt2.o (_CRT_fmode)
c:/qp/qtools/bin/../lib/gcc/mingw32/4.5.2/../../../libmingw32.a(txtmode.o)
                              c:/qp/qtools/bin/../lib/gcc/mingw32/4.5.2/../../../crt2.o (_fmode)
c:/qp/qtools/bin/../lib/gcc/mingw32/4.5.2/../../../libmingw32.a(cpu_features.o)
                              c:/qp/qtools/bin/../lib/gcc/mingw32/4.5.2/../../../crt2.o (__cpu_features_init)
c:/qp/qtools/bin/../lib/gcc/mingw32/4.5.2/../../../libmingw32.a(CRT_fp10.o)
                              c:/qp/qtools/bin/../lib/gcc/mingw32/4.5.2/../../../crt2.o (_fpreset)
c:/qp/qtools/bin/../lib/gcc/mingw32/4.5.2/../../../libmingw32.a(pseudo-reloc.o)
                              c:/qp/qtools/bin/../lib/gcc/mingw32/4.5.2/../../../crt2.o (_pei386_runtime_relocator)
c:/qp/qtools/bin/../lib/gcc/mingw32/4.5.2/../../../libmingw32.a(gccmain.o)
                              c:/qp/qtools/bin/../lib/gcc/mingw32/4.5.2/../../../crt2.o (__main)
c:/qp/qtools/bin/../lib/gcc/mingw32/4.5.2/../../../libmingw32.a(main.o)
                              c:/qp/qtools/bin/../lib/gcc/mingw32/4.5.2/../../../crt2.o (main)
c:/qp/qtools/bin/../lib/gcc/mingw32/4.5.2/../../../libmingw32.a(crtst.o)
                              c:/qp/qtools/bin/../lib/gcc/mingw32/4.5.2/../../../libmingw32.a(tlssup.o) (_CRT_MT)
c:/qp/qtools/bin/../lib/gcc/mingw32/4.5.2/../../../libmingw32.a(tlsthrd.o)
                              c:/qp/qtools/bin/../lib/gcc/mingw32/4.5.2/../../../libmingw32.a(tlssup.o) (__mingw_TLScallback)
c:/qp/qtools/bin/../lib/gcc/mingw32/4.5.2/../../../libmingw32.a(pseudo-reloc-list.o)
                              c:/qp/qtools/bin/../lib/gcc/mingw32/4.5.2/../../../libmingw32.a(pseudo-reloc.o) (__RUNTIME_PSEUDO_RELOC_LIST_END__)
c:/qp/qtools/bin/../lib/gcc/mingw32/4.5.2/libgcc.a(_ctors.o)
                              c:/qp/qtools/bin/../lib/gcc/mingw32/4.5.2/../../../libmingw32.a(gccmain.o) (__CTOR_LIST__)
c:/qp/qtools/bin/../lib/gcc/mingw32/4.5.2/../../../libmingwex.a(snprintf.o)
                              dbg/bsp.o (snprintf)
c:/qp/qtools/bin/../lib/gcc/mingw32/4.5.2/../../../libmingwex.a(vsnprintf.o)
                              c:/qp/qtools/bin/../lib/gcc/mingw32/4.5.2/../../../libmingwex.a(snprintf.o) (__mingw_vsnprintf)
c:/qp/qtools/bin/../lib/gcc/mingw32/4.5.2/../../../libmingwex.a(pformat.o)
                              c:/qp/qtools/bin/../lib/gcc/mingw32/4.5.2/../../../libmingwex.a(vsnprintf.o) (__mingw_pformat)
c:/qp/qtools/bin/../lib/gcc/mingw32/4.5.2/../../../libmingwex.a(gdtoa.o)
                              c:/qp/qtools/bin/../lib/gcc/mingw32/4.5.2/../../../libmingwex.a(pformat.o) (__gdtoa)
c:/qp/qtools/bin/../lib/gcc/mingw32/4.5.2/../../../libmingwex.a(wcrtomb.o)
                              c:/qp/qtools/bin/../lib/gcc/mingw32/4.5.2/../../../libmingwex.a(pformat.o) (wcrtomb)
c:/qp/qtools/bin/../lib/gcc/mingw32/4.5.2/../../../libmingwex.a(mbrtowc.o)
                              c:/qp/qtools/bin/../lib/gcc/mingw32/4.5.2/../../../libmingwex.a(pformat.o) (mbrtowc)
c:/qp/qtools/bin/../lib/gcc/mingw32/4.5.2/../../../libmingwex.a(dmisc.o)
[...]
Memory Configuration

Name             Origin             Length             Attributes
*default*        0x00000000         0xffffffff

Linker script and memory map

                0x00400000                __image_base__ = 0x400000
                0x00000000                __dll__ = 0x0
                0x00400000                ___ImageBase = 0x400000
                0x00001000                __section_alignment__ = 0x1000
                0x00000200                __file_alignment__ = 0x200
                0x00000004                __major_os_version__ = 0x4
                0x00000000                __minor_os_version__ = 0x0
                0x00000001                __major_image_version__ = 0x1
                0x00000000                __minor_image_version__ = 0x0
                0x00000004                __major_subsystem_version__ = 0x4
                0x00000000                __minor_subsystem_version__ = 0x0
                0x00000002                __subsystem__ = 0x2
                0x00200000                __size_of_stack_reserve__ = 0x200000
                0x00001000                __size_of_stack_commit__ = 0x1000
                0x00100000                __size_of_heap_reserve__ = 0x100000
                0x00001000                __size_of_heap_commit__ = 0x1000
                0x00000000                __loader_flags__ = 0x0
                0x00000000                __dll_characteristics__ = 0x0
LOAD c:/qp/qtools/bin/../lib/gcc/mingw32/4.5.2/../../../crt2.o
LOAD c:/qp/qtools/bin/../lib/gcc/mingw32/4.5.2/crtbegin.o
LOAD dbg/bsp.o
LOAD dbg/main.o
LOAD dbg/philo.o
LOAD dbg/table.o
LOAD dbg/dpp-gui.o
LOAD dbg/qstamp.o
LOAD ../../../../ports/win32/dbg/libqp.a
LOAD c:/qp/qtools/bin/../lib/gcc/mingw32/4.5.2/../../../libmingw32.a
LOAD c:/qp/qtools/bin/../lib/gcc/mingw32/4.5.2/libgcc_eh.a
LOAD c:/qp/qtools/bin/../lib/gcc/mingw32/4.5.2/libgcc.a
LOAD c:/qp/qtools/bin/../lib/gcc/mingw32/4.5.2/../../../libmoldname.a
LOAD c:/qp/qtools/bin/../lib/gcc/mingw32/4.5.2/../../../libmingwex.a
LOAD c:/qp/qtools/bin/../lib/gcc/mingw32/4.5.2/../../../libmsvcrt.a
LOAD c:/qp/qtools/bin/../lib/gcc/mingw32/4.5.2/../../../libgdi32.a
LOAD c:/qp/qtools/bin/../lib/gcc/mingw32/4.5.2/../../../libcomdlg32.a
LOAD c:/qp/qtools/bin/../lib/gcc/mingw32/4.5.2/../../../libuser32.a
LOAD c:/qp/qtools/bin/../lib/gcc/mingw32/4.5.2/../../../libkernel32.a
LOAD c:/qp/qtools/bin/../lib/gcc/mingw32/4.5.2/../../../libadvapi32.a
LOAD c:/qp/qtools/bin/../lib/gcc/mingw32/4.5.2/../../../libshell32.a
LOAD c:/qp/qtools/bin/../lib/gcc/mingw32/4.5.2/../../../libmingw32.a
LOAD c:/qp/qtools/bin/../lib/gcc/mingw32/4.5.2/libgcc_eh.a
LOAD c:/qp/qtools/bin/../lib/gcc/mingw32/4.5.2/libgcc.a
LOAD c:/qp/qtools/bin/../lib/gcc/mingw32/4.5.2/../../../libmoldname.a
LOAD c:/qp/qtools/bin/../lib/gcc/mingw32/4.5.2/../../../libmingwex.a
LOAD c:/qp/qtools/bin/../lib/gcc/mingw32/4.5.2/../../../libmsvcrt.a
LOAD c:/qp/qtools/bin/../lib/gcc/mingw32/4.5.2/crtend.o
                0x00000470                . = SIZEOF_HEADERS
                0x00001000                . = ALIGN (__section_alignment__)

.text           0x00401000     0x8800
 *(.init)
 *(.text)
 .text          0x00401000      0x2bc c:/qp/qtools/bin/../lib/gcc/mingw32/4.5.2/../../../crt2.o
                0x0040126c                mainCRTStartup
                0x00401284                WinMainCRTStartup
                0x0040129c                atexit
                0x004012ac                _onexit
 .text          0x004012bc       0xd0 c:/qp/qtools/bin/../lib/gcc/mingw32/4.5.2/crtbegin.o
                0x004012bc                __gcc_register_frame
                0x00401348                __gcc_deregister_frame
 .text          0x0040138c        0x0 dbg/bsp.o
 .text          0x0040138c        0x0 dbg/main.o
 .text          0x0040138c        0x0 dbg/philo.o
 .text          0x0040138c        0x0 dbg/table.o
 .text          0x0040138c        0x0 dbg/qstamp.o
 .text          0x0040138c        0x0 ../../../../ports/win32/dbg/libqp.a(qf_port.o)
 .text          0x0040138c        0x0 ../../../../ports/win32/dbg/libqp.a(qf_time.o)
 .text          0x0040138c        0x0 ../../../../ports/win32/dbg/libqp.a(qwin_gui.o)
 .text          0x0040138c        0x0 ../../../../ports/win32/dbg/libqp.a(qf_ps.o)
 .text          0x0040138c        0x0 ../../../../ports/win32/dbg/libqp.a(qf_dyn.o)
 .text          0x0040138c        0x0 ../../../../ports/win32/dbg/libqp.a(qep_hsm.o)
 .text          0x0040138c        0x0 ../../../../ports/win32/dbg/libqp.a(qf_qact.o)
 .text          0x0040138c        0x0 ../../../../ports/win32/dbg/libqp.a(qf_act.o)
 .text          0x0040138c        0x0 ../../../../ports/win32/dbg/libqp.a(qf_actq.o)
 .text          0x0040138c        0x0 ../../../../ports/win32/dbg/libqp.a(qf_qeq.o)
 .text          0x0040138c        0x0 ../../../../ports/win32/dbg/libqp.a(qf_mem.o)
 .text          0x0040138c       0xbc c:/qp/qtools/bin/../lib/gcc/mingw32/4.5.2/../../../libmingw32.a(tlssup.o)
                0x004013c0                __dyn_tls_init@12
                0x00401440                __tlregdtor
 .text          0x00401448        0x0 c:/qp/qtools/bin/../lib/gcc/mingw32/4.5.2/../../../libmingw32.a(CRTglob.o)
 .text          0x00401448        0x0 c:/qp/qtools/bin/../lib/gcc/mingw32/4.5.2/../../../libmingw32.a(CRTfmode.o)
 .text          0x00401448        0x0 c:/qp/qtools/bin/../lib/gcc/mingw32/4.5.2/../../../libmingw32.a(txtmode.o)
 .text          0x00401448       0xe0 c:/qp/qtools/bin/../lib/gcc/mingw32/4.5.2/../../../libmingw32.a(cpu_features.o)
                0x00401448                __cpu_features_init
 .text          0x00401528        0x8 c:/qp/qtools/bin/../lib/gcc/mingw32/4.5.2/../../../libmingw32.a(CRT_fp10.o)
                0x00401528                fpreset
                0x00401528                _fpreset
 .text          0x00401530      0x2fc c:/qp/qtools/bin/../lib/gcc/mingw32/4.5.2/../../../libmingw32.a(pseudo-reloc.o)
                0x00401660                _pei386_runtime_relocator
 .text          0x0040182c       0xa0 c:/qp/qtools/bin/../lib/gcc/mingw32/4.5.2/../../../libmingw32.a(gccmain.o)
                0x0040182c                __do_global_dtors
                0x0040185c                __do_global_ctors
                0x004018a8                __main
 .text          0x004018cc       0xc0 c:/qp/qtools/bin/../lib/gcc/mingw32/4.5.2/../../../libmingw32.a(main.o)
                0x004018cc                main
 .text          0x0040198c        0x0 c:/qp/qtools/bin/../lib/gcc/mingw32/4.5.2/../../../libmingw32.a(crtst.o)
 .text          0x0040198c      0x1e4 c:/qp/qtools/bin/../lib/gcc/mingw32/4.5.2/../../../libmingw32.a(tlsthrd.o)
                0x004019fc                ___w64_mingwthr_add_key_dtor
                0x00401a6c                ___w64_mingwthr_remove_key_dtor
                0x00401af8                __mingw_TLScallback
 .text          0x00401b70        0x0 c:/qp/qtools/bin/../lib/gcc/mingw32/4.5.2/../../../libmingw32.a(pseudo-reloc-list.o)
 .text          0x00401b70        0x0 c:/qp/qtools/bin/../lib/gcc/mingw32/4.5.2/libgcc.a(_ctors.o)
 .text          0x00401b70       0x2c c:/qp/qtools/bin/../lib/gcc/mingw32/4.5.2/../../../libmingwex.a(snprintf.o)
                0x00401b70                snprintf
                0x00401b70                __mingw_snprintf
 .text          0x00401b9c       0x74 c:/qp/qtools/bin/../lib/gcc/mingw32/4.5.2/../../../libmingwex.a(vsnprintf.o)
                0x00401b9c                __mingw_vsnprintf
                0x00401b9c                vsnprintf
 .text          0x00401c10     0x1d24 c:/qp/qtools/bin/../lib/gcc/mingw32/4.5.2/../../../libmingwex.a(pformat.o)
                0x0040306c                __mingw_pformat
 .text          0x00403934     0x1404 c:/qp/qtools/bin/../lib/gcc/mingw32/4.5.2/../../../libmingwex.a(gdtoa.o)
                0x00403934                __gdtoa
 .text          0x00404d38      0x228 c:/qp/qtools/bin/../lib/gcc/mingw32/4.5.2/../../../libmingwex.a(wcrtomb.o)
                0x00404dc0                wcrtomb
                0x00404e2c                wcsrtombs
 .text          0x00404f60      0x3b8 c:/qp/qtools/bin/../lib/gcc/mingw32/4.5.2/../../../libmingwex.a(mbrtowc.o)
                0x004050c4                mbrtowc
                0x00405154                mbsrtowcs
                0x00405298                mbrlen
 .text          0x00405318      0x2e0 c:/qp/qtools/bin/../lib/gcc/mingw32/4.5.2/../../../libmingwex.a(dmisc.o)
                0x00405318                __rv_alloc_D2A
                0x0040534c                __nrv_alloc_D2A
                0x0040538c                __freedtoa
                0x004053b4                __quorem_D2A
 .text          0x004055f8      0xa74 c:/qp/qtools/bin/../lib/gcc/mingw32/4.5.2/../../../libmingwex.a(misc.o)
                0x00405710                __Balloc_D2A
                0x004057c0                __Bfree_D2A
                0x0040580c                __multadd_D2A
                0x00405900                __i2b_D2A
                0x00405928                __mult_D2A
                0x00405aa0                __pow5mult_D2A
                0x00405bb8                __lshift_D2A
                0x00405ca8                __cmp_D2A
                0x00405cf0                __diff_D2A
                0x00405e70                __b2d_D2A
                0x00405f68                __d2b_D2A
                0x0040604c                __strcp_D2A
 .text          0x0040606c      0x138 c:/qp/qtools/bin/../lib/gcc/mingw32/4.5.2/../../../libmingwex.a(gmisc.o)
                0x0040606c                __rshift_D2A
                0x00406160                __trailz_D2A
 .text          0x004061a4        0x0 c:/qp/qtools/bin/../lib/gcc/mingw32/4.5.2/../../../libmsvcrt.a(dcfls00266.o)
 .text          0x004061a4        0x0 c:/qp/qtools/bin/../lib/gcc/mingw32/4.5.2/../../../libmsvcrt.a(dcfls00590.o)
 .text          0x004061a4        0x0 c:/qp/qtools/bin/../lib/gcc/mingw32/4.5.2/../../../libmsvcrt.a(dcfls00383.o)
 .text          0x004061a4        0x8 c:/qp/qtools/bin/../lib/gcc/mingw32/4.5.2/../../../libmsvcrt.a(dcfls00055.o)
                0x004061a4                __getmainargs
 .text          0x004061ac        0x8 c:/qp/qtools/bin/../lib/gcc/mingw32/4.5.2/../../../libmsvcrt.a(dcfls00079.o)
                0x004061ac                __p__fmode
 .text          0x004061b4        0x8 c:/qp/qtools/bin/../lib/gcc/mingw32/4.5.2/../../../libmsvcrt.a(dcfls00077.o)
                0x004061b4                __p__environ
 .text          0x004061bc        0x8 c:/qp/qtools/bin/../lib/gcc/mingw32/4.5.2/../../../libmsvcrt.a(dcfls00147.o)
                0x004061bc                _cexit
 .text          0x004061c4        0x8 c:/qp/qtools/bin/../lib/gcc/mingw32/4.5.2/../../../libmsvcrt.a(dcfls00426.o)
                0x004061c4                _setmode
 .text          0x004061cc        0x8 c:/qp/qtools/bin/../lib/gcc/mingw32/4.5.2/../../../libmsvcrt.a(dcfls00706.o)
                0x004061cc                signal
 .text          0x004061d4        0x8 c:/qp/qtools/bin/../lib/gcc/mingw32/4.5.2/../../../libmsvcrt.a(dcfls00625.o)
                0x004061d4                free
 .text          0x004061dc        0x8 c:/qp/qtools/bin/../lib/gcc/mingw32/4.5.2/../../../libmsvcrt.a(dcfls00595.o)
                0x004061dc                calloc
 .text          0x004061e4        0x8 c:/qp/qtools/bin/../lib/gcc/mingw32/4.5.2/../../../libmsvcrt.a(dcfls00633.o)
                0x004061e4                fwrite
 .text          0x004061ec        0x8 c:/qp/qtools/bin/../lib/gcc/mingw32/4.5.2/../../../libmsvcrt.a(dcfls00748.o)
                0x004061ec                vfprintf
 .text          0x004061f4        0x8 c:/qp/qtools/bin/../lib/gcc/mingw32/4.5.2/../../../libmsvcrt.a(dcfls00583.o)
                0x004061f4                abort
 .text          0x004061fc        0x8 c:/qp/qtools/bin/../lib/gcc/mingw32/4.5.2/../../../libmsvcrt.a(dcfls00620.o)
                0x004061fc                fputc
 .text          0x00406204        0x8 c:/qp/qtools/bin/../lib/gcc/mingw32/4.5.2/../../../libmsvcrt.a(dcfls00671.o)
                0x00406204                localeconv
 .text          0x0040620c        0x8 c:/qp/qtools/bin/../lib/gcc/mingw32/4.5.2/../../../libmsvcrt.a(dcfls00637.o)
                0x0040620c                getenv
 .text          0x00406214        0x4 c:/qp/qtools/bin/../lib/gcc/mingw32/4.5.2/../../../libmsvcrt.a(ofmt_stub.o)
                0x00406214                _get_output_format
 .text          0x00406218        0x8 c:/qp/qtools/bin/../lib/gcc/mingw32/4.5.2/../../../libmsvcrt.a(dcfls00761.o)
                0x00406218                wcslen
 .text          0x00406220        0x0 c:/qp/qtools/bin/../lib/gcc/mingw32/4.5.2/../../../libmsvcrt.a(dcfls00065.o)
 .text          0x00406220        0x8 c:/qp/qtools/bin/../lib/gcc/mingw32/4.5.2/../../../libmsvcrt.a(dcfls00182.o)
                0x00406220                _errno
 .text          0x00406228        0x8 c:/qp/qtools/bin/../lib/gcc/mingw32/4.5.2/../../../libmsvcrt.a(dcfls00704.o)
                0x00406228                setlocale
 .text          0x00406230        0x8 c:/qp/qtools/bin/../lib/gcc/mingw32/4.5.2/../../../libmsvcrt.a(dcfls00714.o)
                0x00406230                strchr
 .text          0x00406238        0x8 c:/qp/qtools/bin/../lib/gcc/mingw32/4.5.2/../../../libmsvcrt.a(dcfls00592.o)
                0x00406238                atoi
 .text          0x00406240        0x8 c:/qp/qtools/bin/../lib/gcc/mingw32/4.5.2/../../../libmsvcrt.a(dcfls00676.o)
                0x00406240                malloc
 .text          0x00406248        0x0 c:/qp/qtools/bin/../lib/gcc/mingw32/4.5.2/../../../libmsvcrt.a(dcflh.o)
 .text          0x00406248        0x0 c:/qp/qtools/bin/../lib/gcc/mingw32/4.5.2/../../../libmsvcrt.a(dcflt.o)
 .text          0x00406248        0x8 c:/qp/qtools/bin/../lib/gcc/mingw32/4.5.2/../../../libgdi32.a(dkfhs00073.o)
                0x00406248                DeleteObject@4
 .text          0x00406250        0x8 c:/qp/qtools/bin/../lib/gcc/mingw32/4.5.2/../../../libgdi32.a(dkfhs00070.o)
                0x00406250                DeleteDC@4
 .text          0x00406258        0x8 c:/qp/qtools/bin/../lib/gcc/mingw32/4.5.2/../../../libgdi32.a(dkfhs00334.o)
                0x00406258                StretchBlt@44
 .text          0x00406260        0x8 c:/qp/qtools/bin/../lib/gcc/mingw32/4.5.2/../../../libgdi32.a(dkfhs00034.o)
                0x00406260                CreateCompatibleDC@4
 .text          0x00406268        0x8 c:/qp/qtools/bin/../lib/gcc/mingw32/4.5.2/../../../libgdi32.a(dkfhs00039.o)
                0x00406268                CreateDIBSection@24
 .text          0x00406270        0x8 c:/qp/qtools/bin/../lib/gcc/mingw32/4.5.2/../../../libgdi32.a(dkfhs00281.o)
                0x00406270                SelectObject@8
 .text          0x00406278        0x8 c:/qp/qtools/bin/../lib/gcc/mingw32/4.5.2/../../../libgdi32.a(dkfhs00177.o)
                0x00406278                GetMapMode@4
 .text          0x00406280        0x8 c:/qp/qtools/bin/../lib/gcc/mingw32/4.5.2/../../../libgdi32.a(dkfhs00306.o)
                0x00406280                SetMapMode@8
 .text          0x00406288        0x8 c:/qp/qtools/bin/../lib/gcc/mingw32/4.5.2/../../../libgdi32.a(dkfhs00185.o)
                0x00406288                GetObjectA@12
 .text          0x00406290        0x8 c:/qp/qtools/bin/../lib/gcc/mingw32/4.5.2/../../../libgdi32.a(dkfhs00068.o)
                0x00406290                DPtoLP@12
 .text          0x00406298        0x8 c:/qp/qtools/bin/../lib/gcc/mingw32/4.5.2/../../../libgdi32.a(dkfhs00012.o)
                0x00406298                BitBlt@36
 .text          0x004062a0        0x0 c:/qp/qtools/bin/../lib/gcc/mingw32/4.5.2/../../../libgdi32.a(dkfhh.o)
 .text          0x004062a0        0x0 c:/qp/qtools/bin/../lib/gcc/mingw32/4.5.2/../../../libgdi32.a(dkfht.o)
 .text          0x004062a0        0x8 c:/qp/qtools/bin/../lib/gcc/mingw32/4.5.2/../../../libuser32.a(daois00434.o)
                0x004062a0                MessageBoxA@16
 .text          0x004062a8        0x8 c:/qp/qtools/bin/../lib/gcc/mingw32/4.5.2/../../../libuser32.a(daois00468.o)
                0x004062a8                PostQuitMessage@4
 .text          0x004062b0        0x8 c:/qp/qtools/bin/../lib/gcc/mingw32/4.5.2/../../../libuser32.a(daois00405.o)
                0x004062b0                LoadCursorA@8
 .text          0x004062b8        0x8 c:/qp/qtools/bin/../lib/gcc/mingw32/4.5.2/../../../libuser32.a(daois00403.o)
                0x004062b8                LoadBitmapA@8
 .text          0x004062c0        0x8 c:/qp/qtools/bin/../lib/gcc/mingw32/4.5.2/../../../libuser32.a(daois00533.o)
                0x004062c0                SetFocus@4
 .text          0x004062c8        0x8 c:/qp/qtools/bin/../lib/gcc/mingw32/4.5.2/../../../libuser32.a(daois00134.o)
                0x004062c8                DefWindowProcA@16
 .text          0x004062d0        0x8 c:/qp/qtools/bin/../lib/gcc/mingw32/4.5.2/../../../libuser32.a(daois00182.o)
                0x004062d0                EndDialog@8
 .text          0x004062d8        0x8 c:/qp/qtools/bin/../lib/gcc/mingw32/4.5.2/../../../libuser32.a(daois00585.o)
                0x004062d8                ShowWindow@8
 .text          0x004062e0        0x8 c:/qp/qtools/bin/../lib/gcc/mingw32/4.5.2/../../../libuser32.a(daois00608.o)
                0x004062e0                TranslateMessage@4
 .text          0x004062e8        0x8 c:/qp/qtools/bin/../lib/gcc/mingw32/4.5.2/../../../libuser32.a(daois00149.o)
                0x004062e8                DispatchMessageA@4
 .text          0x004062f0        0x8 c:/qp/qtools/bin/../lib/gcc/mingw32/4.5.2/../../../libuser32.a(daois00293.o)
                0x004062f0                GetMessageA@16
 .text          0x004062f8        0x8 c:/qp/qtools/bin/../lib/gcc/mingw32/4.5.2/../../../libuser32.a(daois00419.o)
                0x004062f8                LoadStringA@16
 .text          0x00406300        0x8 c:/qp/qtools/bin/../lib/gcc/mingw32/4.5.2/../../../libuser32.a(daois00530.o)
                0x00406300                SetDlgItemTextA@12
 .text          0x00406308        0x8 c:/qp/qtools/bin/../lib/gcc/mingw32/4.5.2/../../../libuser32.a(daois00480.o)
                0x00406308                RegisterClassExA@4
 .text          0x00406310        0x8 c:/qp/qtools/bin/../lib/gcc/mingw32/4.5.2/../../../libuser32.a(daois00080.o)
                0x00406310                CreateDialogParamA@20
 .text          0x00406318        0x8 c:/qp/qtools/bin/../lib/gcc/mingw32/4.5.2/../../../libuser32.a(daois00248.o)
                0x00406318                GetDC@4
 .text          0x00406320        0x8 c:/qp/qtools/bin/../lib/gcc/mingw32/4.5.2/../../../libuser32.a(daois00508.o)
                0x00406320                SendMessageA@16
 .text          0x00406328        0x8 c:/qp/qtools/bin/../lib/gcc/mingw32/4.5.2/../../../libuser32.a(daois00253.o)
                0x00406328                GetDlgItem@8
 .text          0x00406330        0x8 c:/qp/qtools/bin/../lib/gcc/mingw32/4.5.2/../../../libuser32.a(daois00348.o)
                0x00406330                GetWindowRect@8
 .text          0x00406338        0x8 c:/qp/qtools/bin/../lib/gcc/mingw32/4.5.2/../../../libuser32.a(daois00520.o)
                0x00406338                SetClassLongA@12
 .text          0x00406340        0x0 c:/qp/qtools/bin/../lib/gcc/mingw32/4.5.2/../../../libuser32.a(daoih.o)
 .text          0x00406340        0x0 c:/qp/qtools/bin/../lib/gcc/mingw32/4.5.2/../../../libuser32.a(daoit.o)
 .text          0x00406340        0x8 c:/qp/qtools/bin/../lib/gcc/mingw32/4.5.2/../../../libkernel32.a(dchds01140.o)
                0x00406340                SetUnhandledExceptionFilter@4
 .text          0x00406348        0x8 c:/qp/qtools/bin/../lib/gcc/mingw32/4.5.2/../../../libkernel32.a(dchds00279.o)
                0x00406348                ExitProcess@4
 .text          0x00406350        0x8 c:/qp/qtools/bin/../lib/gcc/mingw32/4.5.2/../../../libkernel32.a(dchds00529.o)
                0x00406350                GetModuleHandleA@4
 .text          0x00406358        0x8 c:/qp/qtools/bin/../lib/gcc/mingw32/4.5.2/../../../libkernel32.a(dchds00577.o)
                0x00406358                GetProcAddress@8
 .text          0x00406360        0x8 c:/qp/qtools/bin/../lib/gcc/mingw32/4.5.2/../../../libkernel32.a(dchds00179.o)
                0x00406360                CreateThread@24
 .text          0x00406368        0x8 c:/qp/qtools/bin/../lib/gcc/mingw32/4.5.2/../../../libkernel32.a(dchds00236.o)
                0x00406368                EnterCriticalSection@4
 .text          0x00406370        0x8 c:/qp/qtools/bin/../lib/gcc/mingw32/4.5.2/../../../libkernel32.a(dchds00814.o)
                0x00406370                LeaveCriticalSection@4
 .text          0x00406378        0x8 c:/qp/qtools/bin/../lib/gcc/mingw32/4.5.2/../../../libkernel32.a(dchds00082.o)
                0x00406378                CloseHandle@4
 .text          0x00406380        0x8 c:/qp/qtools/bin/../lib/gcc/mingw32/4.5.2/../../../libkernel32.a(dchds00734.o)
                0x00406380                InitializeCriticalSection@4
 .text          0x00406388        0x8 c:/qp/qtools/bin/../lib/gcc/mingw32/4.5.2/../../../libkernel32.a(dchds00450.o)
                0x00406388                GetCurrentThread@0
 .text          0x00406390        0x8 c:/qp/qtools/bin/../lib/gcc/mingw32/4.5.2/../../../libkernel32.a(dchds01129.o)
                0x00406390                SetThreadPriority@8
 .text          0x00406398        0x8 c:/qp/qtools/bin/../lib/gcc/mingw32/4.5.2/../../../libkernel32.a(dchds01152.o)
                0x00406398                Sleep@4
 .text          0x004063a0        0x8 c:/qp/qtools/bin/../lib/gcc/mingw32/4.5.2/../../../libkernel32.a(dchds00129.o)
                0x004063a0                CreateEventA@16
 .text          0x004063a8        0x8 c:/qp/qtools/bin/../lib/gcc/mingw32/4.5.2/../../../libkernel32.a(dchds00892.o)
                0x004063a8                OutputDebugStringA@4
 .text          0x004063b0        0x8 c:/qp/qtools/bin/../lib/gcc/mingw32/4.5.2/../../../libkernel32.a(dchds01065.o)
                0x004063b0                SetEvent@4
 .text          0x004063b8        0x8 c:/qp/qtools/bin/../lib/gcc/mingw32/4.5.2/../../../libkernel32.a(dchds01223.o)
                0x004063b8                WaitForSingleObject@8
 .text          0x004063c0        0x8 c:/qp/qtools/bin/../lib/gcc/mingw32/4.5.2/../../../libkernel32.a(dchds01215.o)
                0x004063c0                VirtualQuery@12
 .text          0x004063c8        0x8 c:/qp/qtools/bin/../lib/gcc/mingw32/4.5.2/../../../libkernel32.a(dchds01213.o)
                0x004063c8                VirtualProtect@16
 .text          0x004063d0        0x8 c:/qp/qtools/bin/../lib/gcc/mingw32/4.5.2/../../../libkernel32.a(dchds00388.o)
                0x004063d0                GetCommandLineA@0
 .text          0x004063d8        0x8 c:/qp/qtools/bin/../lib/gcc/mingw32/4.5.2/../../../libkernel32.a(dchds00606.o)
                0x004063d8                GetStartupInfoA@4
 .text          0x004063e0        0x8 c:/qp/qtools/bin/../lib/gcc/mingw32/4.5.2/../../../libkernel32.a(dchds01173.o)
                0x004063e0                TlsGetValue@4
 .text          0x004063e8        0x8 c:/qp/qtools/bin/../lib/gcc/mingw32/4.5.2/../../../libkernel32.a(dchds00510.o)
                0x004063e8                GetLastError@0
 .text          0x004063f0        0x8 c:/qp/qtools/bin/../lib/gcc/mingw32/4.5.2/../../../libkernel32.a(dchds00207.o)
                0x004063f0                DeleteCriticalSection@4
 .text          0x004063f8        0x8 c:/qp/qtools/bin/../lib/gcc/mingw32/4.5.2/../../../libkernel32.a(dchds01247.o)
                0x004063f8                WideCharToMultiByte@32
 .text          0x00406400        0x8 c:/qp/qtools/bin/../lib/gcc/mingw32/4.5.2/../../../libkernel32.a(dchds00860.o)
                0x00406400                MultiByteToWideChar@24
 .text          0x00406408        0x8 c:/qp/qtools/bin/../lib/gcc/mingw32/4.5.2/../../../libkernel32.a(dchds00763.o)
                0x00406408                IsDBCSLeadByteEx@8
 .text          0x00406410        0x8 c:/qp/qtools/bin/../lib/gcc/mingw32/4.5.2/../../../libkernel32.a(dchds00744.o)
                0x00406410                InterlockedExchange@8
 .text          0x00406418        0x0 c:/qp/qtools/bin/../lib/gcc/mingw32/4.5.2/../../../libkernel32.a(dchdh.o)
 .text          0x00406418        0x0 c:/qp/qtools/bin/../lib/gcc/mingw32/4.5.2/../../../libkernel32.a(dchdt.o)
 .text          0x00406418      0x124 c:/qp/qtools/bin/../lib/gcc/mingw32/4.5.2/libgcc.a(_umoddi3.o)
                0x00406418                __umoddi3
 .text          0x0040653c      0x110 c:/qp/qtools/bin/../lib/gcc/mingw32/4.5.2/libgcc.a(_udivdi3.o)
                0x0040653c                __udivdi3
 .text          0x0040664c       0x34 c:/qp/qtools/bin/../lib/gcc/mingw32/4.5.2/libgcc.a(_chkstk.o)
                0x0040664c                _alloca
                0x0040664c                __chkstk
 .text          0x00406680       0x1c c:/qp/qtools/bin/../lib/gcc/mingw32/4.5.2/crtend.o
 *(SORT(.text$*))
 .text$BSP_displayPaused
                0x0040669c       0x58 dbg/bsp.o
                0x0040669c                BSP_displayPaused
 .text$BSP_displayPhilStat
                0x004066f4       0x84 dbg/bsp.o
                0x004066f4                BSP_displayPhilStat
 .text$BSP_init
                0x00406778        0x8 dbg/bsp.o
                0x00406778                BSP_init
 .text$BSP_random
                0x00406780       0x30 dbg/bsp.o
                0x00406780                BSP_random
 .text$BSP_randomSeed
                0x004067b0       0x10 dbg/bsp.o
                0x004067b0                BSP_randomSeed
 .text$BSP_terminate
                0x004067c0       0x44 dbg/bsp.o
                0x004067c0                BSP_terminate
 .text$CreateCustDialog
                0x00406804       0xec ../../../../ports/win32/dbg/libqp.a(qwin_gui.o)
                0x00406804                CreateCustDialog
 .text$DrawBitmap
                0x004068f0      0x104 ../../../../ports/win32/dbg/libqp.a(qwin_gui.o)
                0x004068f0                DrawBitmap
 .text$GraphicDisplay_clear
                0x004069f4       0x44 ../../../../ports/win32/dbg/libqp.a(qwin_gui.o)
                0x004069f4                GraphicDisplay_clear
 .text$GraphicDisplay_init
                0x00406a38      0x10c ../../../../ports/win32/dbg/libqp.a(qwin_gui.o)
                0x00406a38                GraphicDisplay_init
 .text$GraphicDisplay_redraw
                0x00406b44       0x64 ../../../../ports/win32/dbg/libqp.a(qwin_gui.o)
                0x00406b44                GraphicDisplay_redraw
 .text$GraphicDisplay_xtor
                0x00406ba8       0x3c ../../../../ports/win32/dbg/libqp.a(qwin_gui.o)
                0x00406ba8                GraphicDisplay_xtor
 .text$OwnerDrawnButton_draw
                0x00406be4       0xc0 ../../../../ports/win32/dbg/libqp.a(qwin_gui.o)
                0x00406be4                OwnerDrawnButton_draw
 .text$OwnerDrawnButton_init
                0x00406ca4       0x28 ../../../../ports/win32/dbg/libqp.a(qwin_gui.o)
                0x00406ca4                OwnerDrawnButton_init
 .text$OwnerDrawnButton_isDepressed
                0x00406ccc        0xc ../../../../ports/win32/dbg/libqp.a(qwin_gui.o)
                0x00406ccc                OwnerDrawnButton_isDepressed
 .text$OwnerDrawnButton_set
                0x00406cd8       0x90 ../../../../ports/win32/dbg/libqp.a(qwin_gui.o)
                0x00406cd8                OwnerDrawnButton_set
 .text$OwnerDrawnButton_xtor
                0x00406d68       0x3c ../../../../ports/win32/dbg/libqp.a(qwin_gui.o)
                0x00406d68                OwnerDrawnButton_xtor
 .text$Philo_ctor
                0x00406da4       0x64 dbg/philo.o
                0x00406da4                Philo_ctor
 .text$Philo_eating
                0x00406e08      0x108 dbg/philo.o
 .text$Philo_hungry
                0x00406f10      0x124 dbg/philo.o
 .text$Philo_initial
                0x00407034       0x4c dbg/philo.o
 .text$Philo_thinking
                0x00407080       0xc4 dbg/philo.o
 .text$QActive_ctor
                0x00407144       0x38 ../../../../ports/win32/dbg/libqp.a(qf_qact.o)
                0x00407144                QActive_ctor
 .text$QActive_get_
                0x0040717c       0x9c ../../../../ports/win32/dbg/libqp.a(qf_actq.o)
                0x0040717c                QActive_get_
 .text$QActive_postLIFO_
                0x00407218       0xb0 ../../../../ports/win32/dbg/libqp.a(qf_actq.o)
                0x00407218                QActive_postLIFO_
 .text$QActive_post_
                0x004072c8       0xfc ../../../../ports/win32/dbg/libqp.a(qf_actq.o)
                0x004072c8                QActive_post_
 .text$QActive_start_
                0x004073c4      0x114 ../../../../ports/win32/dbg/libqp.a(qf_port.o)
                0x004073c4                QActive_start_
 .text$QActive_stop
                0x004074d8       0x10 ../../../../ports/win32/dbg/libqp.a(qf_port.o)
                0x004074d8                QActive_stop
 .text$QActive_subscribe
                0x004074e8       0x9c ../../../../ports/win32/dbg/libqp.a(qf_ps.o)
                0x004074e8                QActive_subscribe
 .text$QActive_unsubscribe
                0x00407584       0x9c ../../../../ports/win32/dbg/libqp.a(qf_ps.o)
                0x00407584                QActive_unsubscribe
 .text$QActive_unsubscribeAll
                0x00407620       0xec ../../../../ports/win32/dbg/libqp.a(qf_ps.o)
                0x00407620                QActive_unsubscribeAll
 .text$QEQueue_get
                0x0040770c       0x70 ../../../../ports/win32/dbg/libqp.a(qf_qeq.o)
                0x0040770c                QEQueue_get
 .text$QEQueue_init
                0x0040777c       0x40 ../../../../ports/win32/dbg/libqp.a(qf_qeq.o)
                0x0040777c                QEQueue_init
 .text$QEQueue_post
                0x004077bc       0xb4 ../../../../ports/win32/dbg/libqp.a(qf_qeq.o)
                0x004077bc                QEQueue_post
 .text$QEQueue_postLIFO
                0x00407870       0x7c ../../../../ports/win32/dbg/libqp.a(qf_qeq.o)
                0x00407870                QEQueue_postLIFO
 .text$QF_LOG2  0x004078ec       0x38 ../../../../ports/win32/dbg/libqp.a(qf_act.o)
                0x004078ec                QF_LOG2
 .text$QF_add_  0x00407924       0x54 ../../../../ports/win32/dbg/libqp.a(qf_act.o)
                0x00407924                QF_add_
 .text$QF_bzero
                0x00407978       0x24 ../../../../ports/win32/dbg/libqp.a(qf_act.o)
                0x00407978                QF_bzero
 .text$QF_enterCriticalSection_
                0x0040799c       0x18 ../../../../ports/win32/dbg/libqp.a(qf_port.o)
                0x0040799c                QF_enterCriticalSection_
 .text$QF_gc    0x004079b4       0x80 ../../../../ports/win32/dbg/libqp.a(qf_dyn.o)
                0x004079b4                QF_gc
 .text$QF_getPoolMin
                0x00407a34       0x58 ../../../../ports/win32/dbg/libqp.a(qf_mem.o)
                0x00407a34                QF_getPoolMin
 .text$QF_getQueueMin
                0x00407a8c       0x50 ../../../../ports/win32/dbg/libqp.a(qf_actq.o)
                0x00407a8c                QF_getQueueMin
 .text$QF_init  0x00407adc       0x64 ../../../../ports/win32/dbg/libqp.a(qf_port.o)
                0x00407adc                QF_init
 .text$QF_leaveCriticalSection_
                0x00407b40       0x18 ../../../../ports/win32/dbg/libqp.a(qf_port.o)
                0x00407b40                QF_leaveCriticalSection_
 .text$QF_newRef_
                0x00407b58       0x44 ../../../../ports/win32/dbg/libqp.a(qf_dyn.o)
                0x00407b58                QF_newRef_
 .text$QF_newX_
                0x00407b9c       0xcc ../../../../ports/win32/dbg/libqp.a(qf_dyn.o)
                0x00407b9c                QF_newX_
 .text$QF_noTimeEvtsActiveX
                0x00407c68       0x54 ../../../../ports/win32/dbg/libqp.a(qf_time.o)
                0x00407c68                QF_noTimeEvtsActiveX
 .text$QF_onCleanup
                0x00407cbc        0x8 dbg/bsp.o
                0x00407cbc                QF_onCleanup
 .text$QF_onClockTick
                0x00407cc4       0x14 dbg/bsp.o
                0x00407cc4                QF_onClockTick
 .text$QF_onStartup
                0x00407cd8       0x14 dbg/bsp.o
                0x00407cd8                QF_onStartup
 .text$QF_poolGetMaxBlockSize
                0x00407cec       0x24 ../../../../ports/win32/dbg/libqp.a(qf_dyn.o)
                0x00407cec                QF_poolGetMaxBlockSize
 .text$QF_poolInit
                0x00407d10       0xa8 ../../../../ports/win32/dbg/libqp.a(qf_dyn.o)
                0x00407d10                QF_poolInit
 .text$QF_psInit
                0x00407db8       0x2c ../../../../ports/win32/dbg/libqp.a(qf_ps.o)
                0x00407db8                QF_psInit
 .text$QF_publish_
                0x00407de4      0x134 ../../../../ports/win32/dbg/libqp.a(qf_ps.o)
                0x00407de4                QF_publish_
 .text$QF_remove_
                0x00407f18       0x5c ../../../../ports/win32/dbg/libqp.a(qf_act.o)
                0x00407f18                QF_remove_
 .text$QF_run   0x00407f74       0x6c ../../../../ports/win32/dbg/libqp.a(qf_port.o)
                0x00407f74                QF_run
 .text$QF_setTickRate
                0x00407fe0       0x18 ../../../../ports/win32/dbg/libqp.a(qf_port.o)
                0x00407fe0                QF_setTickRate
 .text$QF_setWin32Prio
                0x00407ff8       0x2c ../../../../ports/win32/dbg/libqp.a(qf_port.o)
                0x00407ff8                QF_setWin32Prio
 .text$QF_stop  0x00408024        0xc ../../../../ports/win32/dbg/libqp.a(qf_port.o)
                0x00408024                QF_stop
 .text$QF_tickX_
                0x00408030       0xf8 ../../../../ports/win32/dbg/libqp.a(qf_time.o)
                0x00408030                QF_tickX_
 .text$QHsm_childState_
                0x00408128       0x60 ../../../../ports/win32/dbg/libqp.a(qep_hsm.o)
                0x00408128                QHsm_childState_
 .text$QHsm_ctor
                0x00408188       0x1c ../../../../ports/win32/dbg/libqp.a(qep_hsm.o)
                0x00408188                QHsm_ctor
 .text$QHsm_dispatch_
                0x004081a4      0x2f8 ../../../../ports/win32/dbg/libqp.a(qep_hsm.o)
                0x004081a4                QHsm_dispatch_
 .text$QHsm_init_
                0x0040849c       0xf8 ../../../../ports/win32/dbg/libqp.a(qep_hsm.o)
                0x0040849c                QHsm_init_
 .text$QHsm_isIn
                0x00408594       0x58 ../../../../ports/win32/dbg/libqp.a(qep_hsm.o)
                0x00408594                QHsm_isIn
 .text$QHsm_top
                0x004085ec        0x8 ../../../../ports/win32/dbg/libqp.a(qep_hsm.o)
                0x004085ec                QHsm_top
 .text$QMPool_get
                0x004085f4       0xb0 ../../../../ports/win32/dbg/libqp.a(qf_mem.o)
                0x004085f4                QMPool_get
 .text$QMPool_init
                0x004086a4       0xe0 ../../../../ports/win32/dbg/libqp.a(qf_mem.o)
                0x004086a4                QMPool_init
 .text$QMPool_put
                0x00408784       0x54 ../../../../ports/win32/dbg/libqp.a(qf_mem.o)
                0x00408784                QMPool_put
 .text$QTicker_ctor
                0x004087d8       0x38 ../../../../ports/win32/dbg/libqp.a(qf_actq.o)
                0x004087d8                QTicker_ctor
 .text$QTicker_dispatch_
                0x00408810       0x40 ../../../../ports/win32/dbg/libqp.a(qf_actq.o)
 .text$QTicker_init_
                0x00408850       0x10 ../../../../ports/win32/dbg/libqp.a(qf_actq.o)
 .text$QTicker_postLIFO_
                0x00408860       0x1c ../../../../ports/win32/dbg/libqp.a(qf_actq.o)
 .text$QTicker_post_
                0x0040887c       0x68 ../../../../ports/win32/dbg/libqp.a(qf_actq.o)
 .text$QTimeEvt_armX
                0x004088e4       0x90 ../../../../ports/win32/dbg/libqp.a(qf_time.o)
                0x004088e4                QTimeEvt_armX
 .text$QTimeEvt_ctorX
                0x00408974       0x60 ../../../../ports/win32/dbg/libqp.a(qf_time.o)
                0x00408974                QTimeEvt_ctorX
 .text$QTimeEvt_ctr
                0x004089d4       0x20 ../../../../ports/win32/dbg/libqp.a(qf_time.o)
                0x004089d4                QTimeEvt_ctr
 .text$QTimeEvt_disarm
                0x004089f4       0x30 ../../../../ports/win32/dbg/libqp.a(qf_time.o)
                0x004089f4                QTimeEvt_disarm
 .text$QTimeEvt_rearm
                0x00408a24       0x9c ../../../../ports/win32/dbg/libqp.a(qf_time.o)
                0x00408a24                QTimeEvt_rearm
 .text$Q_onAssert
                0x00408ac0       0x70 dbg/bsp.o
                0x00408ac0                Q_onAssert
 .text$SegmentDisplay_init
                0x00408b30       0x74 ../../../../ports/win32/dbg/libqp.a(qwin_gui.o)
                0x00408b30                SegmentDisplay_init
 .text$SegmentDisplay_initBitmap
                0x00408ba4       0x30 ../../../../ports/win32/dbg/libqp.a(qwin_gui.o)
                0x00408ba4                SegmentDisplay_initBitmap
 .text$SegmentDisplay_initSegment
                0x00408bd4       0x50 ../../../../ports/win32/dbg/libqp.a(qwin_gui.o)
                0x00408bd4                SegmentDisplay_initSegment
 .text$SegmentDisplay_setSegment
                0x00408c24       0x5c ../../../../ports/win32/dbg/libqp.a(qwin_gui.o)
                0x00408c24                SegmentDisplay_setSegment
 .text$SegmentDisplay_xtor
                0x00408c80       0x6c ../../../../ports/win32/dbg/libqp.a(qwin_gui.o)
                0x00408c80                SegmentDisplay_xtor
 .text$Table_active
                0x00408cec       0x44 dbg/table.o
 .text$Table_ctor
                0x00408d30       0x64 dbg/table.o
                0x00408d30                Table_ctor
 .text$Table_initial
                0x00408d94       0x80 dbg/table.o
 .text$Table_paused
                0x00408e14      0x138 dbg/table.o
 .text$Table_serving
                0x00408f4c      0x300 dbg/table.o
 .text$WinMain  0x0040924c       0xac dbg/bsp.o
                0x0040924c                WinMain@16
 .text$WndProc  0x004092f8      0x374 dbg/bsp.o
 .text$ao_thread
                0x0040966c       0x88 ../../../../ports/win32/dbg/libqp.a(qf_port.o)
 .text$appThread
                0x004096f4       0x10 dbg/bsp.o
 .text$main_gui
                0x00409704       0xe4 dbg/main.o
                0x00409704                main_gui
 *(.text.*)
 *(.glue_7t)
 *(.glue_7)
                0x004097e8                ___CTOR_LIST__ = .
                0x004097e8                __CTOR_LIST__ = .
                0x004097e8        0x4 LONG 0xffffffff
 *(.ctors)
 *(.ctor)
 *(SORT(.ctors.*))
 .ctors.65535   0x004097ec        0x4 c:/qp/qtools/bin/../lib/gcc/mingw32/4.5.2/crtend.o
                0x004097f0        0x4 LONG 0x0
                0x004097f4                ___DTOR_LIST__ = .
                0x004097f4                __DTOR_LIST__ = .
                0x004097f4        0x4 LONG 0xffffffff
 *(.dtors)
 *(.dtor)
 *(SORT(.dtors.*))
                0x004097f8        0x4 LONG 0x0
 *(.fini)
 *(.gcc_exc)
                0x004097fc                PROVIDE (etext, .)
 *(.gcc_except_table)

.data           0x0040a000      0xc00
                0x0040a000                __data_start__ = .
 *(.data)
 .data          0x0040a000        0x0 c:/qp/qtools/bin/../lib/gcc/mingw32/4.5.2/../../../crt2.o
 .data          0x0040a000        0x0 c:/qp/qtools/bin/../lib/gcc/mingw32/4.5.2/crtbegin.o
 .data          0x0040a000        0x0 dbg/bsp.o
 .data          0x0040a000        0x0 dbg/main.o
 .data          0x0040a000        0x0 dbg/philo.o
 .data          0x0040a000        0x0 dbg/table.o
 .data          0x0040a000        0x0 dbg/qstamp.o
 .data          0x0040a000        0x0 ../../../../ports/win32/dbg/libqp.a(qf_port.o)
 .data          0x0040a000        0x0 ../../../../ports/win32/dbg/libqp.a(qf_time.o)
 .data          0x0040a000        0x0 ../../../../ports/win32/dbg/libqp.a(qwin_gui.o)
 .data          0x0040a000        0x0 ../../../../ports/win32/dbg/libqp.a(qf_ps.o)
 .data          0x0040a000        0x0 ../../../../ports/win32/dbg/libqp.a(qf_dyn.o)
 .data          0x0040a000        0x0 ../../../../ports/win32/dbg/libqp.a(qep_hsm.o)
 .data          0x0040a000        0x0 ../../../../ports/win32/dbg/libqp.a(qf_qact.o)
 .data          0x0040a000        0x0 ../../../../ports/win32/dbg/libqp.a(qf_act.o)
 .data          0x0040a000        0x0 ../../../../ports/win32/dbg/libqp.a(qf_actq.o)
 .data          0x0040a000        0x0 ../../../../ports/win32/dbg/libqp.a(qf_qeq.o)
 .data          0x0040a000        0x0 ../../../../ports/win32/dbg/libqp.a(qf_mem.o)
 .data          0x0040a000        0x0 c:/qp/qtools/bin/../lib/gcc/mingw32/4.5.2/../../../libmingw32.a(tlssup.o)
 .data          0x0040a000        0x4 c:/qp/qtools/bin/../lib/gcc/mingw32/4.5.2/../../../libmingw32.a(CRTglob.o)
                0x0040a000                _CRT_glob
 .data          0x0040a004        0x0 c:/qp/qtools/bin/../lib/gcc/mingw32/4.5.2/../../../libmingw32.a(CRTfmode.o)
 .data          0x0040a004        0x4 c:/qp/qtools/bin/../lib/gcc/mingw32/4.5.2/../../../libmingw32.a(txtmode.o)
                0x0040a004                _fmode
 .data          0x0040a008        0x0 c:/qp/qtools/bin/../lib/gcc/mingw32/4.5.2/../../../libmingw32.a(cpu_features.o)
 .data          0x0040a008        0x0 c:/qp/qtools/bin/../lib/gcc/mingw32/4.5.2/../../../libmingw32.a(CRT_fp10.o)
 .data          0x0040a008        0x0 c:/qp/qtools/bin/../lib/gcc/mingw32/4.5.2/../../../libmingw32.a(pseudo-reloc.o)
 .data          0x0040a008        0x4 c:/qp/qtools/bin/../lib/gcc/mingw32/4.5.2/../../../libmingw32.a(gccmain.o)
 .data          0x0040a00c        0x0 c:/qp/qtools/bin/../lib/gcc/mingw32/4.5.2/../../../libmingw32.a(main.o)
 .data          0x0040a00c        0x0 c:/qp/qtools/bin/../lib/gcc/mingw32/4.5.2/../../../libmingw32.a(crtst.o)
 .data          0x0040a00c        0x0 c:/qp/qtools/bin/../lib/gcc/mingw32/4.5.2/../../../libmingw32.a(tlsthrd.o)
 .data          0x0040a00c        0x0 c:/qp/qtools/bin/../lib/gcc/mingw32/4.5.2/../../../libmingw32.a(pseudo-reloc-list.o)
 .data          0x0040a00c        0x0 c:/qp/qtools/bin/../lib/gcc/mingw32/4.5.2/libgcc.a(_ctors.o)
 .data          0x0040a00c        0x0 c:/qp/qtools/bin/../lib/gcc/mingw32/4.5.2/../../../libmingwex.a(snprintf.o)
 .data          0x0040a00c        0x0 c:/qp/qtools/bin/../lib/gcc/mingw32/4.5.2/../../../libmingwex.a(vsnprintf.o)
 .data          0x0040a00c       0x14 c:/qp/qtools/bin/../lib/gcc/mingw32/4.5.2/../../../libmingwex.a(pformat.o)
 .data          0x0040a020        0x0 c:/qp/qtools/bin/../lib/gcc/mingw32/4.5.2/../../../libmingwex.a(gdtoa.o)
 .data          0x0040a020        0x0 c:/qp/qtools/bin/../lib/gcc/mingw32/4.5.2/../../../libmingwex.a(wcrtomb.o)
 .data          0x0040a020        0x0 c:/qp/qtools/bin/../lib/gcc/mingw32/4.5.2/../../../libmingwex.a(mbrtowc.o)
 .data          0x0040a020        0x0 c:/qp/qtools/bin/../lib/gcc/mingw32/4.5.2/../../../libmingwex.a(dmisc.o)
 .data          0x0040a020        0x4 c:/qp/qtools/bin/../lib/gcc/mingw32/4.5.2/../../../libmingwex.a(misc.o)
 .data          0x0040a024        0x0 c:/qp/qtools/bin/../lib/gcc/mingw32/4.5.2/../../../libmingwex.a(gmisc.o)
 .data          0x0040a024        0x0 c:/qp/qtools/bin/../lib/gcc/mingw32/4.5.2/../../../libmsvcrt.a(dcfls00266.o)
 .data          0x0040a024        0x0 c:/qp/qtools/bin/../lib/gcc/mingw32/4.5.2/../../../libmsvcrt.a(dcfls00099.o)
 .data          0x0040a024        0x0 c:/qp/qtools/bin/../lib/gcc/mingw32/4.5.2/../../../libmsvcrt.a(dcfls00590.o)
 .data          0x0040a024        0x0 c:/qp/qtools/bin/../lib/gcc/mingw32/4.5.2/../../../libmsvcrt.a(dcfls00383.o)
 .data          0x0040a024        0x0 c:/qp/qtools/bin/../lib/gcc/mingw32/4.5.2/../../../libmsvcrt.a(dcfls00055.o)
 .data          0x0040a024        0x0 c:/qp/qtools/bin/../lib/gcc/mingw32/4.5.2/../../../libmsvcrt.a(dcfls00079.o)
 .data          0x0040a024        0x0 c:/qp/qtools/bin/../lib/gcc/mingw32/4.5.2/../../../libmsvcrt.a(dcfls00077.o)
 .data          0x0040a024        0x0 c:/qp/qtools/bin/../lib/gcc/mingw32/4.5.2/../../../libmsvcrt.a(dcfls00147.o)
 .data          0x0040a024        0x0 c:/qp/qtools/bin/../lib/gcc/mingw32/4.5.2/../../../libmsvcrt.a(dcfls00426.o)
 .data          0x0040a024        0x0 c:/qp/qtools/bin/../lib/gcc/mingw32/4.5.2/../../../libmsvcrt.a(dcfls00706.o)
 .data          0x0040a024        0x0 c:/qp/qtools/bin/../lib/gcc/mingw32/4.5.2/../../../libmsvcrt.a(dcfls00625.o)
 .data          0x0040a024        0x0 c:/qp/qtools/bin/../lib/gcc/mingw32/4.5.2/../../../libmsvcrt.a(dcfls00595.o)
 .data          0x0040a024        0x0 c:/qp/qtools/bin/../lib/gcc/mingw32/4.5.2/../../../libmsvcrt.a(dcfls00633.o)
 .data          0x0040a024        0x0 c:/qp/qtools/bin/../lib/gcc/mingw32/4.5.2/../../../libmsvcrt.a(dcfls00748.o)
 .data          0x0040a024        0x0 c:/qp/qtools/bin/../lib/gcc/mingw32/4.5.2/../../../libmsvcrt.a(dcfls00583.o)
 .data          0x0040a024        0x0 c:/qp/qtools/bin/../lib/gcc/mingw32/4.5.2/../../../libmsvcrt.a(dcfls00620.o)
 .data          0x0040a024        0x0 c:/qp/qtools/bin/../lib/gcc/mingw32/4.5.2/../../../libmsvcrt.a(dcfls00671.o)
 .data          0x0040a024        0x0 c:/qp/qtools/bin/../lib/gcc/mingw32/4.5.2/../../../libmsvcrt.a(dcfls00637.o)
 .data          0x0040a024        0x0 c:/qp/qtools/bin/../lib/gcc/mingw32/4.5.2/../../../libmsvcrt.a(ofmt_stub.o)
 .data          0x0040a024        0x0 c:/qp/qtools/bin/../lib/gcc/mingw32/4.5.2/../../../libmsvcrt.a(dcfls00761.o)
 .data          0x0040a024        0x0 c:/qp/qtools/bin/../lib/gcc/mingw32/4.5.2/../../../libmsvcrt.a(dcfls00065.o)
 .data          0x0040a024        0x0 c:/qp/qtools/bin/../lib/gcc/mingw32/4.5.2/../../../libmsvcrt.a(dcfls00182.o)
 .data          0x0040a024        0x0 c:/qp/qtools/bin/../lib/gcc/mingw32/4.5.2/../../../libmsvcrt.a(dcfls00704.o)
 .data          0x0040a024        0x0 c:/qp/qtools/bin/../lib/gcc/mingw32/4.5.2/../../../libmsvcrt.a(dcfls00714.o)
 .data          0x0040a024        0x0 c:/qp/qtools/bin/../lib/gcc/mingw32/4.5.2/../../../libmsvcrt.a(dcfls00592.o)
 .data          0x0040a024        0x0 c:/qp/qtools/bin/../lib/gcc/mingw32/4.5.2/../../../libmsvcrt.a(dcfls00676.o)
 .data          0x0040a024        0x0 c:/qp/qtools/bin/../lib/gcc/mingw32/4.5.2/../../../libmsvcrt.a(dcflh.o)
 .data          0x0040a024        0x0 c:/qp/qtools/bin/../lib/gcc/mingw32/4.5.2/../../../libmsvcrt.a(dcflt.o)
 .data          0x0040a024        0x0 c:/qp/qtools/bin/../lib/gcc/mingw32/4.5.2/../../../libgdi32.a(dkfhs00073.o)
 .data          0x0040a024        0x0 c:/qp/qtools/bin/../lib/gcc/mingw32/4.5.2/../../../libgdi32.a(dkfhs00070.o)
 .data          0x0040a024        0x0 c:/qp/qtools/bin/../lib/gcc/mingw32/4.5.2/../../../libgdi32.a(dkfhs00334.o)
 .data          0x0040a024        0x0 c:/qp/qtools/bin/../lib/gcc/mingw32/4.5.2/../../../libgdi32.a(dkfhs00034.o)
 .data          0x0040a024        0x0 c:/qp/qtools/bin/../lib/gcc/mingw32/4.5.2/../../../libgdi32.a(dkfhs00039.o)
 .data          0x0040a024        0x0 c:/qp/qtools/bin/../lib/gcc/mingw32/4.5.2/../../../libgdi32.a(dkfhs00281.o)
 .data          0x0040a024        0x0 c:/qp/qtools/bin/../lib/gcc/mingw32/4.5.2/../../../libgdi32.a(dkfhs00177.o)
 .data          0x0040a024        0x0 c:/qp/qtools/bin/../lib/gcc/mingw32/4.5.2/../../../libgdi32.a(dkfhs00306.o)
 .data          0x0040a024        0x0 c:/qp/qtools/bin/../lib/gcc/mingw32/4.5.2/../../../libgdi32.a(dkfhs00185.o)
 .data          0x0040a024        0x0 c:/qp/qtools/bin/../lib/gcc/mingw32/4.5.2/../../../libgdi32.a(dkfhs00068.o)
 .data          0x0040a024        0x0 c:/qp/qtools/bin/../lib/gcc/mingw32/4.5.2/../../../libgdi32.a(dkfhs00012.o)
 .data          0x0040a024        0x0 c:/qp/qtools/bin/../lib/gcc/mingw32/4.5.2/../../../libgdi32.a(dkfhh.o)
 .data          0x0040a024        0x0 c:/qp/qtools/bin/../lib/gcc/mingw32/4.5.2/../../../libgdi32.a(dkfht.o)
 .data          0x0040a024        0x0 c:/qp/qtools/bin/../lib/gcc/mingw32/4.5.2/../../../libuser32.a(daois00434.o)
 .data          0x0040a024        0x0 c:/qp/qtools/bin/../lib/gcc/mingw32/4.5.2/../../../libuser32.a(daois00468.o)
 .data          0x0040a024        0x0 c:/qp/qtools/bin/../lib/gcc/mingw32/4.5.2/../../../libuser32.a(daois00405.o)
 .data          0x0040a024        0x0 c:/qp/qtools/bin/../lib/gcc/mingw32/4.5.2/../../../libuser32.a(daois00403.o)
 .data          0x0040a024        0x0 c:/qp/qtools/bin/../lib/gcc/mingw32/4.5.2/../../../libuser32.a(daois00533.o)
 .data          0x0040a024        0x0 c:/qp/qtools/bin/../lib/gcc/mingw32/4.5.2/../../../libuser32.a(daois00134.o)
 .data          0x0040a024        0x0 c:/qp/qtools/bin/../lib/gcc/mingw32/4.5.2/../../../libuser32.a(daois00182.o)
 .data          0x0040a024        0x0 c:/qp/qtools/bin/../lib/gcc/mingw32/4.5.2/../../../libuser32.a(daois00585.o)
 .data          0x0040a024        0x0 c:/qp/qtools/bin/../lib/gcc/mingw32/4.5.2/../../../libuser32.a(daois00608.o)
 .data          0x0040a024        0x0 c:/qp/qtools/bin/../lib/gcc/mingw32/4.5.2/../../../libuser32.a(daois00149.o)
 .data          0x0040a024        0x0 c:/qp/qtools/bin/../lib/gcc/mingw32/4.5.2/../../../libuser32.a(daois00293.o)
 .data          0x0040a024        0x0 c:/qp/qtools/bin/../lib/gcc/mingw32/4.5.2/../../../libuser32.a(daois00419.o)
 .data          0x0040a024        0x0 c:/qp/qtools/bin/../lib/gcc/mingw32/4.5.2/../../../libuser32.a(daois00530.o)
 .data          0x0040a024        0x0 c:/qp/qtools/bin/../lib/gcc/mingw32/4.5.2/../../../libuser32.a(daois00480.o)
 .data          0x0040a024        0x0 c:/qp/qtools/bin/../lib/gcc/mingw32/4.5.2/../../../libuser32.a(daois00080.o)
 .data          0x0040a024        0x0 c:/qp/qtools/bin/../lib/gcc/mingw32/4.5.2/../../../libuser32.a(daois00248.o)
 .data          0x0040a024        0x0 c:/qp/qtools/bin/../lib/gcc/mingw32/4.5.2/../../../libuser32.a(daois00508.o)
 .data          0x0040a024        0x0 c:/qp/qtools/bin/../lib/gcc/mingw32/4.5.2/../../../libuser32.a(daois00253.o)
 .data          0x0040a024        0x0 c:/qp/qtools/bin/../lib/gcc/mingw32/4.5.2/../../../libuser32.a(daois00348.o)
 .data          0x0040a024        0x0 c:/qp/qtools/bin/../lib/gcc/mingw32/4.5.2/../../../libuser32.a(daois00520.o)
 .data          0x0040a024        0x0 c:/qp/qtools/bin/../lib/gcc/mingw32/4.5.2/../../../libuser32.a(daoih.o)
 .data          0x0040a024        0x0 c:/qp/qtools/bin/../lib/gcc/mingw32/4.5.2/../../../libuser32.a(daoit.o)
 .data          0x0040a024        0x0 c:/qp/qtools/bin/../lib/gcc/mingw32/4.5.2/../../../libkernel32.a(dchds01140.o)
 .data          0x0040a024        0x0 c:/qp/qtools/bin/../lib/gcc/mingw32/4.5.2/../../../libkernel32.a(dchds00279.o)
 .data          0x0040a024        0x0 c:/qp/qtools/bin/../lib/gcc/mingw32/4.5.2/../../../libkernel32.a(dchds00529.o)
 .data          0x0040a024        0x0 c:/qp/qtools/bin/../lib/gcc/mingw32/4.5.2/../../../libkernel32.a(dchds00577.o)
 .data          0x0040a024        0x0 c:/qp/qtools/bin/../lib/gcc/mingw32/4.5.2/../../../libkernel32.a(dchds00179.o)
 .data          0x0040a024        0x0 c:/qp/qtools/bin/../lib/gcc/mingw32/4.5.2/../../../libkernel32.a(dchds00236.o)
 .data          0x0040a024        0x0 c:/qp/qtools/bin/../lib/gcc/mingw32/4.5.2/../../../libkernel32.a(dchds00814.o)
 .data          0x0040a024        0x0 c:/qp/qtools/bin/../lib/gcc/mingw32/4.5.2/../../../libkernel32.a(dchds00082.o)
 .data          0x0040a024        0x0 c:/qp/qtools/bin/../lib/gcc/mingw32/4.5.2/../../../libkernel32.a(dchds00734.o)
 .data          0x0040a024        0x0 c:/qp/qtools/bin/../lib/gcc/mingw32/4.5.2/../../../libkernel32.a(dchds00450.o)
 .data          0x0040a024        0x0 c:/qp/qtools/bin/../lib/gcc/mingw32/4.5.2/../../../libkernel32.a(dchds01129.o)
 .data          0x0040a024        0x0 c:/qp/qtools/bin/../lib/gcc/mingw32/4.5.2/../../../libkernel32.a(dchds01152.o)
 .data          0x0040a024        0x0 c:/qp/qtools/bin/../lib/gcc/mingw32/4.5.2/../../../libkernel32.a(dchds00129.o)
 .data          0x0040a024        0x0 c:/qp/qtools/bin/../lib/gcc/mingw32/4.5.2/../../../libkernel32.a(dchds00892.o)
 .data          0x0040a024        0x0 c:/qp/qtools/bin/../lib/gcc/mingw32/4.5.2/../../../libkernel32.a(dchds01065.o)
 .data          0x0040a024        0x0 c:/qp/qtools/bin/../lib/gcc/mingw32/4.5.2/../../../libkernel32.a(dchds01223.o)
 .data          0x0040a024        0x0 c:/qp/qtools/bin/../lib/gcc/mingw32/4.5.2/../../../libkernel32.a(dchds01215.o)
 .data          0x0040a024        0x0 c:/qp/qtools/bin/../lib/gcc/mingw32/4.5.2/../../../libkernel32.a(dchds01213.o)
 .data          0x0040a024        0x0 c:/qp/qtools/bin/../lib/gcc/mingw32/4.5.2/../../../libkernel32.a(dchds00388.o)
 .data          0x0040a024        0x0 c:/qp/qtools/bin/../lib/gcc/mingw32/4.5.2/../../../libkernel32.a(dchds00606.o)
 .data          0x0040a024        0x0 c:/qp/qtools/bin/../lib/gcc/mingw32/4.5.2/../../../libkernel32.a(dchds01173.o)
 .data          0x0040a024        0x0 c:/qp/qtools/bin/../lib/gcc/mingw32/4.5.2/../../../libkernel32.a(dchds00510.o)
 .data          0x0040a024        0x0 c:/qp/qtools/bin/../lib/gcc/mingw32/4.5.2/../../../libkernel32.a(dchds00207.o)
 .data          0x0040a024        0x0 c:/qp/qtools/bin/../lib/gcc/mingw32/4.5.2/../../../libkernel32.a(dchds01247.o)
 .data          0x0040a024        0x0 c:/qp/qtools/bin/../lib/gcc/mingw32/4.5.2/../../../libkernel32.a(dchds00860.o)
 .data          0x0040a024        0x0 c:/qp/qtools/bin/../lib/gcc/mingw32/4.5.2/../../../libkernel32.a(dchds00763.o)
 .data          0x0040a024        0x0 c:/qp/qtools/bin/../lib/gcc/mingw32/4.5.2/../../../libkernel32.a(dchds00744.o)
 .data          0x0040a024        0x0 c:/qp/qtools/bin/../lib/gcc/mingw32/4.5.2/../../../libkernel32.a(dchdh.o)
 .data          0x0040a024        0x0 c:/qp/qtools/bin/../lib/gcc/mingw32/4.5.2/../../../libkernel32.a(dchdt.o)
 .data          0x0040a024        0x0 c:/qp/qtools/bin/../lib/gcc/mingw32/4.5.2/libgcc.a(_umoddi3.o)
 .data          0x0040a024        0x0 c:/qp/qtools/bin/../lib/gcc/mingw32/4.5.2/libgcc.a(_udivdi3.o)
 .data          0x0040a024        0x0 c:/qp/qtools/bin/../lib/gcc/mingw32/4.5.2/libgcc.a(_chkstk.o)
 .data          0x0040a024        0x0 c:/qp/qtools/bin/../lib/gcc/mingw32/4.5.2/crtend.o
 *(.data2)
 *(SORT(.data$*))
 .data$l_cmdLine
                0x0040a024        0x4 dbg/bsp.o
 .data$l_hDC    0x0040a028        0x4 ../../../../ports/win32/dbg/libqp.a(qwin_gui.o)
 .data$l_hInst  0x0040a02c        0x4 dbg/bsp.o
 .data$l_hWnd   0x0040a030        0x4 dbg/bsp.o
 .data$l_hWnd   0x0040a034        0x4 ../../../../ports/win32/dbg/libqp.a(qwin_gui.o)
 .data$l_isRunning
                0x0040a038        0x4 ../../../../ports/win32/dbg/libqp.a(qf_port.o)
 .data$l_pauseBtn
                0x0040a03c       0x14 dbg/bsp.o
 *fill*         0x0040a050       0x10 00
 .data$l_philo  0x0040a060      0x180 dbg/philo.o
 .data$l_philos
                0x0040a1e0       0x10 dbg/bsp.o
 .data$l_rnd    0x0040a1f0        0x4 dbg/bsp.o
 .data$l_startupCritSect
                0x0040a1f4       0x18 ../../../../ports/win32/dbg/libqp.a(qf_port.o)
 *fill*         0x0040a20c       0x14 00
 .data$l_table  0x0040a220       0x40 dbg/table.o
 .data$l_tickMsec
                0x0040a260        0x4 ../../../../ports/win32/dbg/libqp.a(qf_port.o)
 .data$l_win32CritSect
                0x0040a264       0x18 ../../../../ports/win32/dbg/libqp.a(qf_port.o)
 *fill*         0x0040a27c        0x4 00
 .data$philoQueueSto.1601
                0x0040a280      0x400 dbg/main.o
 .data$registered.1627
                0x0040a680        0x4 dbg/philo.o
 *fill*         0x0040a684       0x1c 00
 .data$smlPoolSto.1604
                0x0040a6a0      0x320 dbg/main.o
 .data$subscrSto.1605
                0x0040a9c0       0x60 dbg/main.o
 .data$tableQueueSto.1600
                0x0040aa20       0xe0 dbg/main.o
 *(.jcr)
 .jcr           0x0040ab00        0x0 c:/qp/qtools/bin/../lib/gcc/mingw32/4.5.2/crtbegin.o
 .jcr           0x0040ab00        0x4 c:/qp/qtools/bin/../lib/gcc/mingw32/4.5.2/crtend.o
                0x0040ab04                __data_end__ = .
 *(.data_cygwin_nocopy)

.rdata          0x0040b000      0x800
 *(.rdata)
 .rdata         0x0040b000       0x64 c:/qp/qtools/bin/../lib/gcc/mingw32/4.5.2/crtbegin.o
 .rdata         0x0040b064       0x44 dbg/bsp.o
 .rdata         0x0040b0a8       0x60 dbg/philo.o
 .rdata         0x0040b108       0x74 dbg/table.o
 .rdata         0x0040b17c       0x18 ../../../../ports/win32/dbg/libqp.a(qwin_gui.o)
 .rdata         0x0040b194        0x4 c:/qp/qtools/bin/../lib/gcc/mingw32/4.5.2/../../../libmingw32.a(tlssup.o)
                0x0040b194                __dyn_tls_init_callback
 .rdata         0x0040b198       0xac c:/qp/qtools/bin/../lib/gcc/mingw32/4.5.2/../../../libmingw32.a(pseudo-reloc.o)
 .rdata         0x0040b244      0x1a0 c:/qp/qtools/bin/../lib/gcc/mingw32/4.5.2/../../../libmingwex.a(pformat.o)
 *fill*         0x0040b3e4        0x4 00
 .rdata         0x0040b3e8       0x68 c:/qp/qtools/bin/../lib/gcc/mingw32/4.5.2/../../../libmingwex.a(gdtoa.o)
 *fill*         0x0040b450       0x10 00
 .rdata         0x0040b460      0x160 c:/qp/qtools/bin/../lib/gcc/mingw32/4.5.2/../../../libmingwex.a(misc.o)
                0x0040b460                __bigtens_D2A
                0x0040b4a0                __tinytens_D2A
                0x0040b4e0                __tens_D2A
 *(SORT(.rdata$*))
 .rdata$AO_Philo
                0x0040b5c0       0x14 dbg/philo.o
                0x0040b5c0                AO_Philo
 .rdata$AO_Table
                0x0040b5d4        0x4 dbg/table.o
                0x0040b5d4                AO_Table
 .rdata$QEP_reservedEvt_
                0x0040b5d8       0x10 ../../../../ports/win32/dbg/libqp.a(qep_hsm.o)
 .rdata$QP_versionStr
                0x0040b5e8        0x8 ../../../../ports/win32/dbg/libqp.a(qep_hsm.o)
                0x0040b5e8                QP_versionStr
 .rdata$Q_BUILD_DATE
                0x0040b5f0        0xc dbg/qstamp.o
                0x0040b5f0                Q_BUILD_DATE
 .rdata$Q_BUILD_TIME
                0x0040b5fc        0xc dbg/qstamp.o
                0x0040b5fc                Q_BUILD_TIME
 .rdata$Q_this_module_
                0x0040b608        0x8 dbg/bsp.o
 .rdata$Q_this_module_
                0x0040b610        0xc dbg/philo.o
 .rdata$Q_this_module_
                0x0040b61c        0xc dbg/table.o
 .rdata$Q_this_module_
                0x0040b628        0x8 ../../../../ports/win32/dbg/libqp.a(qf_port.o)
 .rdata$Q_this_module_
                0x0040b630        0x8 ../../../../ports/win32/dbg/libqp.a(qf_time.o)
 .rdata$Q_this_module_
                0x0040b638        0x8 ../../../../ports/win32/dbg/libqp.a(qf_ps.o)
 .rdata$Q_this_module_
                0x0040b640        0x8 ../../../../ports/win32/dbg/libqp.a(qf_dyn.o)
 .rdata$Q_this_module_
                0x0040b648        0x8 ../../../../ports/win32/dbg/libqp.a(qep_hsm.o)
 .rdata$Q_this_module_
                0x0040b650        0x8 ../../../../ports/win32/dbg/libqp.a(qf_act.o)
 .rdata$Q_this_module_
                0x0040b658        0x8 ../../../../ports/win32/dbg/libqp.a(qf_actq.o)
 .rdata$Q_this_module_
                0x0040b660        0x8 ../../../../ports/win32/dbg/libqp.a(qf_qeq.o)
 .rdata$Q_this_module_
                0x0040b668        0x8 ../../../../ports/win32/dbg/libqp.a(qf_mem.o)
 .rdata$log2LUT.14858
                0x0040b670       0x10 ../../../../ports/win32/dbg/libqp.a(qf_act.o)
 .rdata$pe.15446
                0x0040b680        0x4 dbg/bsp.o
 .rdata$se.15449
                0x0040b684        0x4 dbg/bsp.o
 .rdata$tickEvt.14898
                0x0040b688        0x4 ../../../../ports/win32/dbg/libqp.a(qf_actq.o)
 .rdata$vtbl.1359
                0x0040b68c        0x8 ../../../../ports/win32/dbg/libqp.a(qep_hsm.o)
 .rdata$vtbl.14830
                0x0040b694       0x14 ../../../../ports/win32/dbg/libqp.a(qf_qact.o)
 .rdata$vtbl.14880
                0x0040b6a8       0x14 ../../../../ports/win32/dbg/libqp.a(qf_actq.o)
                0x0040b6bc                ___RUNTIME_PSEUDO_RELOC_LIST__ = .
                0x0040b6bc                __RUNTIME_PSEUDO_RELOC_LIST__ = .
 *(.rdata_runtime_pseudo_reloc)
                0x0040b6bc                ___RUNTIME_PSEUDO_RELOC_LIST_END__ = .
                0x0040b6bc                __RUNTIME_PSEUDO_RELOC_LIST_END__ = .

.eh_frame       0x0040c000      0x200
 *(.eh_frame)
 .eh_frame      0x0040c000        0x0 c:/qp/qtools/bin/../lib/gcc/mingw32/4.5.2/crtbegin.o
 .eh_frame      0x0040c000       0x6c c:/qp/qtools/bin/../lib/gcc/mingw32/4.5.2/libgcc.a(_umoddi3.o)
 .eh_frame      0x0040c06c       0x6c c:/qp/qtools/bin/../lib/gcc/mingw32/4.5.2/libgcc.a(_udivdi3.o)
 .eh_frame      0x0040c0d8        0x4 c:/qp/qtools/bin/../lib/gcc/mingw32/4.5.2/crtend.o

.pdata
 *(.pdata)

.bss            0x0040d000      0xbd4
                0x0040d000                __bss_start__ = .
 *(.bss)
 .bss           0x0040d000        0x8 c:/qp/qtools/bin/../lib/gcc/mingw32/4.5.2/../../../crt2.o
                0x0040d000                _argc
                0x0040d004                _argv
 .bss           0x0040d008       0x18 c:/qp/qtools/bin/../lib/gcc/mingw32/4.5.2/crtbegin.o
 .bss           0x0040d020        0x0 dbg/bsp.o
 .bss           0x0040d020        0x0 dbg/main.o
 .bss           0x0040d020        0x0 dbg/philo.o
 .bss           0x0040d020        0x0 dbg/table.o
 .bss           0x0040d020        0x0 dbg/qstamp.o
 .bss           0x0040d020        0x0 ../../../../ports/win32/dbg/libqp.a(qf_port.o)
 .bss           0x0040d020        0x0 ../../../../ports/win32/dbg/libqp.a(qf_time.o)
 .bss           0x0040d020        0x0 ../../../../ports/win32/dbg/libqp.a(qwin_gui.o)
 .bss           0x0040d020        0x0 ../../../../ports/win32/dbg/libqp.a(qf_ps.o)
 .bss           0x0040d020        0x0 ../../../../ports/win32/dbg/libqp.a(qf_dyn.o)
 .bss           0x0040d020        0x0 ../../../../ports/win32/dbg/libqp.a(qep_hsm.o)
 .bss           0x0040d020        0x0 ../../../../ports/win32/dbg/libqp.a(qf_qact.o)
 .bss           0x0040d020        0x0 ../../../../ports/win32/dbg/libqp.a(qf_act.o)
 .bss           0x0040d020        0x0 ../../../../ports/win32/dbg/libqp.a(qf_actq.o)
 .bss           0x0040d020        0x0 ../../../../ports/win32/dbg/libqp.a(qf_qeq.o)
 .bss           0x0040d020        0x0 ../../../../ports/win32/dbg/libqp.a(qf_mem.o)
 .bss           0x0040d020       0x10 c:/qp/qtools/bin/../lib/gcc/mingw32/4.5.2/../../../libmingw32.a(tlssup.o)
                0x0040d020                _tls_index
                0x0040d024                mingw_initltsdrot_force
                0x0040d028                mingw_initltsdyn_force
                0x0040d02c                mingw_initltssuo_force
 .bss           0x0040d030        0x0 c:/qp/qtools/bin/../lib/gcc/mingw32/4.5.2/../../../libmingw32.a(CRTglob.o)
 .bss           0x0040d030        0x4 c:/qp/qtools/bin/../lib/gcc/mingw32/4.5.2/../../../libmingw32.a(CRTfmode.o)
                0x0040d030                _CRT_fmode
 .bss           0x0040d034        0x0 c:/qp/qtools/bin/../lib/gcc/mingw32/4.5.2/../../../libmingw32.a(txtmode.o)
 .bss           0x0040d034        0x4 c:/qp/qtools/bin/../lib/gcc/mingw32/4.5.2/../../../libmingw32.a(cpu_features.o)
                0x0040d034                __cpu_features
 .bss           0x0040d038        0x0 c:/qp/qtools/bin/../lib/gcc/mingw32/4.5.2/../../../libmingw32.a(CRT_fp10.o)
 .bss           0x0040d038        0x4 c:/qp/qtools/bin/../lib/gcc/mingw32/4.5.2/../../../libmingw32.a(pseudo-reloc.o)
 .bss           0x0040d03c        0x4 c:/qp/qtools/bin/../lib/gcc/mingw32/4.5.2/../../../libmingw32.a(gccmain.o)
 .bss           0x0040d040        0x0 c:/qp/qtools/bin/../lib/gcc/mingw32/4.5.2/../../../libmingw32.a(main.o)
 .bss           0x0040d040        0x4 c:/qp/qtools/bin/../lib/gcc/mingw32/4.5.2/../../../libmingw32.a(crtst.o)
                0x0040d040                _CRT_MT
 .bss           0x0040d044       0x20 c:/qp/qtools/bin/../lib/gcc/mingw32/4.5.2/../../../libmingw32.a(tlsthrd.o)
 .bss           0x0040d064        0x4 c:/qp/qtools/bin/../lib/gcc/mingw32/4.5.2/../../../libmingw32.a(pseudo-reloc-list.o)
 .bss           0x0040d068        0x0 c:/qp/qtools/bin/../lib/gcc/mingw32/4.5.2/libgcc.a(_ctors.o)
 .bss           0x0040d068        0x0 c:/qp/qtools/bin/../lib/gcc/mingw32/4.5.2/../../../libmingwex.a(snprintf.o)
 .bss           0x0040d068        0x0 c:/qp/qtools/bin/../lib/gcc/mingw32/4.5.2/../../../libmingwex.a(vsnprintf.o)
 .bss           0x0040d068        0x0 c:/qp/qtools/bin/../lib/gcc/mingw32/4.5.2/../../../libmingwex.a(pformat.o)
 .bss           0x0040d068        0x0 c:/qp/qtools/bin/../lib/gcc/mingw32/4.5.2/../../../libmingwex.a(gdtoa.o)
 .bss           0x0040d068        0x0 c:/qp/qtools/bin/../lib/gcc/mingw32/4.5.2/../../../libmingwex.a(wcrtomb.o)
 .bss           0x0040d068        0xc c:/qp/qtools/bin/../lib/gcc/mingw32/4.5.2/../../../libmingwex.a(mbrtowc.o)
 .bss           0x0040d074        0x0 c:/qp/qtools/bin/../lib/gcc/mingw32/4.5.2/../../../libmingwex.a(dmisc.o)
 *fill*         0x0040d074        0xc 00
 .bss           0x0040d080      0x9a0 c:/qp/qtools/bin/../lib/gcc/mingw32/4.5.2/../../../libmingwex.a(misc.o)
 .bss           0x0040da20        0x0 c:/qp/qtools/bin/../lib/gcc/mingw32/4.5.2/../../../libmingwex.a(gmisc.o)
 .bss           0x0040da20        0x0 c:/qp/qtools/bin/../lib/gcc/mingw32/4.5.2/../../../libmsvcrt.a(dcfls00266.o)
 .bss           0x0040da20        0x0 c:/qp/qtools/bin/../lib/gcc/mingw32/4.5.2/../../../libmsvcrt.a(dcfls00099.o)
 .bss           0x0040da20        0x0 c:/qp/qtools/bin/../lib/gcc/mingw32/4.5.2/../../../libmsvcrt.a(dcfls00590.o)
 .bss           0x0040da20        0x0 c:/qp/qtools/bin/../lib/gcc/mingw32/4.5.2/../../../libmsvcrt.a(dcfls00383.o)
 .bss           0x0040da20        0x0 c:/qp/qtools/bin/../lib/gcc/mingw32/4.5.2/../../../libmsvcrt.a(dcfls00055.o)
 .bss           0x0040da20        0x0 c:/qp/qtools/bin/../lib/gcc/mingw32/4.5.2/../../../libmsvcrt.a(dcfls00079.o)
 .bss           0x0040da20        0x0 c:/qp/qtools/bin/../lib/gcc/mingw32/4.5.2/../../../libmsvcrt.a(dcfls00077.o)
 .bss           0x0040da20        0x0 c:/qp/qtools/bin/../lib/gcc/mingw32/4.5.2/../../../libmsvcrt.a(dcfls00147.o)
 .bss           0x0040da20        0x0 c:/qp/qtools/bin/../lib/gcc/mingw32/4.5.2/../../../libmsvcrt.a(dcfls00426.o)
 .bss           0x0040da20        0x0 c:/qp/qtools/bin/../lib/gcc/mingw32/4.5.2/../../../libmsvcrt.a(dcfls00706.o)
 .bss           0x0040da20        0x0 c:/qp/qtools/bin/../lib/gcc/mingw32/4.5.2/../../../libmsvcrt.a(dcfls00625.o)
 .bss           0x0040da20        0x0 c:/qp/qtools/bin/../lib/gcc/mingw32/4.5.2/../../../libmsvcrt.a(dcfls00595.o)
 .bss           0x0040da20        0x0 c:/qp/qtools/bin/../lib/gcc/mingw32/4.5.2/../../../libmsvcrt.a(dcfls00633.o)
 .bss           0x0040da20        0x0 c:/qp/qtools/bin/../lib/gcc/mingw32/4.5.2/../../../libmsvcrt.a(dcfls00748.o)
 .bss           0x0040da20        0x0 c:/qp/qtools/bin/../lib/gcc/mingw32/4.5.2/../../../libmsvcrt.a(dcfls00583.o)
 .bss           0x0040da20        0x0 c:/qp/qtools/bin/../lib/gcc/mingw32/4.5.2/../../../libmsvcrt.a(dcfls00620.o)
 .bss           0x0040da20        0x0 c:/qp/qtools/bin/../lib/gcc/mingw32/4.5.2/../../../libmsvcrt.a(dcfls00671.o)
 .bss           0x0040da20        0x0 c:/qp/qtools/bin/../lib/gcc/mingw32/4.5.2/../../../libmsvcrt.a(dcfls00637.o)
 .bss           0x0040da20        0x0 c:/qp/qtools/bin/../lib/gcc/mingw32/4.5.2/../../../libmsvcrt.a(ofmt_stub.o)
 .bss           0x0040da20        0x0 c:/qp/qtools/bin/../lib/gcc/mingw32/4.5.2/../../../libmsvcrt.a(dcfls00761.o)
 .bss           0x0040da20        0x0 c:/qp/qtools/bin/../lib/gcc/mingw32/4.5.2/../../../libmsvcrt.a(dcfls00065.o)
 .bss           0x0040da20        0x0 c:/qp/qtools/bin/../lib/gcc/mingw32/4.5.2/../../../libmsvcrt.a(dcfls00182.o)
 .bss           0x0040da20        0x0 c:/qp/qtools/bin/../lib/gcc/mingw32/4.5.2/../../../libmsvcrt.a(dcfls00704.o)
 .bss           0x0040da20        0x0 c:/qp/qtools/bin/../lib/gcc/mingw32/4.5.2/../../../libmsvcrt.a(dcfls00714.o)
 .bss           0x0040da20        0x0 c:/qp/qtools/bin/../lib/gcc/mingw32/4.5.2/../../../libmsvcrt.a(dcfls00592.o)
 .bss           0x0040da20        0x0 c:/qp/qtools/bin/../lib/gcc/mingw32/4.5.2/../../../libmsvcrt.a(dcfls00676.o)
 .bss           0x0040da20        0x0 c:/qp/qtools/bin/../lib/gcc/mingw32/4.5.2/../../../libmsvcrt.a(dcflh.o)
 .bss           0x0040da20        0x0 c:/qp/qtools/bin/../lib/gcc/mingw32/4.5.2/../../../libmsvcrt.a(dcflt.o)
 .bss           0x0040da20        0x0 c:/qp/qtools/bin/../lib/gcc/mingw32/4.5.2/../../../libgdi32.a(dkfhs00073.o)
 .bss           0x0040da20        0x0 c:/qp/qtools/bin/../lib/gcc/mingw32/4.5.2/../../../libgdi32.a(dkfhs00070.o)
 .bss           0x0040da20        0x0 c:/qp/qtools/bin/../lib/gcc/mingw32/4.5.2/../../../libgdi32.a(dkfhs00334.o)
 .bss           0x0040da20        0x0 c:/qp/qtools/bin/../lib/gcc/mingw32/4.5.2/../../../libgdi32.a(dkfhs00034.o)
 .bss           0x0040da20        0x0 c:/qp/qtools/bin/../lib/gcc/mingw32/4.5.2/../../../libgdi32.a(dkfhs00039.o)
 .bss           0x0040da20        0x0 c:/qp/qtools/bin/../lib/gcc/mingw32/4.5.2/../../../libgdi32.a(dkfhs00281.o)
 .bss           0x0040da20        0x0 c:/qp/qtools/bin/../lib/gcc/mingw32/4.5.2/../../../libgdi32.a(dkfhs00177.o)
 .bss           0x0040da20        0x0 c:/qp/qtools/bin/../lib/gcc/mingw32/4.5.2/../../../libgdi32.a(dkfhs00306.o)
 .bss           0x0040da20        0x0 c:/qp/qtools/bin/../lib/gcc/mingw32/4.5.2/../../../libgdi32.a(dkfhs00185.o)
 .bss           0x0040da20        0x0 c:/qp/qtools/bin/../lib/gcc/mingw32/4.5.2/../../../libgdi32.a(dkfhs00068.o)
 .bss           0x0040da20        0x0 c:/qp/qtools/bin/../lib/gcc/mingw32/4.5.2/../../../libgdi32.a(dkfhs00012.o)
 .bss           0x0040da20        0x0 c:/qp/qtools/bin/../lib/gcc/mingw32/4.5.2/../../../libgdi32.a(dkfhh.o)
 .bss           0x0040da20        0x0 c:/qp/qtools/bin/../lib/gcc/mingw32/4.5.2/../../../libgdi32.a(dkfht.o)
 .bss           0x0040da20        0x0 c:/qp/qtools/bin/../lib/gcc/mingw32/4.5.2/../../../libuser32.a(daois00434.o)
 .bss           0x0040da20        0x0 c:/qp/qtools/bin/../lib/gcc/mingw32/4.5.2/../../../libuser32.a(daois00468.o)
 .bss           0x0040da20        0x0 c:/qp/qtools/bin/../lib/gcc/mingw32/4.5.2/../../../libuser32.a(daois00405.o)
 .bss           0x0040da20        0x0 c:/qp/qtools/bin/../lib/gcc/mingw32/4.5.2/../../../libuser32.a(daois00403.o)
 .bss           0x0040da20        0x0 c:/qp/qtools/bin/../lib/gcc/mingw32/4.5.2/../../../libuser32.a(daois00533.o)
 .bss           0x0040da20        0x0 c:/qp/qtools/bin/../lib/gcc/mingw32/4.5.2/../../../libuser32.a(daois00134.o)
 .bss           0x0040da20        0x0 c:/qp/qtools/bin/../lib/gcc/mingw32/4.5.2/../../../libuser32.a(daois00182.o)
 .bss           0x0040da20        0x0 c:/qp/qtools/bin/../lib/gcc/mingw32/4.5.2/../../../libuser32.a(daois00585.o)
 .bss           0x0040da20        0x0 c:/qp/qtools/bin/../lib/gcc/mingw32/4.5.2/../../../libuser32.a(daois00608.o)
 .bss           0x0040da20        0x0 c:/qp/qtools/bin/../lib/gcc/mingw32/4.5.2/../../../libuser32.a(daois00149.o)
 .bss           0x0040da20        0x0 c:/qp/qtools/bin/../lib/gcc/mingw32/4.5.2/../../../libuser32.a(daois00293.o)
 .bss           0x0040da20        0x0 c:/qp/qtools/bin/../lib/gcc/mingw32/4.5.2/../../../libuser32.a(daois00419.o)
 .bss           0x0040da20        0x0 c:/qp/qtools/bin/../lib/gcc/mingw32/4.5.2/../../../libuser32.a(daois00530.o)
 .bss           0x0040da20        0x0 c:/qp/qtools/bin/../lib/gcc/mingw32/4.5.2/../../../libuser32.a(daois00480.o)
 .bss           0x0040da20        0x0 c:/qp/qtools/bin/../lib/gcc/mingw32/4.5.2/../../../libuser32.a(daois00080.o)
 .bss           0x0040da20        0x0 c:/qp/qtools/bin/../lib/gcc/mingw32/4.5.2/../../../libuser32.a(daois00248.o)
 .bss           0x0040da20        0x0 c:/qp/qtools/bin/../lib/gcc/mingw32/4.5.2/../../../libuser32.a(daois00508.o)
 .bss           0x0040da20        0x0 c:/qp/qtools/bin/../lib/gcc/mingw32/4.5.2/../../../libuser32.a(daois00253.o)
 .bss           0x0040da20        0x0 c:/qp/qtools/bin/../lib/gcc/mingw32/4.5.2/../../../libuser32.a(daois00348.o)
 .bss           0x0040da20        0x0 c:/qp/qtools/bin/../lib/gcc/mingw32/4.5.2/../../../libuser32.a(daois00520.o)
 .bss           0x0040da20        0x0 c:/qp/qtools/bin/../lib/gcc/mingw32/4.5.2/../../../libuser32.a(daoih.o)
 .bss           0x0040da20        0x0 c:/qp/qtools/bin/../lib/gcc/mingw32/4.5.2/../../../libuser32.a(daoit.o)
 .bss           0x0040da20        0x0 c:/qp/qtools/bin/../lib/gcc/mingw32/4.5.2/../../../libkernel32.a(dchds01140.o)
 .bss           0x0040da20        0x0 c:/qp/qtools/bin/../lib/gcc/mingw32/4.5.2/../../../libkernel32.a(dchds00279.o)
 .bss           0x0040da20        0x0 c:/qp/qtools/bin/../lib/gcc/mingw32/4.5.2/../../../libkernel32.a(dchds00529.o)
 .bss           0x0040da20        0x0 c:/qp/qtools/bin/../lib/gcc/mingw32/4.5.2/../../../libkernel32.a(dchds00577.o)
 .bss           0x0040da20        0x0 c:/qp/qtools/bin/../lib/gcc/mingw32/4.5.2/../../../libkernel32.a(dchds00179.o)
 .bss           0x0040da20        0x0 c:/qp/qtools/bin/../lib/gcc/mingw32/4.5.2/../../../libkernel32.a(dchds00236.o)
 .bss           0x0040da20        0x0 c:/qp/qtools/bin/../lib/gcc/mingw32/4.5.2/../../../libkernel32.a(dchds00814.o)
 .bss           0x0040da20        0x0 c:/qp/qtools/bin/../lib/gcc/mingw32/4.5.2/../../../libkernel32.a(dchds00082.o)
 .bss           0x0040da20        0x0 c:/qp/qtools/bin/../lib/gcc/mingw32/4.5.2/../../../libkernel32.a(dchds00734.o)
 .bss           0x0040da20        0x0 c:/qp/qtools/bin/../lib/gcc/mingw32/4.5.2/../../../libkernel32.a(dchds00450.o)
 .bss           0x0040da20        0x0 c:/qp/qtools/bin/../lib/gcc/mingw32/4.5.2/../../../libkernel32.a(dchds01129.o)
 .bss           0x0040da20        0x0 c:/qp/qtools/bin/../lib/gcc/mingw32/4.5.2/../../../libkernel32.a(dchds01152.o)
 .bss           0x0040da20        0x0 c:/qp/qtools/bin/../lib/gcc/mingw32/4.5.2/../../../libkernel32.a(dchds00129.o)
 .bss           0x0040da20        0x0 c:/qp/qtools/bin/../lib/gcc/mingw32/4.5.2/../../../libkernel32.a(dchds00892.o)
 .bss           0x0040da20        0x0 c:/qp/qtools/bin/../lib/gcc/mingw32/4.5.2/../../../libkernel32.a(dchds01065.o)
 .bss           0x0040da20        0x0 c:/qp/qtools/bin/../lib/gcc/mingw32/4.5.2/../../../libkernel32.a(dchds01223.o)
 .bss           0x0040da20        0x0 c:/qp/qtools/bin/../lib/gcc/mingw32/4.5.2/../../../libkernel32.a(dchds01215.o)
 .bss           0x0040da20        0x0 c:/qp/qtools/bin/../lib/gcc/mingw32/4.5.2/../../../libkernel32.a(dchds01213.o)
 .bss           0x0040da20        0x0 c:/qp/qtools/bin/../lib/gcc/mingw32/4.5.2/../../../libkernel32.a(dchds00388.o)
 .bss           0x0040da20        0x0 c:/qp/qtools/bin/../lib/gcc/mingw32/4.5.2/../../../libkernel32.a(dchds00606.o)
 .bss           0x0040da20        0x0 c:/qp/qtools/bin/../lib/gcc/mingw32/4.5.2/../../../libkernel32.a(dchds01173.o)
 .bss           0x0040da20        0x0 c:/qp/qtools/bin/../lib/gcc/mingw32/4.5.2/../../../libkernel32.a(dchds00510.o)
 .bss           0x0040da20        0x0 c:/qp/qtools/bin/../lib/gcc/mingw32/4.5.2/../../../libkernel32.a(dchds00207.o)
 .bss           0x0040da20        0x0 c:/qp/qtools/bin/../lib/gcc/mingw32/4.5.2/../../../libkernel32.a(dchds01247.o)
 .bss           0x0040da20        0x0 c:/qp/qtools/bin/../lib/gcc/mingw32/4.5.2/../../../libkernel32.a(dchds00860.o)
 .bss           0x0040da20        0x0 c:/qp/qtools/bin/../lib/gcc/mingw32/4.5.2/../../../libkernel32.a(dchds00763.o)
 .bss           0x0040da20        0x0 c:/qp/qtools/bin/../lib/gcc/mingw32/4.5.2/../../../libkernel32.a(dchds00744.o)
 .bss           0x0040da20        0x0 c:/qp/qtools/bin/../lib/gcc/mingw32/4.5.2/../../../libkernel32.a(dchdh.o)
 .bss           0x0040da20        0x0 c:/qp/qtools/bin/../lib/gcc/mingw32/4.5.2/../../../libkernel32.a(dchdt.o)
 .bss           0x0040da20        0x0 c:/qp/qtools/bin/../lib/gcc/mingw32/4.5.2/libgcc.a(_umoddi3.o)
 .bss           0x0040da20        0x0 c:/qp/qtools/bin/../lib/gcc/mingw32/4.5.2/libgcc.a(_udivdi3.o)
 .bss           0x0040da20        0x0 c:/qp/qtools/bin/../lib/gcc/mingw32/4.5.2/libgcc.a(_chkstk.o)
 .bss           0x0040da20        0x0 c:/qp/qtools/bin/../lib/gcc/mingw32/4.5.2/crtend.o
 *(COMMON)
 COMMON         0x0040da20       0x28 ../../../../ports/win32/dbg/libqp.a(qf_time.o)
                0x0040da20                QF_timeEvtHead_
 COMMON         0x0040da48        0x8 ../../../../ports/win32/dbg/libqp.a(qf_ps.o)
                0x0040da48                QF_subscrList_
                0x0040da4c                QF_maxPubSignal_
 *fill*         0x0040da50       0x10 00
 COMMON         0x0040da60       0x55 ../../../../ports/win32/dbg/libqp.a(qf_dyn.o)
                0x0040da60                QF_pool_
                0x0040dab4                QF_maxPool_
 *fill*         0x0040dab5        0xb 00
 COMMON         0x0040dac0      0x104 ../../../../ports/win32/dbg/libqp.a(qf_act.o)
                0x0040dac0                QF_active_
 COMMON         0x0040dbc4       0x10 c:/qp/qtools/bin/../lib/gcc/mingw32/4.5.2/libgcc.a(_ctors.o)
                0x0040dbd4                __bss_end__ = .

.edata
 *(.edata)

/DISCARD/
 *(.debug$S)
 *(.debug$T)
 *(.debug$F)
 *(.drectve)
 *(.note.GNU-stack)
 *(.gnu.lto_*)

.idata          0x0040e000      0xa00
 SORT(*)(.idata$2)
 .idata$2       0x0040e000       0x14 c:/qp/qtools/bin/../lib/gcc/mingw32/4.5.2/../../../libgdi32.a(dkfhh.o)
                0x0040e000                _head_libgdi32_a
 .idata$2       0x0040e014       0x14 c:/qp/qtools/bin/../lib/gcc/mingw32/4.5.2/../../../libkernel32.a(dchdh.o)
                0x0040e014                _head_libkernel32_a
 .idata$2       0x0040e028       0x14 c:/qp/qtools/bin/../lib/gcc/mingw32/4.5.2/../../../libmsvcrt.a(dcflh.o)
                0x0040e028                _head_libmsvcrt_a
 .idata$2       0x0040e03c       0x14 c:/qp/qtools/bin/../lib/gcc/mingw32/4.5.2/../../../libuser32.a(daoih.o)
                0x0040e03c                _head_libuser32_a
 SORT(*)(.idata$3)
                0x0040e050        0x4 LONG 0x0
                0x0040e054        0x4 LONG 0x0
                0x0040e058        0x4 LONG 0x0
                0x0040e05c        0x4 LONG 0x0
                0x0040e060        0x4 LONG 0x0
 SORT(*)(.idata$4)
 .idata$4       0x0040e064        0x0 c:/qp/qtools/bin/../lib/gcc/mingw32/4.5.2/../../../libgdi32.a(dkfhh.o)
 .idata$4       0x0040e064        0x4 c:/qp/qtools/bin/../lib/gcc/mingw32/4.5.2/../../../libgdi32.a(dkfhs00012.o)
 .idata$4       0x0040e068        0x4 c:/qp/qtools/bin/../lib/gcc/mingw32/4.5.2/../../../libgdi32.a(dkfhs00034.o)
 .idata$4       0x0040e06c        0x4 c:/qp/qtools/bin/../lib/gcc/mingw32/4.5.2/../../../libgdi32.a(dkfhs00039.o)
 .idata$4       0x0040e070        0x4 c:/qp/qtools/bin/../lib/gcc/mingw32/4.5.2/../../../libgdi32.a(dkfhs00068.o)
 .idata$4       0x0040e074        0x4 c:/qp/qtools/bin/../lib/gcc/mingw32/4.5.2/../../../libgdi32.a(dkfhs00070.o)
 .idata$4       0x0040e078        0x4 c:/qp/qtools/bin/../lib/gcc/mingw32/4.5.2/../../../libgdi32.a(dkfhs00073.o)
 .idata$4       0x0040e07c        0x4 c:/qp/qtools/bin/../lib/gcc/mingw32/4.5.2/../../../libgdi32.a(dkfhs00177.o)
 .idata$4       0x0040e080        0x4 c:/qp/qtools/bin/../lib/gcc/mingw32/4.5.2/../../../libgdi32.a(dkfhs00185.o)
 .idata$4       0x0040e084        0x4 c:/qp/qtools/bin/../lib/gcc/mingw32/4.5.2/../../../libgdi32.a(dkfhs00281.o)
 .idata$4       0x0040e088        0x4 c:/qp/qtools/bin/../lib/gcc/mingw32/4.5.2/../../../libgdi32.a(dkfhs00306.o)
 .idata$4       0x0040e08c        0x4 c:/qp/qtools/bin/../lib/gcc/mingw32/4.5.2/../../../libgdi32.a(dkfhs00334.o)
 .idata$4       0x0040e090        0x4 c:/qp/qtools/bin/../lib/gcc/mingw32/4.5.2/../../../libgdi32.a(dkfht.o)
 .idata$4       0x0040e094        0x0 c:/qp/qtools/bin/../lib/gcc/mingw32/4.5.2/../../../libkernel32.a(dchdh.o)
 .idata$4       0x0040e094        0x4 c:/qp/qtools/bin/../lib/gcc/mingw32/4.5.2/../../../libkernel32.a(dchds00082.o)
 .idata$4       0x0040e098        0x4 c:/qp/qtools/bin/../lib/gcc/mingw32/4.5.2/../../../libkernel32.a(dchds00129.o)
 .idata$4       0x0040e09c        0x4 c:/qp/qtools/bin/../lib/gcc/mingw32/4.5.2/../../../libkernel32.a(dchds00179.o)
 .idata$4       0x0040e0a0        0x4 c:/qp/qtools/bin/../lib/gcc/mingw32/4.5.2/../../../libkernel32.a(dchds00207.o)
 .idata$4       0x0040e0a4        0x4 c:/qp/qtools/bin/../lib/gcc/mingw32/4.5.2/../../../libkernel32.a(dchds00236.o)
 .idata$4       0x0040e0a8        0x4 c:/qp/qtools/bin/../lib/gcc/mingw32/4.5.2/../../../libkernel32.a(dchds00279.o)
 .idata$4       0x0040e0ac        0x4 c:/qp/qtools/bin/../lib/gcc/mingw32/4.5.2/../../../libkernel32.a(dchds00388.o)
 .idata$4       0x0040e0b0        0x4 c:/qp/qtools/bin/../lib/gcc/mingw32/4.5.2/../../../libkernel32.a(dchds00450.o)
 .idata$4       0x0040e0b4        0x4 c:/qp/qtools/bin/../lib/gcc/mingw32/4.5.2/../../../libkernel32.a(dchds00510.o)
 .idata$4       0x0040e0b8        0x4 c:/qp/qtools/bin/../lib/gcc/mingw32/4.5.2/../../../libkernel32.a(dchds00529.o)
 .idata$4       0x0040e0bc        0x4 c:/qp/qtools/bin/../lib/gcc/mingw32/4.5.2/../../../libkernel32.a(dchds00577.o)
 .idata$4       0x0040e0c0        0x4 c:/qp/qtools/bin/../lib/gcc/mingw32/4.5.2/../../../libkernel32.a(dchds00606.o)
 .idata$4       0x0040e0c4        0x4 c:/qp/qtools/bin/../lib/gcc/mingw32/4.5.2/../../../libkernel32.a(dchds00734.o)
 .idata$4       0x0040e0c8        0x4 c:/qp/qtools/bin/../lib/gcc/mingw32/4.5.2/../../../libkernel32.a(dchds00744.o)
 .idata$4       0x0040e0cc        0x4 c:/qp/qtools/bin/../lib/gcc/mingw32/4.5.2/../../../libkernel32.a(dchds00763.o)
 .idata$4       0x0040e0d0        0x4 c:/qp/qtools/bin/../lib/gcc/mingw32/4.5.2/../../../libkernel32.a(dchds00814.o)
 .idata$4       0x0040e0d4        0x4 c:/qp/qtools/bin/../lib/gcc/mingw32/4.5.2/../../../libkernel32.a(dchds00860.o)
 .idata$4       0x0040e0d8        0x4 c:/qp/qtools/bin/../lib/gcc/mingw32/4.5.2/../../../libkernel32.a(dchds00892.o)
 .idata$4       0x0040e0dc        0x4 c:/qp/qtools/bin/../lib/gcc/mingw32/4.5.2/../../../libkernel32.a(dchds01065.o)
 .idata$4       0x0040e0e0        0x4 c:/qp/qtools/bin/../lib/gcc/mingw32/4.5.2/../../../libkernel32.a(dchds01129.o)
 .idata$4       0x0040e0e4        0x4 c:/qp/qtools/bin/../lib/gcc/mingw32/4.5.2/../../../libkernel32.a(dchds01140.o)
 .idata$4       0x0040e0e8        0x4 c:/qp/qtools/bin/../lib/gcc/mingw32/4.5.2/../../../libkernel32.a(dchds01152.o)
 .idata$4       0x0040e0ec        0x4 c:/qp/qtools/bin/../lib/gcc/mingw32/4.5.2/../../../libkernel32.a(dchds01173.o)
 .idata$4       0x0040e0f0        0x4 c:/qp/qtools/bin/../lib/gcc/mingw32/4.5.2/../../../libkernel32.a(dchds01213.o)
 .idata$4       0x0040e0f4        0x4 c:/qp/qtools/bin/../lib/gcc/mingw32/4.5.2/../../../libkernel32.a(dchds01215.o)
 .idata$4       0x0040e0f8        0x4 c:/qp/qtools/bin/../lib/gcc/mingw32/4.5.2/../../../libkernel32.a(dchds01223.o)
 .idata$4       0x0040e0fc        0x4 c:/qp/qtools/bin/../lib/gcc/mingw32/4.5.2/../../../libkernel32.a(dchds01247.o)
 .idata$4       0x0040e100        0x4 c:/qp/qtools/bin/../lib/gcc/mingw32/4.5.2/../../../libkernel32.a(dchdt.o)
 .idata$4       0x0040e104        0x0 c:/qp/qtools/bin/../lib/gcc/mingw32/4.5.2/../../../libmsvcrt.a(dcflh.o)
 .idata$4       0x0040e104        0x4 c:/qp/qtools/bin/../lib/gcc/mingw32/4.5.2/../../../libmsvcrt.a(dcfls00055.o)
 .idata$4       0x0040e108        0x4 c:/qp/qtools/bin/../lib/gcc/mingw32/4.5.2/../../../libmsvcrt.a(dcfls00065.o)
 .idata$4       0x0040e10c        0x4 c:/qp/qtools/bin/../lib/gcc/mingw32/4.5.2/../../../libmsvcrt.a(dcfls00077.o)
 .idata$4       0x0040e110        0x4 c:/qp/qtools/bin/../lib/gcc/mingw32/4.5.2/../../../libmsvcrt.a(dcfls00079.o)
 .idata$4       0x0040e114        0x4 c:/qp/qtools/bin/../lib/gcc/mingw32/4.5.2/../../../libmsvcrt.a(dcfls00099.o)
 .idata$4       0x0040e118        0x4 c:/qp/qtools/bin/../lib/gcc/mingw32/4.5.2/../../../libmsvcrt.a(dcfls00147.o)
 .idata$4       0x0040e11c        0x4 c:/qp/qtools/bin/../lib/gcc/mingw32/4.5.2/../../../libmsvcrt.a(dcfls00182.o)
 .idata$4       0x0040e120        0x4 c:/qp/qtools/bin/../lib/gcc/mingw32/4.5.2/../../../libmsvcrt.a(dcfls00266.o)
 .idata$4       0x0040e124        0x4 c:/qp/qtools/bin/../lib/gcc/mingw32/4.5.2/../../../libmsvcrt.a(dcfls00383.o)
 .idata$4       0x0040e128        0x4 c:/qp/qtools/bin/../lib/gcc/mingw32/4.5.2/../../../libmsvcrt.a(dcfls00426.o)
 .idata$4       0x0040e12c        0x4 c:/qp/qtools/bin/../lib/gcc/mingw32/4.5.2/../../../libmsvcrt.a(dcfls00583.o)
 .idata$4       0x0040e130        0x4 c:/qp/qtools/bin/../lib/gcc/mingw32/4.5.2/../../../libmsvcrt.a(dcfls00590.o)
 .idata$4       0x0040e134        0x4 c:/qp/qtools/bin/../lib/gcc/mingw32/4.5.2/../../../libmsvcrt.a(dcfls00592.o)
 .idata$4       0x0040e138        0x4 c:/qp/qtools/bin/../lib/gcc/mingw32/4.5.2/../../../libmsvcrt.a(dcfls00595.o)
 .idata$4       0x0040e13c        0x4 c:/qp/qtools/bin/../lib/gcc/mingw32/4.5.2/../../../libmsvcrt.a(dcfls00620.o)
 .idata$4       0x0040e140        0x4 c:/qp/qtools/bin/../lib/gcc/mingw32/4.5.2/../../../libmsvcrt.a(dcfls00625.o)
 .idata$4       0x0040e144        0x4 c:/qp/qtools/bin/../lib/gcc/mingw32/4.5.2/../../../libmsvcrt.a(dcfls00633.o)
 .idata$4       0x0040e148        0x4 c:/qp/qtools/bin/../lib/gcc/mingw32/4.5.2/../../../libmsvcrt.a(dcfls00637.o)
 .idata$4       0x0040e14c        0x4 c:/qp/qtools/bin/../lib/gcc/mingw32/4.5.2/../../../libmsvcrt.a(dcfls00671.o)
 .idata$4       0x0040e150        0x4 c:/qp/qtools/bin/../lib/gcc/mingw32/4.5.2/../../../libmsvcrt.a(dcfls00676.o)
 .idata$4       0x0040e154        0x4 c:/qp/qtools/bin/../lib/gcc/mingw32/4.5.2/../../../libmsvcrt.a(dcfls00704.o)
 .idata$4       0x0040e158        0x4 c:/qp/qtools/bin/../lib/gcc/mingw32/4.5.2/../../../libmsvcrt.a(dcfls00706.o)
 .idata$4       0x0040e15c        0x4 c:/qp/qtools/bin/../lib/gcc/mingw32/4.5.2/../../../libmsvcrt.a(dcfls00714.o)
 .idata$4       0x0040e160        0x4 c:/qp/qtools/bin/../lib/gcc/mingw32/4.5.2/../../../libmsvcrt.a(dcfls00748.o)
 .idata$4       0x0040e164        0x4 c:/qp/qtools/bin/../lib/gcc/mingw32/4.5.2/../../../libmsvcrt.a(dcfls00761.o)
 .idata$4       0x0040e168        0x4 c:/qp/qtools/bin/../lib/gcc/mingw32/4.5.2/../../../libmsvcrt.a(dcflt.o)
 .idata$4       0x0040e16c        0x0 c:/qp/qtools/bin/../lib/gcc/mingw32/4.5.2/../../../libuser32.a(daoih.o)
 .idata$4       0x0040e16c        0x4 c:/qp/qtools/bin/../lib/gcc/mingw32/4.5.2/../../../libuser32.a(daois00080.o)
 .idata$4       0x0040e170        0x4 c:/qp/qtools/bin/../lib/gcc/mingw32/4.5.2/../../../libuser32.a(daois00134.o)
 .idata$4       0x0040e174        0x4 c:/qp/qtools/bin/../lib/gcc/mingw32/4.5.2/../../../libuser32.a(daois00149.o)
 .idata$4       0x0040e178        0x4 c:/qp/qtools/bin/../lib/gcc/mingw32/4.5.2/../../../libuser32.a(daois00182.o)
 .idata$4       0x0040e17c        0x4 c:/qp/qtools/bin/../lib/gcc/mingw32/4.5.2/../../../libuser32.a(daois00248.o)
 .idata$4       0x0040e180        0x4 c:/qp/qtools/bin/../lib/gcc/mingw32/4.5.2/../../../libuser32.a(daois00253.o)
 .idata$4       0x0040e184        0x4 c:/qp/qtools/bin/../lib/gcc/mingw32/4.5.2/../../../libuser32.a(daois00293.o)
 .idata$4       0x0040e188        0x4 c:/qp/qtools/bin/../lib/gcc/mingw32/4.5.2/../../../libuser32.a(daois00348.o)
 .idata$4       0x0040e18c        0x4 c:/qp/qtools/bin/../lib/gcc/mingw32/4.5.2/../../../libuser32.a(daois00403.o)
 .idata$4       0x0040e190        0x4 c:/qp/qtools/bin/../lib/gcc/mingw32/4.5.2/../../../libuser32.a(daois00405.o)
 .idata$4       0x0040e194        0x4 c:/qp/qtools/bin/../lib/gcc/mingw32/4.5.2/../../../libuser32.a(daois00419.o)
 .idata$4       0x0040e198        0x4 c:/qp/qtools/bin/../lib/gcc/mingw32/4.5.2/../../../libuser32.a(daois00434.o)
 .idata$4       0x0040e19c        0x4 c:/qp/qtools/bin/../lib/gcc/mingw32/4.5.2/../../../libuser32.a(daois00468.o)
 .idata$4       0x0040e1a0        0x4 c:/qp/qtools/bin/../lib/gcc/mingw32/4.5.2/../../../libuser32.a(daois00480.o)
 .idata$4       0x0040e1a4        0x4 c:/qp/qtools/bin/../lib/gcc/mingw32/4.5.2/../../../libuser32.a(daois00508.o)
 .idata$4       0x0040e1a8        0x4 c:/qp/qtools/bin/../lib/gcc/mingw32/4.5.2/../../../libuser32.a(daois00520.o)
 .idata$4       0x0040e1ac        0x4 c:/qp/qtools/bin/../lib/gcc/mingw32/4.5.2/../../../libuser32.a(daois00530.o)
 .idata$4       0x0040e1b0        0x4 c:/qp/qtools/bin/../lib/gcc/mingw32/4.5.2/../../../libuser32.a(daois00533.o)
 .idata$4       0x0040e1b4        0x4 c:/qp/qtools/bin/../lib/gcc/mingw32/4.5.2/../../../libuser32.a(daois00585.o)
 .idata$4       0x0040e1b8        0x4 c:/qp/qtools/bin/../lib/gcc/mingw32/4.5.2/../../../libuser32.a(daois00608.o)
 .idata$4       0x0040e1bc        0x4 c:/qp/qtools/bin/../lib/gcc/mingw32/4.5.2/../../../libuser32.a(daoit.o)
                0x0040e1c0                __IAT_start__ = .
 SORT(*)(.idata$5)
 .idata$5       0x0040e1c0        0x0 c:/qp/qtools/bin/../lib/gcc/mingw32/4.5.2/../../../libgdi32.a(dkfhh.o)
 .idata$5       0x0040e1c0        0x4 c:/qp/qtools/bin/../lib/gcc/mingw32/4.5.2/../../../libgdi32.a(dkfhs00012.o)
                0x0040e1c0                _imp__BitBlt@36
 .idata$5       0x0040e1c4        0x4 c:/qp/qtools/bin/../lib/gcc/mingw32/4.5.2/../../../libgdi32.a(dkfhs00034.o)
                0x0040e1c4                _imp__CreateCompatibleDC@4
 .idata$5       0x0040e1c8        0x4 c:/qp/qtools/bin/../lib/gcc/mingw32/4.5.2/../../../libgdi32.a(dkfhs00039.o)
                0x0040e1c8                _imp__CreateDIBSection@24
 .idata$5       0x0040e1cc        0x4 c:/qp/qtools/bin/../lib/gcc/mingw32/4.5.2/../../../libgdi32.a(dkfhs00068.o)
                0x0040e1cc                _imp__DPtoLP@12
 .idata$5       0x0040e1d0        0x4 c:/qp/qtools/bin/../lib/gcc/mingw32/4.5.2/../../../libgdi32.a(dkfhs00070.o)
                0x0040e1d0                _imp__DeleteDC@4
 .idata$5       0x0040e1d4        0x4 c:/qp/qtools/bin/../lib/gcc/mingw32/4.5.2/../../../libgdi32.a(dkfhs00073.o)
                0x0040e1d4                _imp__DeleteObject@4
 .idata$5       0x0040e1d8        0x4 c:/qp/qtools/bin/../lib/gcc/mingw32/4.5.2/../../../libgdi32.a(dkfhs00177.o)
                0x0040e1d8                _imp__GetMapMode@4
 .idata$5       0x0040e1dc        0x4 c:/qp/qtools/bin/../lib/gcc/mingw32/4.5.2/../../../libgdi32.a(dkfhs00185.o)
                0x0040e1dc                _imp__GetObjectA@12
 .idata$5       0x0040e1e0        0x4 c:/qp/qtools/bin/../lib/gcc/mingw32/4.5.2/../../../libgdi32.a(dkfhs00281.o)
                0x0040e1e0                _imp__SelectObject@8
 .idata$5       0x0040e1e4        0x4 c:/qp/qtools/bin/../lib/gcc/mingw32/4.5.2/../../../libgdi32.a(dkfhs00306.o)
                0x0040e1e4                _imp__SetMapMode@8
 .idata$5       0x0040e1e8        0x4 c:/qp/qtools/bin/../lib/gcc/mingw32/4.5.2/../../../libgdi32.a(dkfhs00334.o)
                0x0040e1e8                _imp__StretchBlt@44
 .idata$5       0x0040e1ec        0x4 c:/qp/qtools/bin/../lib/gcc/mingw32/4.5.2/../../../libgdi32.a(dkfht.o)
 .idata$5       0x0040e1f0        0x0 c:/qp/qtools/bin/../lib/gcc/mingw32/4.5.2/../../../libkernel32.a(dchdh.o)
 .idata$5       0x0040e1f0        0x4 c:/qp/qtools/bin/../lib/gcc/mingw32/4.5.2/../../../libkernel32.a(dchds00082.o)
                0x0040e1f0                _imp__CloseHandle@4
 .idata$5       0x0040e1f4        0x4 c:/qp/qtools/bin/../lib/gcc/mingw32/4.5.2/../../../libkernel32.a(dchds00129.o)
                0x0040e1f4                _imp__CreateEventA@16
 .idata$5       0x0040e1f8        0x4 c:/qp/qtools/bin/../lib/gcc/mingw32/4.5.2/../../../libkernel32.a(dchds00179.o)
                0x0040e1f8                _imp__CreateThread@24
 .idata$5       0x0040e1fc        0x4 c:/qp/qtools/bin/../lib/gcc/mingw32/4.5.2/../../../libkernel32.a(dchds00207.o)
                0x0040e1fc                _imp__DeleteCriticalSection@4
 .idata$5       0x0040e200        0x4 c:/qp/qtools/bin/../lib/gcc/mingw32/4.5.2/../../../libkernel32.a(dchds00236.o)
                0x0040e200                _imp__EnterCriticalSection@4
 .idata$5       0x0040e204        0x4 c:/qp/qtools/bin/../lib/gcc/mingw32/4.5.2/../../../libkernel32.a(dchds00279.o)
                0x0040e204                _imp__ExitProcess@4
 .idata$5       0x0040e208        0x4 c:/qp/qtools/bin/../lib/gcc/mingw32/4.5.2/../../../libkernel32.a(dchds00388.o)
                0x0040e208                _imp__GetCommandLineA@0
 .idata$5       0x0040e20c        0x4 c:/qp/qtools/bin/../lib/gcc/mingw32/4.5.2/../../../libkernel32.a(dchds00450.o)
                0x0040e20c                _imp__GetCurrentThread@0
 .idata$5       0x0040e210        0x4 c:/qp/qtools/bin/../lib/gcc/mingw32/4.5.2/../../../libkernel32.a(dchds00510.o)
                0x0040e210                _imp__GetLastError@0
 .idata$5       0x0040e214        0x4 c:/qp/qtools/bin/../lib/gcc/mingw32/4.5.2/../../../libkernel32.a(dchds00529.o)
                0x0040e214                _imp__GetModuleHandleA@4
 .idata$5       0x0040e218        0x4 c:/qp/qtools/bin/../lib/gcc/mingw32/4.5.2/../../../libkernel32.a(dchds00577.o)
                0x0040e218                _imp__GetProcAddress@8
 .idata$5       0x0040e21c        0x4 c:/qp/qtools/bin/../lib/gcc/mingw32/4.5.2/../../../libkernel32.a(dchds00606.o)
                0x0040e21c                _imp__GetStartupInfoA@4
 .idata$5       0x0040e220        0x4 c:/qp/qtools/bin/../lib/gcc/mingw32/4.5.2/../../../libkernel32.a(dchds00734.o)
                0x0040e220                _imp__InitializeCriticalSection@4
 .idata$5       0x0040e224        0x4 c:/qp/qtools/bin/../lib/gcc/mingw32/4.5.2/../../../libkernel32.a(dchds00744.o)
                0x0040e224                _imp__InterlockedExchange@8
 .idata$5       0x0040e228        0x4 c:/qp/qtools/bin/../lib/gcc/mingw32/4.5.2/../../../libkernel32.a(dchds00763.o)
                0x0040e228                _imp__IsDBCSLeadByteEx@8
 .idata$5       0x0040e22c        0x4 c:/qp/qtools/bin/../lib/gcc/mingw32/4.5.2/../../../libkernel32.a(dchds00814.o)
                0x0040e22c                _imp__LeaveCriticalSection@4
 .idata$5       0x0040e230        0x4 c:/qp/qtools/bin/../lib/gcc/mingw32/4.5.2/../../../libkernel32.a(dchds00860.o)
                0x0040e230                _imp__MultiByteToWideChar@24
 .idata$5       0x0040e234        0x4 c:/qp/qtools/bin/../lib/gcc/mingw32/4.5.2/../../../libkernel32.a(dchds00892.o)
                0x0040e234                _imp__OutputDebugStringA@4